      coord: [ -73.976112, 40.786714 ],
      street: 'Amsterdam Avenue',
      zipcode: '10024'
    },
    isDocActive: false,
    gender: 'male',
    canVote: true,
    canDrive: true,
    color: [ 'Orange' ],
    fruit: [],
    cards: [
      { aadhar: { 'aadhar-No': '77787', isActive: true } },
      { PAN: { 'PAN-No': 'Kinj093', isActive: false } },
      { voter: { voterID: 'Ind03o3', isActive: true } },
      {
        licence: {
          'licence-No': 'LMV9478',
          issueDate: '2020-01-01',
          expireDate: '2040-01-01',
          isActive: true
        }
      }
    ],
    job: 'administrator',
    mgr: 1029,
    hiredate: ISODate("1981-11-03T00:00:00.000Z"),
    sal: 3500,
    comm: null,
    deptno: 50,
    phone: [ '9850884228', '9822884228' ]
  },
  {
    _id: ObjectId("67d27818893a488152e4d684"),
    empid: 1050,
    ename: 'amol',
    address: {
      building: '1006',
      coord: [ -73.84856870000002, 40.8903781 ],
      street: 'East 233 Street',
      zipcode: '10466'
    },
    isDocActive: false,
    gender: 'male',
    canVote: true,
    canDrive: true,
    color: [ 'Snow White' ],
    fruit: [ 'Orange' ],
    cards: [
      { aadhar: { 'aadhar-No': '44445', isActive: true } },
      { PAN: { 'PAN-No': 'Kinj093', isActive: false } },
      { voter: { voterID: 'Ind03o3', isActive: true } },
      {
        licence: {
          'licence-No': 'LMV9478',
          issueDate: '2020-01-01',
          expireDate: '2040-01-01',
          isActive: true
        }
      }
    ],
    job: 'auditor',
    mgr: 1047,
    hiredate: ISODate("1984-05-06T00:00:00.000Z"),
    sal: 3800,
    comm: null,
    hra: 1000,
    da: 900,
    deptno: 20
  },
  {
    _id: ObjectId("67d27818893a488152e4d686"),
    empid: 1043,
    ename: 'dinesh',
    address: {
      building: '730',
      coord: [ -73.96805719999999, 40.7925587 ],
      street: 'Columbus Avenue',
      zipcode: '10025'
    },
    isDocActive: false,
    gender: 'male',
    canVote: true,
    canDrive: true,
    color: [ 'Navy Blue' ],
    fruit: [],
    cards: [
      { aadhar: { 'aadhar-No': '77789', isActive: true } },
      { PAN: { 'PAN-No': 'Kinj093', isActive: false } },
      { voter: { voterID: 'Ind03o3', isActive: true } },
      {
        licence: {
          'licence-No': 'LMV9478',
          issueDate: '2020-01-01',
          expireDate: '2040-01-01',
          isActive: true
        }
      }
    ],
    job: 'programmer',
    mgr: 1021,
    hiredate: ISODate("1981-11-04T00:00:00.000Z"),
    sal: 3500,
    comm: null,
    deptno: 50,
    phone: [ '020-25420200', Long("9822336644") ],
    skills: { languages: [ 'C++', 'JAVA' ], web: [ 'php', 'java', 'jquery' ] }
  },
  {
    _id: ObjectId("67d27818893a488152e4d687"),
    empid: 1021,
    ename: 'smith',
    address: {
      building: '469',
      coord: [ -73.961704, 40.662942 ],
      street: 'Flatbush Avenue',
      zipcode: '11225'
    },
    isDocActive: false,
    gender: 'male',
    canVote: true,
    canDrive: true,
    color: [ 'red', 'cyan', 'gray' ],
    fruit: [ 'grapes', 'Orange' ],
    cards: [
      {
        licence: {
          'licence-No': 'LMV9478',
          issueDate: '2020-01-01',
          expireDate: '2040-01-01',
          isActive: true
        }
      },
      { PAN: { 'PAN-No': 'smh838', isActive: false } },
      { voter: { voterID: 'Ind03o3', isActive: true } },
      { aadhar: { 'aadhar-No': '43564', isActive: true } }
    ],
    job: 'manager',
    mgr: 1020,
    hiredate: ISODate("1981-05-01T00:00:00.000Z"),
    sal: 3400,
    comm: null,
    deptno: 10
  },
  {
    _id: ObjectId("67d27818893a488152e4d688"),
    empid: 1032,
    ename: 'vrushali',
    address: {
      building: '1',
      coord: [ -73.96926909999999, 40.7685235 ],
      street: 'East   66 Street',
      zipcode: '10065'
    },
    isDocActive: true,
    gender: 'female',
    canVote: true,
    canDrive: true,
    color: [ 'Iceberg' ],
    fruit: [ 'Orange', 'Papaya', 'Kiwi' ],
    cards: [
      { aadhar: { 'aadhar-No': '22343', isActive: true } },
      { PAN: { 'PAN-No': 'Kinj093', isActive: false } },
      { voter: { voterID: 'Ind03o3', isActive: true } },
      {
        licence: {
          'licence-No': 'LMV9478',
          issueDate: '2020-01-01',
          expireDate: '2040-01-01',
          isActive: true
        }
      }
    ],
    job: 'analyst',
    mgr: 1030,
    hiredate: ISODate("1982-02-23T00:00:00.000Z"),
    sal: 4999,
    comm: null,
    deptno: 20
  },
  {
    _id: ObjectId("67d27818893a488152e4d68b"),
    empid: 1051,
    ename: 'sangita',
    address: {
      building: '56',
      coord: [ -73.991495, 40.692273 ],
      street: 'Court Street',
      zipcode: '11201'
    },
    isDocActive: false,
    gender: 'female',
    canVote: true,
    canDrive: true,
    color: [ 'White' ],
    fruit: [ 'Papaya' ],
    cards: [
      { aadhar: { 'aadhar-No': '99983', isActive: true } },
      { PAN: { 'PAN-No': 'Kinj093', isActive: false } },
      { voter: { voterID: 'Ind03o3', isActive: true } },
      {
        licence: {
          'licence-No': 'LMV9478',
          issueDate: '2020-01-01',
          expireDate: '2040-01-01',
          isActive: true
        }
      }
    ],
    job: 'auditor',
    mgr: 1040,
    hiredate: ISODate("1984-03-30T00:00:00.000Z"),
    sal: 3100,
    comm: null,
    hra: 1000,
    da: 1500,
    deptno: 20
  },
  {
    _id: ObjectId("67d27818893a488152e4d68c"),
    empid: 1045,
    ename: 'pankaj',
    address: {
      building: '531',
      coord: [ -73.9634876, 40.6940001 ],
      street: 'Myrtle Avenue',
      zipcode: '11205'
    },
    isDocActive: false,
    gender: 'male',
    canVote: true,
    canDrive: true,
    color: [ 'White' ],
    fruit: [ 'Peach' ],
    cards: [
      { aadhar: { 'aadhar-No': '55565', isActive: true } },
      { PAN: { 'PAN-No': 'Kinj093', isActive: false } },
      { voter: { voterID: 'Ind03o3', isActive: true } },
      {
        licence: {
          'licence-No': 'LMV9478',
          issueDate: '2020-01-01',
          expireDate: '2040-01-01',
          isActive: true
        }
      }
    ],
    job: 'programmer',
    mgr: 1023,
    hiredate: ISODate("1980-02-17T00:00:00.000Z"),
    sal: 3600,
    comm: null,
    deptno: 40,
    phone: '022-2548345',
    skills: { language: '.NET', database: 'ms-sql server' }
  },
  {
    _id: ObjectId("67d27818893a488152e4d68e"),
    empid: 1049,
    ename: 'arjun',
    address: {
      building: '107',
      coord: [ -74.00920839999999, 40.7132925 ],
      street: 'Church Street',
      zipcode: '10007'
    },
    isDocActive: true,
    gender: 'male',
    canVote: true,
    canDrive: true,
    color: [ 'Sky Blue', 'Navy Blue', 'Blue' ],
    fruit: [ 'Lychee' ],
    cards: [
      { aadhar: { 'aadhar-No': '55434', isActive: true } },
      { PAN: { 'PAN-No': 'Kinj093', isActive: false } },
      { voter: { voterID: 'Ind03o3', isActive: true } },
      {
        licence: {
          'licence-No': 'LMV9478',
          issueDate: '2020-01-01',
          expireDate: '2040-01-01',
          isActive: true
        }
      }
    ],
    job: 'auditor',
    mgr: 1020,
    hiredate: ISODate("1984-05-05T00:00:00.000Z"),
    sal: 3200,
    comm: null,
    hra: 1500,
    da: 1200,
    deptno: 20
  },
  {
    _id: ObjectId("67d27818893a488152e4d690"),
    empid: 2002,
    ename: 'priti',
    address: {
      building: '625',
      coord: [ -73.990494, 40.7569545 ],
      street: '8 Avenue',
      zipcode: '10018'
    },
    isDocActive: false,
    gender: 'female',
    canVote: true,
    canDrive: true,
    color: [ 'Violet' ],
    fruit: [],
    cards: [
      { aadhar: { 'aadhar-No': '55565', isActive: true } },
      { PAN: { 'PAN-No': 'Kinj093', isActive: false } },
      { voter: { voterID: 'Ind03o3', isActive: true } },
      {
        licence: {
          'licence-No': 'LMV9478',
          issueDate: '2020-01-01',
          expireDate: '2040-01-01',
          isActive: true
        }
      }
    ],
    job: 'Computer Programmer',
    mgr: 1037,
    hiredate: ISODate("1983-07-17T00:00:00.000Z"),
    sal: 5500,
    comm: null,
    deptno: 20
  },
  {
    _id: ObjectId("67d27818893a488152e4d691"),
    empid: 2003,
    ename: 'supriya',
    address: {
      building: '1069',
      coord: [ -73.902463, 40.694924 ],
      street: 'Wyckoff Avenue',
      zipcode: '11385'
    },
    isDocActive: true,
    gender: 'female',
    canVote: true,
    canDrive: true,
    color: [ 'Snow White' ],
    fruit: [],
    cards: [
      { aadhar: { 'aadhar-No': '33343', isActive: true } },
      { PAN: { 'PAN-No': 'Kinj093', isActive: false } },
      { voter: { voterID: 'Ind03o3', isActive: true } },
      {
        licence: {
          'licence-No': 'LMV9478',
          issueDate: '2020-01-01',
          expireDate: '2040-01-01',
          isActive: true
        }
      }
    ],
    job: 'Computer Programmer',
    mgr: 2001,
    hiredate: ISODate("1983-07-17T00:00:00.000Z"),
    sal: 3500,
    comm: null,
    deptno: 30
  },
  {
    _id: ObjectId("67d27818893a488152e4d692"),
    empid: 1020,
    ename: 'king',
    address: {
      building: '1007',
      coord: [ -73.856077, 40.848447 ],
      street: 'Morris Park Ave',
      zipcode: '10462'
    },
    isDocActive: false,
    gender: 'male',
    canVote: true,
    canDrive: true,
    color: [ 'blue', 'black' ],
    fruit: [],
    cards: [
      { aadhar: { 'aadhar-No': '93478', isActive: true } },
      { PAN: { 'PAN-No': 'Kinj093', isActive: false } },
      { voter: { voterID: 'Ind03o3', isActive: true } },
      {
        licence: {
          'licence-No': 'LMV9478',
          issueDate: '2020-01-01',
          expireDate: '2040-01-01',
          isActive: true
        }
      }
    ],
    job: 'president',
    mgr: null,
    hiredate: ISODate("1981-11-17T00:00:00.000Z"),
    sal: 5000,
    comm: null,
    deptno: 10
  },
  {
    _id: ObjectId("67d27818893a488152e4d693"),
    empid: 2001,
    ename: 'pinky',
    address: {
      building: '1236',
      coord: [ -73.8893654, 40.81376179999999 ],
      street: '238 Spofford Ave',
      zipcode: '10474'
    },
    isDocActive: true,
    gender: 'female',
    canVote: true,
    canDrive: true,
    color: [ 'India Green' ],
    fruit: [ 'banana', 'Jackfruit' ],
    cards: [
      { aadhar: { 'aadhar-No': '33434', isActive: true } },
      { PAN: { 'PAN-No': 'Kinj093', isActive: false } },
      { voter: { voterID: 'Ind03o3', isActive: true } },
      {
        licence: {
          'licence-No': 'LMV9478',
          issueDate: '2020-01-01',
          expireDate: '2040-01-01',
          isActive: true
        }
      }
    ],
    job: 'Computer Programmer',
    mgr: 1039,
    hiredate: ISODate("1983-07-17T00:00:00.000Z"),
    sal: 3500,
    comm: null,
    deptno: 10
  }
]
Type "it" for more
Enterprise db1> db.emp.find({sal: {$gt:3000}}, {_id:0, ename:1,job:1,sal:1})
[
  { ename: 'bob', job: 'manager', sal: 4900 },
  { ename: 'peter', job: 'analyst', sal: 3500 },
  { ename: 'saleel', job: 'analyst', sal: 3700 },
  { ename: 'raju', job: 'administrator', sal: 3400 },
  { ename: 'amit', job: 'administrator', sal: 3500 },
  { ename: 'neel', job: 'administrator', sal: 4200 },
  { ename: 'dinesh', job: 'programmer', sal: 3500 },
  { ename: 'james', job: 'manager', sal: 4700 },
  { ename: 'amit', job: 'administrator', sal: 3500 },
  { ename: 'amol', job: 'auditor', sal: 3800 },
  { ename: 'dinesh', job: 'programmer', sal: 3500 },
  { ename: 'smith', job: 'manager', sal: 3400 },
  { ename: 'vrushali', job: 'analyst', sal: 4999 },
  { ename: 'sangita', job: 'auditor', sal: 3100 },
  { ename: 'pankaj', job: 'programmer', sal: 3600 },
  { ename: 'arjun', job: 'auditor', sal: 3200 },
  { ename: 'priti', job: 'Computer Programmer', sal: 5500 },
  { ename: 'supriya', job: 'Computer Programmer', sal: 3500 },
  { ename: 'king', job: 'president', sal: 5000 },
  { ename: 'pinky', job: 'Computer Programmer', sal: 3500 }
]
Type "it" for more
Enterprise db1> db.emp.find({sal: {$gt:7000}}, {_id:0, ename:1,job:1,sal:1})
[
  { ename: 'Olivia', job: 'WEB Programmer', sal: 9000 },
  { ename: 'Emma', job: 'WEB Programmer', sal: 7700 },
  { ename: 'neeraj', job: 'salesman', sal: 7700 },
  { ename: 'Mia', job: 'WEB Programmer', sal: 9500 },
  { ename: 'Emily', job: 'WEB Programmer', sal: 7600 }
]
Enterprise db1> db.emp.find({sal: {$gt:7000}}, {_id:0, ename:1,job:1,sal:1}).limit(1);
[ { ename: 'Olivia', job: 'WEB Programmer', sal: 9000 } ]
Enterprise db1> db.emp.find({sal: {$gt:7000}}, {_id:0, ename:1,job:1,sal:1}).skip(2).limit(1);

[ { ename: 'neeraj', job: 'salesman', sal: 7700 } ]
Enterprise db1> db.emp.find({sal: {$gt:7000}}, {_id:0, ename:1,job:1,sal:1})
[
  { ename: 'Olivia', job: 'WEB Programmer', sal: 9000 },
  { ename: 'Emma', job: 'WEB Programmer', sal: 7700 },
  { ename: 'neeraj', job: 'salesman', sal: 7700 },
  { ename: 'Mia', job: 'WEB Programmer', sal: 9500 },
  { ename: 'Emily', job: 'WEB Programmer', sal: 7600 }
]
Enterprise db1> db.emp.find({sal: {$gt:7000}}, {_id:0, ename:1,job:1,sal:1}).sort(sal:1)
Uncaught:
SyntaxError: Unexpected token, expected "," (1:69)

> 1 | db.emp.find({sal: {$gt:7000}}, {_id:0, ename:1,job:1,sal:1}).sort(sal:1)
    |                                                                      ^
  2 |

Enterprise db1> db.emp.find({sal: {$gt:7000}}, {_id:0, ename:1,job:1,sal:1}).sort({sal:1})
[
  { ename: 'Emily', job: 'WEB Programmer', sal: 7600 },
  { ename: 'Emma', job: 'WEB Programmer', sal: 7700 },
  { ename: 'neeraj', job: 'salesman', sal: 7700 },
  { ename: 'Olivia', job: 'WEB Programmer', sal: 9000 },
  { ename: 'Mia', job: 'WEB Programmer', sal: 9500 }
]
Enterprise db1> db.emp.find({sal: {$gt:7000}}, {_id:0, ename:1,job:1,sal:1}).sort({sal:-1})
[
  { ename: 'Mia', job: 'WEB Programmer', sal: 9500 },
  { ename: 'Olivia', job: 'WEB Programmer', sal: 9000 },
  { ename: 'Emma', job: 'WEB Programmer', sal: 7700 },
  { ename: 'neeraj', job: 'salesman', sal: 7700 },
  { ename: 'Emily', job: 'WEB Programmer', sal: 7600 }
]
Enterprise db1> db.emp.find({sal: {$gt:7000}}, {_id:0, ename:1,job:1,sal:1}).sort({sal:-1, ename:1})
[
  { ename: 'Mia', job: 'WEB Programmer', sal: 9500 },
  { ename: 'Olivia', job: 'WEB Programmer', sal: 9000 },
  { ename: 'Emma', job: 'WEB Programmer', sal: 7700 },
  { ename: 'neeraj', job: 'salesman', sal: 7700 },
  { ename: 'Emily', job: 'WEB Programmer', sal: 7600 }
]
Enterprise db1> db.emp.find({sal: {$gt:7000}}, {_id:0, ename:1,job:1,sal:1}).sort({sal:-1, ename:-1})
[
  { ename: 'Mia', job: 'WEB Programmer', sal: 9500 },
  { ename: 'Olivia', job: 'WEB Programmer', sal: 9000 },
  { ename: 'neeraj', job: 'salesman', sal: 7700 },
  { ename: 'Emma', job: 'WEB Programmer', sal: 7700 },
  { ename: 'Emily', job: 'WEB Programmer', sal: 7600 }
]
Enterprise db1> db.emp.find({sal: {$gt:7000}}, {_id:0, ename:1,job:1,sal:1});
[
  { ename: 'Olivia', job: 'WEB Programmer', sal: 9000 },
  { ename: 'Emma', job: 'WEB Programmer', sal: 7700 },
  { ename: 'neeraj', job: 'salesman', sal: 7700 },
  { ename: 'Mia', job: 'WEB Programmer', sal: 9500 },
  { ename: 'Emily', job: 'WEB Programmer', sal: 7600 }
]
Enterprise db1> db.emp.find({}, {_id:0, ename:1,job:1,sal:1});
[
  { ename: 'blake', job: 'clerk', sal: 3000 },
  { ename: 'richards', job: 'clerk', sal: 1500 },
  { ename: 'saleel', job: 'programmer', sal: 2900 },
  { ename: 'vasu', job: 'salesman', sal: 2200 },
  { ename: 'bob', job: 'manager', sal: 4900 },
  { ename: 'peter', job: 'analyst', sal: 3500 },
  { ename: 'jack', job: 'accountant', sal: 2700 },
  { ename: 'vasant', job: 'salesman', sal: 2200 },
  { ename: 'saleel', job: 'analyst', sal: 3700 },
  { ename: 'raju', job: 'administrator', sal: 3400 },
  { ename: 'amit', job: 'administrator', sal: 3500 },
  { ename: 'neel', job: 'administrator', sal: 4200 },
  { ename: 'rahul', job: 'clerk', sal: 1200 },
  { ename: 'dinesh', job: 'programmer', sal: 3500 },
  { ename: 'james', job: 'manager', sal: 4700 },
  { ename: 'ramu', job: 'clerk', sal: 1400 },
  { ename: 'rudra', job: 'programmer', sal: 2400 },
  { ename: 'amit', job: 'administrator', sal: 3500 },
  { ename: 'amol', job: 'auditor', sal: 3800 },
  { ename: 'nitish', job: 'programmer', sal: 1300 }
]
Type "it" for more
Enterprise db1>

Enterprise db1> db.emp.find({}, {_id:0, ename:1,job:1,sal:1})[7];

Enterprise db1> db.emp.find({}, {_id:0, ename:1,job:1,sal:1}).toArray()[7];
{ ename: 'vasant', job: 'salesman', sal: 2200 }
Enterprise db1> db.emp.find({}, {_id:0, ename:1,job:1,sal:1}).toArray()[6];
{ ename: 'jack', job: 'accountant', sal: 2700 }
Enterprise db1> db.emp.countDocuments({});
60
Enterprise db1> db.emp.countDocuments({}) - 1;
59
Enterprise db1> db.emp.countDocuments({}) - 2
58
Enterprise db1> db.emp.find({}, {_id:0, ename:1,job:1,sal:1}).toArray()[db.emp.countDocuments({}) - 1];
{ ename: 'tanvi', job: 'WEB Programmer', sal: 5700 }
Enterprise db1> const x = {_id:0, ename:1,job:1,sal:1};

Enterprise db1> x
{ _id: 0, ename: 1, job: 1, sal: 1 }
Enterprise db1> print(x);
{ _id: 0, ename: 1, job: 1, sal: 1 }

Enterprise db1> db.emp.find({}, x);
[
  { ename: 'blake', job: 'clerk', sal: 3000 },
  { ename: 'richards', job: 'clerk', sal: 1500 },
  { ename: 'saleel', job: 'programmer', sal: 2900 },
  { ename: 'vasu', job: 'salesman', sal: 2200 },
  { ename: 'bob', job: 'manager', sal: 4900 },
  { ename: 'peter', job: 'analyst', sal: 3500 },
  { ename: 'jack', job: 'accountant', sal: 2700 },
  { ename: 'vasant', job: 'salesman', sal: 2200 },
  { ename: 'saleel', job: 'analyst', sal: 3700 },
  { ename: 'raju', job: 'administrator', sal: 3400 },
  { ename: 'amit', job: 'administrator', sal: 3500 },
  { ename: 'neel', job: 'administrator', sal: 4200 },
  { ename: 'rahul', job: 'clerk', sal: 1200 },
  { ename: 'dinesh', job: 'programmer', sal: 3500 },
  { ename: 'james', job: 'manager', sal: 4700 },
  { ename: 'ramu', job: 'clerk', sal: 1400 },
  { ename: 'rudra', job: 'programmer', sal: 2400 },
  { ename: 'amit', job: 'administrator', sal: 3500 },
  { ename: 'amol', job: 'auditor', sal: 3800 },
  { ename: 'nitish', job: 'programmer', sal: 1300 }
]
Type "it" for more
Enterprise db1> const y = {job:'manager'}

Enterprise db1> x
{ _id: 0, ename: 1, job: 1, sal: 1 }
Enterprise db1> y
{ job: 'manager' }
Enterprise db1> db.emp.find(y,x);
[
  { ename: 'bob', job: 'manager', sal: 4900 },
  { ename: 'james', job: 'manager', sal: 4700 },
  { ename: 'smith', job: 'manager', sal: 3400 }
]
Enterprise db1> const z :[334,35,346,56,456]
Uncaught:
SyntaxError: Missing initializer in const declaration. (1:7)

> 1 | const z :[334,35,346,56,456]
    |        ^
  2 |

Enterprise db1> const z=[334,35,346,56,456]

Enterprise db1> z
[ 334, 35, 346, 56, 456 ]
Enterprise db1> z[0]
334
Enterprise db1> db.emp.find(y,x);
[
  { ename: 'bob', job: 'manager', sal: 4900 },
  { ename: 'james', job: 'manager', sal: 4700 },
  { ename: 'smith', job: 'manager', sal: 3400 }
]
Enterprise db1>  db.getCollection('emp').find(y,x);
[
  { ename: 'bob', job: 'manager', sal: 4900 },
  { ename: 'james', job: 'manager', sal: 4700 },
  { ename: 'smith', job: 'manager', sal: 3400 }
]
Enterprise db1> db.empx1.find(y,x);

Enterprise db1>  db.getCollection('empx1').find(y,x);

Enterprise db1>  db['emp'].find(y,x);
[
  { ename: 'bob', job: 'manager', sal: 4900 },
  { ename: 'james', job: 'manager', sal: 4700 },
  { ename: 'smith', job: 'manager', sal: 3400 }
]
Enterprise db1> db.createCollection('abc xyz')
{ ok: 1 }
Enterprise db1> db.'abc xyz'.find();
Uncaught:
SyntaxError: Unexpected token (1:3)

> 1 | db.'abc xyz'.find();
    |    ^
  2 |

Enterprise db1> db.getCollection('abc xyz').find();

Enterprise db1> db.['abc xyz'].find();
Uncaught:
SyntaxError: Unexpected token (1:3)

> 1 | db.['abc xyz'].find();
    |    ^
  2 |

Enterprise db1> db['abc xyz'].find();

Enterprise db1> use d2;
switched to db d2
Enterprise d2> db.empx1.find(y,x);

Enterprise d2> use db2
switched to db db2
Enterprise db2> db.empx1.find(y,x);

Enterprise db2> db.emp.find(y,x);

Enterprise db2> db.getSiblingDB('db1').emp.find(y,x);
[
  { ename: 'bob', job: 'manager', sal: 4900 },
  { ename: 'james', job: 'manager', sal: 4700 },
  { ename: 'smith', job: 'manager', sal: 3400 }
]
Enterprise db2> db.emp.find({},{_id:0, ename:1,sal:1});

Enterprise db2> use db1
switched to db db1
Enterprise db1> db.emp.find({},{_id:0, ename:1,sal:1});
[
  { ename: 'blake', sal: 3000 },
  { ename: 'richards', sal: 1500 },
  { ename: 'saleel', sal: 2900 },
  { ename: 'vasu', sal: 2200 },
  { ename: 'bob', sal: 4900 },
  { ename: 'peter', sal: 3500 },
  { ename: 'jack', sal: 2700 },
  { ename: 'vasant', sal: 2200 },
  { ename: 'saleel', sal: 3700 },
  { ename: 'raju', sal: 3400 },
  { ename: 'amit', sal: 3500 },
  { ename: 'neel', sal: 4200 },
  { ename: 'rahul', sal: 1200 },
  { ename: 'dinesh', sal: 3500 },
  { ename: 'james', sal: 4700 },
  { ename: 'ramu', sal: 1400 },
  { ename: 'rudra', sal: 2400 },
  { ename: 'amit', sal: 3500 },
  { ename: 'amol', sal: 3800 },
  { ename: 'nitish', sal: 1300 }
]
Type "it" for more
Enterprise db1> db.emp.find({},{_id:0, "Employee Name":true,  "Salary"}:true);
Uncaught:
SyntaxError: Unexpected token (1:54)

> 1 | db.emp.find({},{_id:0, "Employee Name":true,  "Salary"}:true);
    |                                                       ^
  2 |

Enterprise db1> db.emp.find({},{_id:0, "Employee Name":true,  "Salary":true });
[
  {}, {}, {}, {}, {}, {}, {},
  {}, {}, {}, {}, {}, {}, {},
  {}, {}, {}, {}, {}, {}
]
Type "it" for more
Enterprise db1> db.emp.find({},{_id:0, job:true, "Employee Name":true,  "Salary":true });
[
  { job: 'clerk' },         { job: 'clerk' },
  { job: 'programmer' },    { job: 'salesman' },
  { job: 'manager' },       { job: 'analyst' },
  { job: 'accountant' },    { job: 'salesman' },
  { job: 'analyst' },       { job: 'administrator' },
  { job: 'administrator' }, { job: 'administrator' },
  { job: 'clerk' },         { job: 'programmer' },
  { job: 'manager' },       { job: 'clerk' },
  { job: 'programmer' },    { job: 'administrator' },
  { job: 'auditor' },       { job: 'programmer' }
]
Type "it" for more
Enterprise db1> db.emp.find({},{_id:0, "Employee Name":'$ename',  "Salary":"$sal"});
[
  { 'Employee Name': 'blake', Salary: 3000 },
  { 'Employee Name': 'richards', Salary: 1500 },
  { 'Employee Name': 'saleel', Salary: 2900 },
  { 'Employee Name': 'vasu', Salary: 2200 },
  { 'Employee Name': 'bob', Salary: 4900 },
  { 'Employee Name': 'peter', Salary: 3500 },
  { 'Employee Name': 'jack', Salary: 2700 },
  { 'Employee Name': 'vasant', Salary: 2200 },
  { 'Employee Name': 'saleel', Salary: 3700 },
  { 'Employee Name': 'raju', Salary: 3400 },
  { 'Employee Name': 'amit', Salary: 3500 },
  { 'Employee Name': 'neel', Salary: 4200 },
  { 'Employee Name': 'rahul', Salary: 1200 },
  { 'Employee Name': 'dinesh', Salary: 3500 },
  { 'Employee Name': 'james', Salary: 4700 },
  { 'Employee Name': 'ramu', Salary: 1400 },
  { 'Employee Name': 'rudra', Salary: 2400 },
  { 'Employee Name': 'amit', Salary: 3500 },
  { 'Employee Name': 'amol', Salary: 3800 },
  { 'Employee Name': 'nitish', Salary: 1300 }
]
Type "it" for more
Enterprise db1> db.emp.find({},{_id:0, "Employee Name":'$ename',  "NewSalary":"$sal"});
[
  { 'Employee Name': 'blake', NewSalary: 3000 },
  { 'Employee Name': 'richards', NewSalary: 1500 },
  { 'Employee Name': 'saleel', NewSalary: 2900 },
  { 'Employee Name': 'vasu', NewSalary: 2200 },
  { 'Employee Name': 'bob', NewSalary: 4900 },
  { 'Employee Name': 'peter', NewSalary: 3500 },
  { 'Employee Name': 'jack', NewSalary: 2700 },
  { 'Employee Name': 'vasant', NewSalary: 2200 },
  { 'Employee Name': 'saleel', NewSalary: 3700 },
  { 'Employee Name': 'raju', NewSalary: 3400 },
  { 'Employee Name': 'amit', NewSalary: 3500 },
  { 'Employee Name': 'neel', NewSalary: 4200 },
  { 'Employee Name': 'rahul', NewSalary: 1200 },
  { 'Employee Name': 'dinesh', NewSalary: 3500 },
  { 'Employee Name': 'james', NewSalary: 4700 },
  { 'Employee Name': 'ramu', NewSalary: 1400 },
  { 'Employee Name': 'rudra', NewSalary: 2400 },
  { 'Employee Name': 'amit', NewSalary: 3500 },
  { 'Employee Name': 'amol', NewSalary: 3800 },
  { 'Employee Name': 'nitish', NewSalary: 1300 }
]
Type "it" for more
Enterprise db1> db.emp.find({},{_id:0, "Employee Name":'$ename',  "New Salary":"$sal"});
[
  { 'Employee Name': 'blake', 'New Salary': 3000 },
  { 'Employee Name': 'richards', 'New Salary': 1500 },
  { 'Employee Name': 'saleel', 'New Salary': 2900 },
  { 'Employee Name': 'vasu', 'New Salary': 2200 },
  { 'Employee Name': 'bob', 'New Salary': 4900 },
  { 'Employee Name': 'peter', 'New Salary': 3500 },
  { 'Employee Name': 'jack', 'New Salary': 2700 },
  { 'Employee Name': 'vasant', 'New Salary': 2200 },
  { 'Employee Name': 'saleel', 'New Salary': 3700 },
  { 'Employee Name': 'raju', 'New Salary': 3400 },
  { 'Employee Name': 'amit', 'New Salary': 3500 },
  { 'Employee Name': 'neel', 'New Salary': 4200 },
  { 'Employee Name': 'rahul', 'New Salary': 1200 },
  { 'Employee Name': 'dinesh', 'New Salary': 3500 },
  { 'Employee Name': 'james', 'New Salary': 4700 },
  { 'Employee Name': 'ramu', 'New Salary': 1400 },
  { 'Employee Name': 'rudra', 'New Salary': 2400 },
  { 'Employee Name': 'amit', 'New Salary': 3500 },
  { 'Employee Name': 'amol', 'New Salary': 3800 },
  { 'Employee Name': 'nitish', 'New Salary': 1300 }
]
Type "it" for more
Enterprise db1> db.emp.find({},{_id:0, "Employee Name":'$ename',  "NewSalary":"$sal"});
[
  { 'Employee Name': 'blake', NewSalary: 3000 },
  { 'Employee Name': 'richards', NewSalary: 1500 },
  { 'Employee Name': 'saleel', NewSalary: 2900 },
  { 'Employee Name': 'vasu', NewSalary: 2200 },
  { 'Employee Name': 'bob', NewSalary: 4900 },
  { 'Employee Name': 'peter', NewSalary: 3500 },
  { 'Employee Name': 'jack', NewSalary: 2700 },
  { 'Employee Name': 'vasant', NewSalary: 2200 },
  { 'Employee Name': 'saleel', NewSalary: 3700 },
  { 'Employee Name': 'raju', NewSalary: 3400 },
  { 'Employee Name': 'amit', NewSalary: 3500 },
  { 'Employee Name': 'neel', NewSalary: 4200 },
  { 'Employee Name': 'rahul', NewSalary: 1200 },
  { 'Employee Name': 'dinesh', NewSalary: 3500 },
  { 'Employee Name': 'james', NewSalary: 4700 },
  { 'Employee Name': 'ramu', NewSalary: 1400 },
  { 'Employee Name': 'rudra', NewSalary: 2400 },
  { 'Employee Name': 'amit', NewSalary: 3500 },
  { 'Employee Name': 'amol', NewSalary: 3800 },
  { 'Employee Name': 'nitish', NewSalary: 1300 }
]
Type "it" for more
Enterprise db1> db.emp.find({},{_id:0, "Employee Name":'$ename',  "New Salary":"$sal"});
[
  { 'Employee Name': 'blake', 'New Salary': 3000 },
  { 'Employee Name': 'richards', 'New Salary': 1500 },
  { 'Employee Name': 'saleel', 'New Salary': 2900 },
  { 'Employee Name': 'vasu', 'New Salary': 2200 },
  { 'Employee Name': 'bob', 'New Salary': 4900 },
  { 'Employee Name': 'peter', 'New Salary': 3500 },
  { 'Employee Name': 'jack', 'New Salary': 2700 },
  { 'Employee Name': 'vasant', 'New Salary': 2200 },
  { 'Employee Name': 'saleel', 'New Salary': 3700 },
  { 'Employee Name': 'raju', 'New Salary': 3400 },
  { 'Employee Name': 'amit', 'New Salary': 3500 },
  { 'Employee Name': 'neel', 'New Salary': 4200 },
  { 'Employee Name': 'rahul', 'New Salary': 1200 },
  { 'Employee Name': 'dinesh', 'New Salary': 3500 },
  { 'Employee Name': 'james', 'New Salary': 4700 },
  { 'Employee Name': 'ramu', 'New Salary': 1400 },
  { 'Employee Name': 'rudra', 'New Salary': 2400 },
  { 'Employee Name': 'amit', 'New Salary': 3500 },
  { 'Employee Name': 'amol', 'New Salary': 3800 },
  { 'Employee Name': 'nitish', 'New Salary': 1300 }
]
Type "it" for more
Enterprise db1> db.emp.find({},{_id:0, "Employee Name":'ename',  "New Salary":"$sal"});
[
  { 'Employee Name': 'ename', 'New Salary': 3000 },
  { 'Employee Name': 'ename', 'New Salary': 1500 },
  { 'Employee Name': 'ename', 'New Salary': 2900 },
  { 'Employee Name': 'ename', 'New Salary': 2200 },
  { 'Employee Name': 'ename', 'New Salary': 4900 },
  { 'Employee Name': 'ename', 'New Salary': 3500 },
  { 'Employee Name': 'ename', 'New Salary': 2700 },
  { 'Employee Name': 'ename', 'New Salary': 2200 },
  { 'Employee Name': 'ename', 'New Salary': 3700 },
  { 'Employee Name': 'ename', 'New Salary': 3400 },
  { 'Employee Name': 'ename', 'New Salary': 3500 },
  { 'Employee Name': 'ename', 'New Salary': 4200 },
  { 'Employee Name': 'ename', 'New Salary': 1200 },
  { 'Employee Name': 'ename', 'New Salary': 3500 },
  { 'Employee Name': 'ename', 'New Salary': 4700 },
  { 'Employee Name': 'ename', 'New Salary': 1400 },
  { 'Employee Name': 'ename', 'New Salary': 2400 },
  { 'Employee Name': 'ename', 'New Salary': 3500 },
  { 'Employee Name': 'ename', 'New Salary': 3800 },
  { 'Employee Name': 'ename', 'New Salary': 1300 }
]
Type "it" for more
Enterprise db1> db.emp.find({},{_id:0, "Employee Name":'$ename',  "New Salary":"$sal"});
[
  { 'Employee Name': 'blake', 'New Salary': 3000 },
  { 'Employee Name': 'richards', 'New Salary': 1500 },
  { 'Employee Name': 'saleel', 'New Salary': 2900 },
  { 'Employee Name': 'vasu', 'New Salary': 2200 },
  { 'Employee Name': 'bob', 'New Salary': 4900 },
  { 'Employee Name': 'peter', 'New Salary': 3500 },
  { 'Employee Name': 'jack', 'New Salary': 2700 },
  { 'Employee Name': 'vasant', 'New Salary': 2200 },
  { 'Employee Name': 'saleel', 'New Salary': 3700 },
  { 'Employee Name': 'raju', 'New Salary': 3400 },
  { 'Employee Name': 'amit', 'New Salary': 3500 },
  { 'Employee Name': 'neel', 'New Salary': 4200 },
  { 'Employee Name': 'rahul', 'New Salary': 1200 },
  { 'Employee Name': 'dinesh', 'New Salary': 3500 },
  { 'Employee Name': 'james', 'New Salary': 4700 },
  { 'Employee Name': 'ramu', 'New Salary': 1400 },
  { 'Employee Name': 'rudra', 'New Salary': 2400 },
  { 'Employee Name': 'amit', 'New Salary': 3500 },
  { 'Employee Name': 'amol', 'New Salary': 3800 },
  { 'Employee Name': 'nitish', 'New Salary': 1300 }
]
Type "it" for more
Enterprise db1> db.emp.find({},{_id:0, ename:true, sal:true, x:"saleel"});
[
  { ename: 'blake', sal: 3000, x: 'saleel' },
  { ename: 'richards', sal: 1500, x: 'saleel' },
  { ename: 'saleel', sal: 2900, x: 'saleel' },
  { ename: 'vasu', sal: 2200, x: 'saleel' },
  { ename: 'bob', sal: 4900, x: 'saleel' },
  { ename: 'peter', sal: 3500, x: 'saleel' },
  { ename: 'jack', sal: 2700, x: 'saleel' },
  { ename: 'vasant', sal: 2200, x: 'saleel' },
  { ename: 'saleel', sal: 3700, x: 'saleel' },
  { ename: 'raju', sal: 3400, x: 'saleel' },
  { ename: 'amit', sal: 3500, x: 'saleel' },
  { ename: 'neel', sal: 4200, x: 'saleel' },
  { ename: 'rahul', sal: 1200, x: 'saleel' },
  { ename: 'dinesh', sal: 3500, x: 'saleel' },
  { ename: 'james', sal: 4700, x: 'saleel' },
  { ename: 'ramu', sal: 1400, x: 'saleel' },
  { ename: 'rudra', sal: 2400, x: 'saleel' },
  { ename: 'amit', sal: 3500, x: 'saleel' },
  { ename: 'amol', sal: 3800, x: 'saleel' },
  { ename: 'nitish', sal: 1300, x: 'saleel' }
]
Type "it" for more
Enterprise db1> db.emp.find({},{_id:0, ename:true, sal:true, x:"saleel", y:-1});
[
  { ename: 'blake', sal: 3000, x: 'saleel' },
  { ename: 'richards', sal: 1500, x: 'saleel' },
  { ename: 'saleel', sal: 2900, x: 'saleel' },
  { ename: 'vasu', sal: 2200, x: 'saleel' },
  { ename: 'bob', sal: 4900, x: 'saleel' },
  { ename: 'peter', sal: 3500, x: 'saleel' },
  { ename: 'jack', sal: 2700, x: 'saleel' },
  { ename: 'vasant', sal: 2200, x: 'saleel' },
  { ename: 'saleel', sal: 3700, x: 'saleel' },
  { ename: 'raju', sal: 3400, x: 'saleel' },
  { ename: 'amit', sal: 3500, x: 'saleel' },
  { ename: 'neel', sal: 4200, x: 'saleel' },
  { ename: 'rahul', sal: 1200, x: 'saleel' },
  { ename: 'dinesh', sal: 3500, x: 'saleel' },
  { ename: 'james', sal: 4700, x: 'saleel' },
  { ename: 'ramu', sal: 1400, x: 'saleel' },
  { ename: 'rudra', sal: 2400, x: 'saleel' },
  { ename: 'amit', sal: 3500, x: 'saleel' },
  { ename: 'amol', sal: 3800, x: 'saleel' },
  { ename: 'nitish', sal: 1300, x: 'saleel' }
]
Type "it" for more
Enterprise db1> db.emp.find({},{_id:0, ename:true, sal:true, x:"saleel", y:1});
[
  { ename: 'blake', sal: 3000, x: 'saleel' },
  { ename: 'richards', sal: 1500, x: 'saleel' },
  { ename: 'saleel', sal: 2900, x: 'saleel' },
  { ename: 'vasu', sal: 2200, x: 'saleel' },
  { ename: 'bob', sal: 4900, x: 'saleel' },
  { ename: 'peter', sal: 3500, x: 'saleel' },
  { ename: 'jack', sal: 2700, x: 'saleel' },
  { ename: 'vasant', sal: 2200, x: 'saleel' },
  { ename: 'saleel', sal: 3700, x: 'saleel' },
  { ename: 'raju', sal: 3400, x: 'saleel' },
  { ename: 'amit', sal: 3500, x: 'saleel' },
  { ename: 'neel', sal: 4200, x: 'saleel' },
  { ename: 'rahul', sal: 1200, x: 'saleel' },
  { ename: 'dinesh', sal: 3500, x: 'saleel' },
  { ename: 'james', sal: 4700, x: 'saleel' },
  { ename: 'ramu', sal: 1400, x: 'saleel' },
  { ename: 'rudra', sal: 2400, x: 'saleel' },
  { ename: 'amit', sal: 3500, x: 'saleel' },
  { ename: 'amol', sal: 3800, x: 'saleel' },
  { ename: 'nitish', sal: 1300, x: 'saleel' }
]
Type "it" for more
Enterprise db1> db.emp.find({},{_id:0, ename:true, sal:true, x:"saleel", y:166});
[
  { ename: 'blake', sal: 3000, x: 'saleel' },
  { ename: 'richards', sal: 1500, x: 'saleel' },
  { ename: 'saleel', sal: 2900, x: 'saleel' },
  { ename: 'vasu', sal: 2200, x: 'saleel' },
  { ename: 'bob', sal: 4900, x: 'saleel' },
  { ename: 'peter', sal: 3500, x: 'saleel' },
  { ename: 'jack', sal: 2700, x: 'saleel' },
  { ename: 'vasant', sal: 2200, x: 'saleel' },
  { ename: 'saleel', sal: 3700, x: 'saleel' },
  { ename: 'raju', sal: 3400, x: 'saleel' },
  { ename: 'amit', sal: 3500, x: 'saleel' },
  { ename: 'neel', sal: 4200, x: 'saleel' },
  { ename: 'rahul', sal: 1200, x: 'saleel' },
  { ename: 'dinesh', sal: 3500, x: 'saleel' },
  { ename: 'james', sal: 4700, x: 'saleel' },
  { ename: 'ramu', sal: 1400, x: 'saleel' },
  { ename: 'rudra', sal: 2400, x: 'saleel' },
  { ename: 'amit', sal: 3500, x: 'saleel' },
  { ename: 'amol', sal: 3800, x: 'saleel' },
  { ename: 'nitish', sal: 1300, x: 'saleel' }
]
Type "it" for more
Enterprise db1> db.emp.find({},{_id:0, ename:true, sal:1, x:"saleel"});
[
  { ename: 'blake', sal: 3000, x: 'saleel' },
  { ename: 'richards', sal: 1500, x: 'saleel' },
  { ename: 'saleel', sal: 2900, x: 'saleel' },
  { ename: 'vasu', sal: 2200, x: 'saleel' },
  { ename: 'bob', sal: 4900, x: 'saleel' },
  { ename: 'peter', sal: 3500, x: 'saleel' },
  { ename: 'jack', sal: 2700, x: 'saleel' },
  { ename: 'vasant', sal: 2200, x: 'saleel' },
  { ename: 'saleel', sal: 3700, x: 'saleel' },
  { ename: 'raju', sal: 3400, x: 'saleel' },
  { ename: 'amit', sal: 3500, x: 'saleel' },
  { ename: 'neel', sal: 4200, x: 'saleel' },
  { ename: 'rahul', sal: 1200, x: 'saleel' },
  { ename: 'dinesh', sal: 3500, x: 'saleel' },
  { ename: 'james', sal: 4700, x: 'saleel' },
  { ename: 'ramu', sal: 1400, x: 'saleel' },
  { ename: 'rudra', sal: 2400, x: 'saleel' },
  { ename: 'amit', sal: 3500, x: 'saleel' },
  { ename: 'amol', sal: 3800, x: 'saleel' },
  { ename: 'nitish', sal: 1300, x: 'saleel' }
]
Type "it" for more
Enterprise db1> db.emp.find({},{_id:0, ename:true, sal:12, x:"saleel"});
[
  { ename: 'blake', sal: 3000, x: 'saleel' },
  { ename: 'richards', sal: 1500, x: 'saleel' },
  { ename: 'saleel', sal: 2900, x: 'saleel' },
  { ename: 'vasu', sal: 2200, x: 'saleel' },
  { ename: 'bob', sal: 4900, x: 'saleel' },
  { ename: 'peter', sal: 3500, x: 'saleel' },
  { ename: 'jack', sal: 2700, x: 'saleel' },
  { ename: 'vasant', sal: 2200, x: 'saleel' },
  { ename: 'saleel', sal: 3700, x: 'saleel' },
  { ename: 'raju', sal: 3400, x: 'saleel' },
  { ename: 'amit', sal: 3500, x: 'saleel' },
  { ename: 'neel', sal: 4200, x: 'saleel' },
  { ename: 'rahul', sal: 1200, x: 'saleel' },
  { ename: 'dinesh', sal: 3500, x: 'saleel' },
  { ename: 'james', sal: 4700, x: 'saleel' },
  { ename: 'ramu', sal: 1400, x: 'saleel' },
  { ename: 'rudra', sal: 2400, x: 'saleel' },
  { ename: 'amit', sal: 3500, x: 'saleel' },
  { ename: 'amol', sal: 3800, x: 'saleel' },
  { ename: 'nitish', sal: 1300, x: 'saleel' }
]
Type "it" for more
Enterprise db1> db.emp.find({},{_id:0, ename:true, sal:12, x:"saleel", y:12});
[
  { ename: 'blake', sal: 3000, x: 'saleel' },
  { ename: 'richards', sal: 1500, x: 'saleel' },
  { ename: 'saleel', sal: 2900, x: 'saleel' },
  { ename: 'vasu', sal: 2200, x: 'saleel' },
  { ename: 'bob', sal: 4900, x: 'saleel' },
  { ename: 'peter', sal: 3500, x: 'saleel' },
  { ename: 'jack', sal: 2700, x: 'saleel' },
  { ename: 'vasant', sal: 2200, x: 'saleel' },
  { ename: 'saleel', sal: 3700, x: 'saleel' },
  { ename: 'raju', sal: 3400, x: 'saleel' },
  { ename: 'amit', sal: 3500, x: 'saleel' },
  { ename: 'neel', sal: 4200, x: 'saleel' },
  { ename: 'rahul', sal: 1200, x: 'saleel' },
  { ename: 'dinesh', sal: 3500, x: 'saleel' },
  { ename: 'james', sal: 4700, x: 'saleel' },
  { ename: 'ramu', sal: 1400, x: 'saleel' },
  { ename: 'rudra', sal: 2400, x: 'saleel' },
  { ename: 'amit', sal: 3500, x: 'saleel' },
  { ename: 'amol', sal: 3800, x: 'saleel' },
  { ename: 'nitish', sal: 1300, x: 'saleel' }
]
Type "it" for more
Enterprise db1> db.emp.find({},{_id:0, ename:true, sal:12, x:"saleel", y:{$literal:12}});
[
  { ename: 'blake', sal: 3000, x: 'saleel', y: 12 },
  { ename: 'richards', sal: 1500, x: 'saleel', y: 12 },
  { ename: 'saleel', sal: 2900, x: 'saleel', y: 12 },
  { ename: 'vasu', sal: 2200, x: 'saleel', y: 12 },
  { ename: 'bob', sal: 4900, x: 'saleel', y: 12 },
  { ename: 'peter', sal: 3500, x: 'saleel', y: 12 },
  { ename: 'jack', sal: 2700, x: 'saleel', y: 12 },
  { ename: 'vasant', sal: 2200, x: 'saleel', y: 12 },
  { ename: 'saleel', sal: 3700, x: 'saleel', y: 12 },
  { ename: 'raju', sal: 3400, x: 'saleel', y: 12 },
  { ename: 'amit', sal: 3500, x: 'saleel', y: 12 },
  { ename: 'neel', sal: 4200, x: 'saleel', y: 12 },
  { ename: 'rahul', sal: 1200, x: 'saleel', y: 12 },
  { ename: 'dinesh', sal: 3500, x: 'saleel', y: 12 },
  { ename: 'james', sal: 4700, x: 'saleel', y: 12 },
  { ename: 'ramu', sal: 1400, x: 'saleel', y: 12 },
  { ename: 'rudra', sal: 2400, x: 'saleel', y: 12 },
  { ename: 'amit', sal: 3500, x: 'saleel', y: 12 },
  { ename: 'amol', sal: 3800, x: 'saleel', y: 12 },
  { ename: 'nitish', sal: 1300, x: 'saleel', y: 12 }
]
Type "it" for more
Enterprise db1> db.movies.find();
[
  {
    _id: 1,
    relese: '13-06-1998',
    color: '',
    director: 'James Cameron',
    critic: 723,
    duration: 178,
    director_facebook: 0,
    actor_3_facebook: 855,
    actor_2_name: 'Joel David Moore',
    actor_1_facebook_likes: 1000,
    gross: 760505847,
    genres: 'Action|Adventure|Fantasy|Sci-Fi',
    actor_1_name: 'CCH Pounder',
    movie_title: 'Avatar',
    num_voted_users: 886204,
    cast_total_facebook_likes: 4834,
    actor_3_name: 'Wes Studi',
    facenumber_in_poster: 0,
    plot_keywords: 'avatar|future|marine|native|paraplegic',
    movie_imdb_link: 'http://www.imdb.com/title/tt0499549/?ref_=fn_tt_tt_1',
    num_user_for_reviews: 3054,
    language: 'English',
    country: 'USA',
    content_rating: 'PG-13',
    budget: 237000001,
    title_year: 1998,
    actor_2_facebook_likes: 936,
    imdb_score: 7.9,
    aspect_ratio: 1.120835,
    movie_facebook_likes: 33000,
    'production houses': 'The Weinstein Company',
    week1: 28.103,
    week2: 67.888,
    week3: 37.319,
    week4: 48.732,
    isActive: 1,
    music: 'James Horner',
    stars: { '0': 0, '1': 0, '2': 1, '3': 1, '4': 1 }
  },
  {
    _id: 2,
    relese: '14-11-1968',
    color: 'Color',
    director: 'Gore Verbinski',
    critic: 302,
    duration: 169,
    director_facebook: 563,
    actor_3_facebook: 1000,
    actor_2_name: 'Orlando Bloom',
    actor_1_facebook_likes: 40000,
    gross: 309404152,
    genres: 'Action|Adventure|Fantasy',
    actor_1_name: 'Johnny Depp',
    movie_title: "Pirates of the Caribbean: At World's End",
    num_voted_users: 471220,
    cast_total_facebook_likes: 48350,
    actor_3_name: 'Jack Davenport',
    facenumber_in_poster: 0,
    plot_keywords: 'goddess|marriage ceremony|marriage proposal|pirate|singapore',
    movie_imdb_link: 'http://www.imdb.com/title/tt0449088/?ref_=fn_tt_tt_1',
    num_user_for_reviews: 1238,
    language: 'English',
    country: 'USA',
    content_rating: 'PG-13',
    budget: 300000000,
    title_year: 1968,
    actor_2_facebook_likes: 5000,
    imdb_score: 7.1,
    aspect_ratio: 2.370591809,
    movie_facebook_likes: 0,
    'production houses': 'The Weinstein Company',
    week1: 0.323,
    week2: 4.543,
    week3: 69.805,
    week4: 2.022,
    isActive: 0,
    music: 'Lorne Balfe',
    stars: { '0': 1, '1': 1, '2': 1, '3': 1, '4': 1 }
  },
  {
    _id: 3,
    relese: '01-11-1969',
    color: 'Color',
    director: 'Sam Mendes',
    critic: 602,
    duration: 148,
    director_facebook: 0,
    actor_3_facebook: 161,
    actor_2_name: 'Rory Kinnear',
    actor_1_facebook_likes: 11000,
    gross: 200074175,
    genres: 'Action|Adventure|Thriller',
    actor_1_name: 'Christoph Waltz',
    movie_title: 'Spectre',
    num_voted_users: 275868,
    cast_total_facebook_likes: 11700,
    actor_3_name: 'Stephanie Sigman',
    facenumber_in_poster: 1,
    plot_keywords: 'bomb|espionage|sequel|spy|terrorist',
    movie_imdb_link: 'http://www.imdb.com/title/tt2379713/?ref_=fn_tt_tt_1',
    num_user_for_reviews: 994,
    language: 'English',
    country: 'UK',
    content_rating: 'PG-13',
    budget: 245000000,
    title_year: 1969,
    actor_2_facebook_likes: 393,
    imdb_score: 6.8,
    aspect_ratio: 2.022457101,
    movie_facebook_likes: 85000,
    'production houses': 'Independent',
    week1: 29.811,
    week2: 97.568,
    week3: 12.883,
    week4: 0.502,
    isActive: 0,
    music: 'Thomas Newman',
    stars: { '0': 0, '1': 0, '2': 0, '3': 1, '4': 0 }
  },
  {
    _id: 5,
    relese: '28-02-2001',
    color: '',
    director: 'Doug Walker',
    critic: '',
    duration: '',
    director_facebook: 131,
    actor_3_facebook: '',
    actor_2_name: 'Rob Walker',
    actor_1_facebook_likes: 131,
    gross: '',
    genres: 'Documentary',
    actor_1_name: 'Doug Walker',
    movie_title: 'Star Wars: Episode VII - The Force Awakens',
    num_voted_users: 8,
    cast_total_facebook_likes: 143,
    actor_3_name: '',
    facenumber_in_poster: 0,
    plot_keywords: '',
    movie_imdb_link: 'http://www.imdb.com/title/tt5289954/?ref_=fn_tt_tt_1',
    num_user_for_reviews: '',
    language: '',
    country: 'Canada',
    content_rating: '',
    budget: '',
    title_year: 2001,
    actor_2_facebook_likes: 12,
    imdb_score: 7.1,
    aspect_ratio: 1.323596068,
    movie_facebook_likes: 0,
    'production houses': 'Fox',
    week1: 50.864,
    week2: 79.767,
    week3: 25.178,
    week4: 39.018,
    isActive: 1,
    music: 'John Williams',
    stars: { '0': 1, '1': 1, '2': 0, '3': 0, '4': 1 }
  },
  {
    _id: 7,
    relese: '16-05-1990',
    color: 'Color',
    director: 'Sam Raimi',
    critic: 392,
    duration: 156,
    director_facebook: 0,
    actor_3_facebook: 4000,
    actor_2_name: 'James Franco',
    actor_1_facebook_likes: 24000,
    gross: 336530303,
    genres: 'Action|Adventure|Romance',
    actor_1_name: 'J.K. Simmons',
    movie_title: 'Spider-Man 3',
    num_voted_users: 383056,
    cast_total_facebook_likes: 46055,
    actor_3_name: 'Kirsten Dunst',
    facenumber_in_poster: 0,
    plot_keywords: 'sandman|spider man|symbiote|venom|villain',
    movie_imdb_link: 'http://www.imdb.com/title/tt0413300/?ref_=fn_tt_tt_1',
    num_user_for_reviews: 1902,
    language: 'English',
    country: 'USA',
    content_rating: 'PG-13',
    budget: 258000000,
    title_year: 1990,
    actor_2_facebook_likes: 11000,
    imdb_score: 6.2,
    aspect_ratio: 2.305530641,
    movie_facebook_likes: 0,
    'production houses': 'Disney',
    week1: 49.352,
    week2: 88.384,
    week3: 43.782,
    week4: 8.155,
    isActive: 0,
    music: 'Christopher Young',
    stars: { '0': 1, '1': 0, '2': 1, '3': 1, '4': 0 }
  },
  {
    _id: 8,
    relese: '18-07-1971',
    color: 'Color',
    director: 'Nathan Greno',
    critic: 324,
    duration: 100,
    director_facebook: 15,
    actor_3_facebook: 284,
    actor_2_name: 'Donna Murphy',
    actor_1_facebook_likes: 799,
    gross: 200807262,
    genres: 'Adventure|Animation|Comedy|Family|Fantasy|Musical|Romance',
    actor_1_name: 'Brad Garrett',
    movie_title: 'Tangled',
    num_voted_users: 294810,
    cast_total_facebook_likes: 2036,
    actor_3_name: 'M.C. Gainey',
    facenumber_in_poster: 1,
    plot_keywords: '17th century|based on fairy tale|disney|flower|tower',
    movie_imdb_link: 'http://www.imdb.com/title/tt0398286/?ref_=fn_tt_tt_1',
    num_user_for_reviews: 387,
    language: 'English',
    country: 'USA',
    content_rating: 'PG',
    budget: 260000000,
    title_year: 1971,
    actor_2_facebook_likes: 553,
    imdb_score: 7.8,
    aspect_ratio: 2.133924229,
    movie_facebook_likes: 29000,
    'production houses': 'Independent',
    week1: 47.766,
    week2: 68.111,
    week3: 32.725,
    week4: 6.232,
    isActive: 1,
    music: 'Alan Menken',
    stars: { '0': 0, '1': 1, '2': 0, '3': 0, '4': 1 }
  },
  {
    _id: 4,
    relese: '13-03-1977',
    color: 'Color',
    director: 'Christopher Nolan',
    critic: 813,
    duration: 164,
    director_facebook: 22000,
    actor_3_facebook: 23000,
    actor_2_name: 'Christian Bale',
    actor_1_facebook_likes: 27000,
    gross: 448130642,
    genres: 'Action|Thriller',
    actor_1_name: 'Tom Hardy',
    movie_title: 'The Dark Knight Rises',
    num_voted_users: 1144337,
    cast_total_facebook_likes: 106759,
    actor_3_name: 'Joseph Gordon-Levitt',
    facenumber_in_poster: 0,
    plot_keywords: 'deception|imprisonment|lawlessness|police officer|terrorist plot',
    movie_imdb_link: 'http://www.imdb.com/title/tt1345836/?ref_=fn_tt_tt_1',
    num_user_for_reviews: 2701,
    language: 'English',
    country: 'USA',
    content_rating: 'PG-13',
    budget: 250000000,
    title_year: 1977,
    actor_2_facebook_likes: 23000,
    imdb_score: 8.5,
    aspect_ratio: 1.178821504,
    movie_facebook_likes: 164000,
    'production houses': 'Disney',
    week1: 74.391,
    week2: 76.182,
    week3: 62.271,
    week4: 0.362,
    isActive: 1,
    music: '',
    stars: { '0': 1, '1': 1, '2': 0, '3': 0, '4': 0 }
  },
  {
    _id: 6,
    relese: '21-07-1965',
    color: 'Color',
    director: 'Andrew Stanton',
    critic: 462,
    duration: 132,
    director_facebook: 475,
    actor_3_facebook: 530,
    actor_2_name: 'Samantha Morton',
    actor_1_facebook_likes: 640,
    gross: 73058679,
    genres: 'Action|Adventure|Sci-Fi',
    actor_1_name: 'Daryl Sabara',
    movie_title: 'John Carter',
    num_voted_users: 212204,
    cast_total_facebook_likes: 1873,
    actor_3_name: 'Polly Walker',
    facenumber_in_poster: 1,
    plot_keywords: 'alien|american civil war|male nipple|mars|princess',
    movie_imdb_link: 'http://www.imdb.com/title/tt0401729/?ref_=fn_tt_tt_1',
    num_user_for_reviews: 738,
    language: 'English',
    country: 'USA',
    content_rating: 'PG-13',
    budget: 263700000,
    title_year: 1965,
    actor_2_facebook_likes: 632,
    imdb_score: 6.6,
    aspect_ratio: 2.103939087,
    movie_facebook_likes: 24000,
    'production houses': '20th Century Fox',
    week1: 94.885,
    week2: 61.663,
    week3: 64.056,
    week4: 16.328,
    isActive: 1,
    music: 'Michael Giacchino',
    stars: { '0': 1, '1': 1, '2': 1, '3': 1, '4': 1 }
  },
  {
    _id: 9,
    relese: '15-05-1976',
    color: 'Color',
    director: 'Joss Whedon',
    critic: 635,
    duration: 141,
    director_facebook: 0,
    actor_3_facebook: 19000,
    actor_2_name: 'Robert Downey Jr.',
    actor_1_facebook_likes: 26000,
    gross: 458991599,
    genres: 'Action|Adventure|Sci-Fi',
    actor_1_name: 'Chris Hemsworth',
    movie_title: 'Avengers: Age of Ultron',
    num_voted_users: 462669,
    cast_total_facebook_likes: 92000,
    actor_3_name: 'Scarlett Johansson',
    facenumber_in_poster: 4,
    plot_keywords: 'artificial intelligence|based on comic book|captain america|marvel cinematic universe|superhero',
    movie_imdb_link: 'http://www.imdb.com/title/tt2395427/?ref_=fn_tt_tt_1',
    num_user_for_reviews: 1117,
    language: 'English',
    country: 'USA',
    content_rating: 'PG-13',
    budget: 250000000,
    title_year: 1976,
    actor_2_facebook_likes: 21000,
    imdb_score: 7.5,
    aspect_ratio: 1.877056704,
    movie_facebook_likes: 118000,
    'production houses': 'Independent',
    week1: 61.289,
    week2: 33.403,
    week3: 38.954,
    week4: 22.222,
    isActive: 1,
    music: 'Brian Tyler',
    stars: { '0': 1, '1': 0, '2': 0, '3': 1, '4': 1 }
  },
  {
    _id: 11,
    relese: '23-09-1982',
    color: 'Color',
    director: 'Zack Snyder',
    critic: 673,
    duration: 183,
    director_facebook: 0,
    actor_3_facebook: 2000,
    actor_2_name: 'Lauren Cohan',
    actor_1_facebook_likes: 15000,
    gross: 330249062,
    genres: 'Action|Adventure|Sci-Fi',
    actor_1_name: 'Henry Cavill',
    movie_title: 'Batman v Superman: Dawn of Justice',
    num_voted_users: 371639,
    cast_total_facebook_likes: 24450,
    actor_3_name: 'Alan D. Purwin',
    facenumber_in_poster: 0,
    plot_keywords: 'based on comic book|batman|sequel to a reboot|superhero|superman',
    movie_imdb_link: 'http://www.imdb.com/title/tt2975590/?ref_=fn_tt_tt_1',
    num_user_for_reviews: 3018,
    language: 'English',
    country: 'USA',
    content_rating: 'PG-13',
    budget: 250000000,
    title_year: 1982,
    actor_2_facebook_likes: 4000,
    imdb_score: 6.9,
    aspect_ratio: 2.40581849,
    movie_facebook_likes: 197000,
    'production houses': 'Independent',
    week1: 30.245,
    week2: 8.061,
    week3: 51.964,
    week4: 3.523,
    isActive: 0,
    music: 'WaterTower',
    stars: { '0': 0, '1': 1, '2': 1, '3': 0, '4': 1 }
  },
  {
    _id: 12,
    relese: '01-09-2005',
    color: 'Color',
    director: 'Bryan Singer',
    critic: 434,
    duration: 169,
    director_facebook: 0,
    actor_3_facebook: 903,
    actor_2_name: 'Marlon Brando',
    actor_1_facebook_likes: 18000,
    gross: 200069408,
    genres: 'Action|Adventure|Sci-Fi',
    actor_1_name: 'Kevin Spacey',
    movie_title: 'Superman Returns',
    num_voted_users: 240396,
    cast_total_facebook_likes: 29991,
    actor_3_name: 'Frank Langella',
    facenumber_in_poster: 0,
    plot_keywords: 'crystal|epic|lex luthor|lois lane|return to earth',
    movie_imdb_link: 'http://www.imdb.com/title/tt0348150/?ref_=fn_tt_tt_1',
    num_user_for_reviews: 2367,
    language: 'English',
    country: 'USA',
    content_rating: 'PG-13',
    budget: 209000000,
    title_year: 2005,
    actor_2_facebook_likes: 10000,
    imdb_score: 6.1,
    aspect_ratio: 2.50176606,
    movie_facebook_likes: 0,
    'production houses': 'Independent',
    week1: 83.261,
    week2: 0.707,
    week3: 3.825,
    week4: 5.379,
    isActive: 1,
    music: 'John Williams',
    stars: { '0': 0, '1': 0, '2': 1, '3': 1, '4': 1 }
  },
  {
    _id: 13,
    relese: '25-05-1984',
    color: 'Color',
    director: 'Marc Forster',
    critic: 403,
    duration: 106,
    director_facebook: 395,
    actor_3_facebook: 393,
    actor_2_name: 'Mathieu Amalric',
    actor_1_facebook_likes: 451,
    gross: 168368427,
    genres: 'Action|Adventure',
    actor_1_name: 'Giancarlo Giannini',
    movie_title: 'Quantum of Solace',
    num_voted_users: 330784,
    cast_total_facebook_likes: 2023,
    actor_3_name: 'Rory Kinnear',
    facenumber_in_poster: 1,
    plot_keywords: 'action hero|attempted rape|bond girl|official james bond series|revenge',
    movie_imdb_link: 'http://www.imdb.com/title/tt0830515/?ref_=fn_tt_tt_1',
    num_user_for_reviews: 1243,
    language: 'English',
    country: 'UK',
    content_rating: 'PG-13',
    budget: 200000000,
    title_year: 1984,
    actor_2_facebook_likes: 412,
    imdb_score: 6.7,
    aspect_ratio: 2.921944859,
    movie_facebook_likes: 0,
    'production houses': 'Summit',
    week1: 65.496,
    week2: 81.995,
    week3: 45.36,
    week4: 36.368,
    isActive: 1,
    music: 'David Arnold',
    stars: { '0': 0, '1': 1, '2': 0, '3': 1, '4': 0 }
  },
  {
    _id: 14,
    relese: '14-02-1988',
    color: 'Color',
    director: 'Gore Verbinski',
    critic: 313,
    duration: 151,
    director_facebook: 563,
    actor_3_facebook: 1000,
    actor_2_name: 'Orlando Bloom',
    actor_1_facebook_likes: 40000,
    gross: 423032628,
    genres: 'Action|Adventure|Fantasy',
    actor_1_name: 'Johnny Depp',
    movie_title: "Pirates of the Caribbean: Dead Man's Chest",
    num_voted_users: 522040,
    cast_total_facebook_likes: 48486,
    actor_3_name: 'Jack Davenport',
    facenumber_in_poster: 2,
    plot_keywords: "box office hit|giant squid|heart|liar's dice|monster",
    movie_imdb_link: 'http://www.imdb.com/title/tt0383574/?ref_=fn_tt_tt_1',
    num_user_for_reviews: 1832,
    language: 'English',
    country: 'USA',
    content_rating: 'PG-13',
    budget: 225000000,
    title_year: 1988,
    actor_2_facebook_likes: 5000,
    imdb_score: 7.3,
    aspect_ratio: 2.516786459,
    movie_facebook_likes: 5000,
    'production houses': 'Independent',
    week1: 58.51,
    week2: 87.556,
    week3: 0.803,
    week4: 2.497,
    isActive: 1,
    music: 'Hans Zimmer',
    stars: { '0': 1, '1': 0, '2': 0, '3': 0, '4': 1 }
  },
  {
    _id: 15,
    relese: '07-06-1980',
    color: '',
    director: 'Gore Verbinski',
    critic: '',
    duration: 150,
    director_facebook: 563,
    actor_3_facebook: 1000,
    actor_2_name: 'Ruth Wilson',
    actor_1_facebook_likes: 40000,
    gross: 89289910,
    genres: 'Action|Adventure|Western',
    actor_1_name: 'Johnny Depp',
    movie_title: 'The Lone Ranger',
    num_voted_users: 181792,
    cast_total_facebook_likes: 45757,
    actor_3_name: 'Tom Wilkinson',
    facenumber_in_poster: 1,
    plot_keywords: 'horse|outlaw|texas|texas ranger|train',
    movie_imdb_link: 'http://www.imdb.com/title/tt1210819/?ref_=fn_tt_tt_1',
    num_user_for_reviews: 711,
    language: 'English',
    country: 'USA',
    content_rating: 'PG-13',
    budget: 215000000,
    title_year: 1980,
    actor_2_facebook_likes: 2000,
    imdb_score: 6.5,
    aspect_ratio: 2.049508332,
    movie_facebook_likes: 48000,
    'production houses': 'Summit',
    week1: 105.768,
    week2: 44.445,
    week3: 74.777,
    week4: 38.381,
    isActive: 0,
    music: 'Hans Zimmer',
    stars: { '0': 0, '1': 0, '2': 0, '3': 1, '4': 1 }
  },
  {
    _id: 16,
    relese: '04-08-1998',
    color: 'Color',
    director: 'Zack Snyder',
    critic: 733,
    duration: 143,
    director_facebook: 0,
    actor_3_facebook: 748,
    actor_2_name: 'Christopher Meloni',
    actor_1_facebook_likes: 15000,
    gross: 291021565,
    genres: 'Action|Adventure|Fantasy|Sci-Fi',
    actor_1_name: 'Henry Cavill',
    movie_title: 'Man of Steel',
    num_voted_users: 548573,
    cast_total_facebook_likes: 20495,
    actor_3_name: 'Harry Lennix',
    facenumber_in_poster: 0,
    plot_keywords: 'based on comic book|british actor playing american character|final battle|origin of hero|reboot',
    movie_imdb_link: 'http://www.imdb.com/title/tt0770828/?ref_=fn_tt_tt_1',
    num_user_for_reviews: 2536,
    language: 'English',
    country: 'USA',
    content_rating: 'PG-13',
    budget: 225000000,
    title_year: 1998,
    actor_2_facebook_likes: 3000,
    imdb_score: 7.2,
    aspect_ratio: 2.269864721,
    movie_facebook_likes: 118000,
    'production houses': 'Paramount',
    week1: 88.024,
    week2: 15.52,
    week3: 19.095,
    week4: 36.016,
    isActive: 0,
    music: 'Hans Zimmer',
    stars: { '0': 1, '1': 1, '2': 1, '3': 1, '4': 1 }
  },
  {
    _id: 10,
    relese: '05-06-1964',
    color: 'Color',
    director: 'David Yates',
    critic: 375,
    duration: 153,
    director_facebook: 282,
    actor_3_facebook: 10000,
    actor_2_name: 'Daniel Radcliffe',
    actor_1_facebook_likes: 25000,
    gross: 301956980,
    genres: 'Adventure|Family|Fantasy|Mystery',
    actor_1_name: 'Alan Rickman',
    movie_title: 'Harry Potter and the Half-Blood Prince',
    num_voted_users: 321795,
    cast_total_facebook_likes: 58753,
    actor_3_name: 'Rupert Grint',
    facenumber_in_poster: 3,
    plot_keywords: 'blood|book|love|potion|professor',
    movie_imdb_link: 'http://www.imdb.com/title/tt0417741/?ref_=fn_tt_tt_1',
    num_user_for_reviews: 973,
    language: 'English',
    country: 'UK',
    content_rating: 'PG',
    budget: 250000000,
    title_year: 1964,
    actor_2_facebook_likes: 11000,
    imdb_score: 7.5,
    aspect_ratio: 1.206639454,
    movie_facebook_likes: 10000,
    'production houses': 'Warner Bros.',
    week1: 0.062,
    week2: 89.447,
    week3: 53.728,
    week4: 21.924,
    isActive: 1,
    music: 'Nicholas Hooper',
    stars: { '0': 0, '1': 0, '2': 1, '3': 0, '4': 1 }
  },
  {
    _id: 17,
    relese: '15-08-1998',
    color: 'Color',
    director: 'Andrew Adamson',
    critic: 258,
    duration: 150,
    director_facebook: 80,
    actor_3_facebook: 201,
    actor_2_name: 'Pierfrancesco Favino',
    actor_1_facebook_likes: 22000,
    gross: 141614023,
    genres: 'Action|Adventure|Family|Fantasy',
    actor_1_name: 'Peter Dinklage',
    movie_title: 'The Chronicles of Narnia: Prince Caspian',
    num_voted_users: 149922,
    cast_total_facebook_likes: 22697,
    actor_3_name: 'Damián Alcázar',
    facenumber_in_poster: 4,
    plot_keywords: 'brother brother relationship|brother sister relationship|good versus evil|king|narnia',
    movie_imdb_link: 'http://www.imdb.com/title/tt0499448/?ref_=fn_tt_tt_1',
    num_user_for_reviews: 438,
    language: 'English',
    country: 'USA',
    content_rating: 'PG',
    budget: 225000000,
    title_year: 1998,
    actor_2_facebook_likes: 216,
    imdb_score: 6.6,
    aspect_ratio: 1.720342257,
    movie_facebook_likes: 0,
    'production houses': 'Disney',
    week1: 98.365,
    week2: 44.405,
    week3: 35.247,
    week4: 26.151,
    isActive: 1,
    music: 'Harry Gregson-Williams',
    stars: { '0': 1, '1': 1, '2': 0, '3': 0, '4': 1 }
  },
  {
    _id: 18,
    relese: '01-06-1991',
    color: 'Color',
    director: 'Joss Whedon',
    critic: 703,
    duration: 173,
    director_facebook: 0,
    actor_3_facebook: 19000,
    actor_2_name: 'Robert Downey Jr.',
    actor_1_facebook_likes: 26000,
    gross: 623279547,
    genres: 'Action|Adventure|Sci-Fi',
    actor_1_name: 'Chris Hemsworth',
    movie_title: 'The Avengers',
    num_voted_users: 995415,
    cast_total_facebook_likes: 87697,
    actor_3_name: 'Scarlett Johansson',
    facenumber_in_poster: 3,
    plot_keywords: 'alien invasion|assassin|battle|iron man|soldier',
    movie_imdb_link: 'http://www.imdb.com/title/tt0848228/?ref_=fn_tt_tt_1',
    num_user_for_reviews: 1722,
    language: 'English',
    country: 'USA',
    content_rating: 'PG-13',
    budget: 220000000,
    title_year: 1991,
    actor_2_facebook_likes: 21000,
    imdb_score: 8.1,
    aspect_ratio: 1.014251209,
    movie_facebook_likes: 123000,
    'production houses': 'Warner Bros.',
    week1: 90.384,
    week2: 55.017,
    week3: 72.602,
    week4: 31.011,
    isActive: 1,
    music: 'Alan Silvestri',
    stars: { '0': 0, '1': 0, '2': 1, '3': 1, '4': 1 }
  },
  {
    _id: 19,
    relese: '11-12-1987',
    color: 'Color',
    director: 'Rob Marshall',
    critic: 448,
    duration: 136,
    director_facebook: 252,
    actor_3_facebook: 1000,
    actor_2_name: 'Sam Claflin',
    actor_1_facebook_likes: 40000,
    gross: 241063875,
    genres: 'Action|Adventure|Fantasy',
    actor_1_name: 'Johnny Depp',
    movie_title: 'Pirates of the Caribbean: On Stranger Tides',
    num_voted_users: 370704,
    cast_total_facebook_likes: 54083,
    actor_3_name: 'Stephen Graham',
    facenumber_in_poster: 4,
    plot_keywords: 'blackbeard|captain|pirate|revenge|soldier',
    movie_imdb_link: 'http://www.imdb.com/title/tt1298650/?ref_=fn_tt_tt_1',
    num_user_for_reviews: 484,
    language: 'English',
    country: 'USA',
    content_rating: 'PG-13',
    budget: 250000000,
    title_year: 1987,
    actor_2_facebook_likes: 11000,
    imdb_score: 6.7,
    aspect_ratio: 1.829249773,
    movie_facebook_likes: 58000,
    'production houses': 'Paramount',
    week1: 74.747,
    week2: 53.769,
    week3: 10.221,
    week4: 37.365,
    isActive: 1,
    music: 'Hans Zimmer',
    stars: { '0': 1, '1': 0, '2': 0, '3': 1, '4': 0 }
  },
  {
    _id: 20,
    relese: '01-01-1966',
    color: 'Color',
    director: 'Barry Sonnenfeld',
    critic: 451,
    duration: 106,
    director_facebook: 188,
    actor_3_facebook: 718,
    actor_2_name: 'Michael Stuhlbarg',
    actor_1_facebook_likes: 10000,
    gross: 179020854,
    genres: 'Action|Adventure|Comedy|Family|Fantasy|Sci-Fi',
    actor_1_name: 'Will Smith',
    movie_title: 'Men in Black 3',
    num_voted_users: 268154,
    cast_total_facebook_likes: 12572,
    actor_3_name: 'Nicole Scherzinger',
    facenumber_in_poster: 1,
    plot_keywords: 'alien|criminal|m.i.b.|maximum security prison|prison',
    movie_imdb_link: 'http://www.imdb.com/title/tt1409024/?ref_=fn_tt_tt_1',
    num_user_for_reviews: 341,
    language: 'English',
    country: 'USA',
    content_rating: 'PG-13',
    budget: 225000000,
    title_year: 1966,
    actor_2_facebook_likes: 816,
    imdb_score: 6.8,
    aspect_ratio: 2.022072222,
    movie_facebook_likes: 40000,
    'production houses': 'Paramount',
    week1: 32.77,
    week2: 76.435,
    week3: 71.695,
    week4: 4.399,
    isActive: 0,
    music: 'Danny Elfman',
    stars: { '0': 1, '1': 1, '2': 1, '3': 0, '4': 1 }
  }
]
Type "it" for more
Enterprise db1> db.movies.find({}, {_id:0, movie_title:1, genres:true});
[
  { genres: 'Action|Adventure|Fantasy|Sci-Fi', movie_title: 'Avatar' },
  {
    genres: 'Action|Adventure|Fantasy',
    movie_title: "Pirates of the Caribbean: At World's End"
  },
  { genres: 'Action|Adventure|Thriller', movie_title: 'Spectre' },
  {
    genres: 'Documentary',
    movie_title: 'Star Wars: Episode VII - The Force Awakens'
  },
  { genres: 'Action|Adventure|Romance', movie_title: 'Spider-Man 3' },
  {
    genres: 'Adventure|Animation|Comedy|Family|Fantasy|Musical|Romance',
    movie_title: 'Tangled'
  },
  { genres: 'Action|Thriller', movie_title: 'The Dark Knight Rises' },
  { genres: 'Action|Adventure|Sci-Fi', movie_title: 'John Carter' },
  {
    genres: 'Action|Adventure|Sci-Fi',
    movie_title: 'Avengers: Age of Ultron'
  },
  {
    genres: 'Action|Adventure|Sci-Fi',
    movie_title: 'Batman v Superman: Dawn of Justice'
  },
  {
    genres: 'Action|Adventure|Sci-Fi',
    movie_title: 'Superman Returns'
  },
  { genres: 'Action|Adventure', movie_title: 'Quantum of Solace' },
  {
    genres: 'Action|Adventure|Fantasy',
    movie_title: "Pirates of the Caribbean: Dead Man's Chest"
  },
  {
    genres: 'Action|Adventure|Western',
    movie_title: 'The Lone Ranger'
  },
  {
    genres: 'Action|Adventure|Fantasy|Sci-Fi',
    movie_title: 'Man of Steel'
  },
  {
    genres: 'Adventure|Family|Fantasy|Mystery',
    movie_title: 'Harry Potter and the Half-Blood Prince'
  },
  {
    genres: 'Action|Adventure|Family|Fantasy',
    movie_title: 'The Chronicles of Narnia: Prince Caspian'
  },
  { genres: 'Action|Adventure|Sci-Fi', movie_title: 'The Avengers' },
  {
    genres: 'Action|Adventure|Fantasy',
    movie_title: 'Pirates of the Caribbean: On Stranger Tides'
  },
  {
    genres: 'Action|Adventure|Comedy|Family|Fantasy|Sci-Fi',
    movie_title: 'Men in Black 3'
  }
]
Type "it" for more
Enterprise db1> db.movies.find({}, {_id:0, Title:'$movie_title', genres:true});
[
  { genres: 'Action|Adventure|Fantasy|Sci-Fi', Title: 'Avatar' },
  {
    genres: 'Action|Adventure|Fantasy',
    Title: "Pirates of the Caribbean: At World's End"
  },
  { genres: 'Action|Adventure|Thriller', Title: 'Spectre' },
  {
    genres: 'Documentary',
    Title: 'Star Wars: Episode VII - The Force Awakens'
  },
  { genres: 'Action|Adventure|Romance', Title: 'Spider-Man 3' },
  {
    genres: 'Adventure|Animation|Comedy|Family|Fantasy|Musical|Romance',
    Title: 'Tangled'
  },
  { genres: 'Action|Thriller', Title: 'The Dark Knight Rises' },
  { genres: 'Action|Adventure|Sci-Fi', Title: 'John Carter' },
  {
    genres: 'Action|Adventure|Sci-Fi',
    Title: 'Avengers: Age of Ultron'
  },
  {
    genres: 'Action|Adventure|Sci-Fi',
    Title: 'Batman v Superman: Dawn of Justice'
  },
  { genres: 'Action|Adventure|Sci-Fi', Title: 'Superman Returns' },
  { genres: 'Action|Adventure', Title: 'Quantum of Solace' },
  {
    genres: 'Action|Adventure|Fantasy',
    Title: "Pirates of the Caribbean: Dead Man's Chest"
  },
  { genres: 'Action|Adventure|Western', Title: 'The Lone Ranger' },
  { genres: 'Action|Adventure|Fantasy|Sci-Fi', Title: 'Man of Steel' },
  {
    genres: 'Adventure|Family|Fantasy|Mystery',
    Title: 'Harry Potter and the Half-Blood Prince'
  },
  {
    genres: 'Action|Adventure|Family|Fantasy',
    Title: 'The Chronicles of Narnia: Prince Caspian'
  },
  { genres: 'Action|Adventure|Sci-Fi', Title: 'The Avengers' },
  {
    genres: 'Action|Adventure|Fantasy',
    Title: 'Pirates of the Caribbean: On Stranger Tides'
  },
  {
    genres: 'Action|Adventure|Comedy|Family|Fantasy|Sci-Fi',
    Title: 'Men in Black 3'
  }
]
Type "it" for more
Enterprise db1> db.movies.find({genres:/^A/}, {_id:0, Title:'$movie_title', genres:true});
[
  { genres: 'Action|Adventure|Fantasy|Sci-Fi', Title: 'Avatar' },
  {
    genres: 'Action|Adventure|Fantasy',
    Title: "Pirates of the Caribbean: At World's End"
  },
  { genres: 'Action|Adventure|Thriller', Title: 'Spectre' },
  { genres: 'Action|Adventure|Romance', Title: 'Spider-Man 3' },
  {
    genres: 'Adventure|Animation|Comedy|Family|Fantasy|Musical|Romance',
    Title: 'Tangled'
  },
  { genres: 'Action|Thriller', Title: 'The Dark Knight Rises' },
  { genres: 'Action|Adventure|Sci-Fi', Title: 'John Carter' },
  {
    genres: 'Action|Adventure|Sci-Fi',
    Title: 'Avengers: Age of Ultron'
  },
  {
    genres: 'Action|Adventure|Sci-Fi',
    Title: 'Batman v Superman: Dawn of Justice'
  },
  { genres: 'Action|Adventure|Sci-Fi', Title: 'Superman Returns' },
  { genres: 'Action|Adventure', Title: 'Quantum of Solace' },
  {
    genres: 'Action|Adventure|Fantasy',
    Title: "Pirates of the Caribbean: Dead Man's Chest"
  },
  { genres: 'Action|Adventure|Western', Title: 'The Lone Ranger' },
  { genres: 'Action|Adventure|Fantasy|Sci-Fi', Title: 'Man of Steel' },
  {
    genres: 'Adventure|Family|Fantasy|Mystery',
    Title: 'Harry Potter and the Half-Blood Prince'
  },
  {
    genres: 'Action|Adventure|Family|Fantasy',
    Title: 'The Chronicles of Narnia: Prince Caspian'
  },
  { genres: 'Action|Adventure|Sci-Fi', Title: 'The Avengers' },
  {
    genres: 'Action|Adventure|Fantasy',
    Title: 'Pirates of the Caribbean: On Stranger Tides'
  },
  {
    genres: 'Action|Adventure|Comedy|Family|Fantasy|Sci-Fi',
    Title: 'Men in Black 3'
  },
  {
    genres: 'Adventure|Fantasy',
    Title: 'The Hobbit: The Battle of the Five Armies'
  }
]
Type "it" for more
Enterprise db1> db.movies.find({genres:/^h/}, {_id:0, Title:'$movie_title', genres:true});

Enterprise db1> db.movies.find({genres:/^H/}, {_id:0, Title:'$movie_title', genres:true});
[
  {
    genres: 'Horror|Mystery|Thriller',
    Title: 'Exorcist: The Beginning'
  },
  { genres: 'Horror|Mystery|Sci-Fi|Thriller', Title: 'The Relic' },
  { genres: 'Horror|Sci-Fi|Thriller', Title: 'Event Horizon' },
  { genres: 'Horror|Sci-Fi|Thriller', Title: 'Supernova' },
  { genres: 'Horror|Mystery', Title: 'The Ring Two' },
  { genres: 'Horror|Thriller', Title: 'The Tooth Fairy' },
  { genres: 'Horror|Mystery|Thriller', Title: 'From Hell' },
  { genres: 'Horror|Mystery|Thriller', Title: 'The Conjuring 2' },
  { genres: 'Horror|Mystery', Title: 'Scream 3' },
  { genres: 'Horror', Title: 'The Final Destination' },
  { genres: 'Horror|Mystery|Thriller', Title: 'The Skeleton Key' },
  { genres: 'Horror|Mystery|Thriller', Title: 'Gothika' },
  { genres: 'Horror|Mystery', Title: 'Scream 4' },
  { genres: 'Horror', Title: 'Final Destination 5' },
  {
    genres: 'Horror|Sci-Fi|Thriller',
    Title: 'The Island of Dr. Moreau'
  },
  { genres: 'Horror|Thriller', Title: 'The Reaping' },
  { genres: 'Horror|Mystery|Sci-Fi', Title: 'The Thing' },
  { genres: 'Horror|Sci-Fi|Thriller', Title: 'The Cell' },
  { genres: 'Horror', Title: 'A Nightmare on Elm Street' },
  { genres: 'Horror|Mystery|Thriller', Title: 'From Hell' }
]
Type "it" for more
Enterprise db1> db.movies.find({genres:/^h/}, {_id:0, Title:'$movie_title', genres:true});

Enterprise db1> db.movies.find({genres:/g$/}, {_id:0, Title:'$movie_title', genres:true});

Enterprise db1> db.movies.find({genres:/r$/}, {_id:0, Title:'$movie_title', genres:true});
[
  { genres: 'Action|Adventure|Thriller', Title: 'Spectre' },
  { genres: 'Action|Thriller', Title: 'The Dark Knight Rises' },
  { genres: 'Action|Adventure|Sci-Fi|Thriller', Title: 'Battleship' },
  {
    genres: 'Action|Adventure|Sci-Fi|Thriller',
    Title: 'Jurassic World'
  },
  { genres: 'Action|Adventure|Thriller', Title: 'Skyfall' },
  {
    genres: 'Action|Adventure|Fantasy|Sci-Fi|Thriller',
    Title: 'X-Men: The Last Stand'
  },
  { genres: 'Action|Crime|Thriller', Title: 'Furious 7' },
  {
    genres: 'Action|Adventure|Horror|Sci-Fi|Thriller',
    Title: 'World War'
  },
  {
    genres: 'Action|Adventure|Fantasy|Sci-Fi|Thriller',
    Title: 'X-Men: Days of Future Past'
  },
  {
    genres: 'Action|Adventure|Sci-Fi|Thriller',
    Title: 'Star Trek Beyond'
  },
  { genres: 'Action|Comedy|Crime|Thriller', Title: 'Rush Hour 3' },
  { genres: 'Action|Crime|Drama|Thriller', Title: 'The Dark Knight' },
  {
    genres: 'Action|Adventure|Fantasy|Horror|Thriller',
    Title: 'The Mummy: Tomb of the Dragon Emperor'
  },
  { genres: 'Action|Adventure|Sci-Fi|Thriller', Title: 'Waterworld' },
  {
    genres: 'Action|Adventure|Sci-Fi|Thriller',
    Title: 'G.I. Joe: The Rise of Cobra'
  },
  { genres: 'Action|Adventure|Sci-Fi|Thriller', Title: 'Inception' },
  {
    genres: 'Action|Crime|Thriller',
    Title: 'The Fast and the Furious'
  },
  { genres: 'Action|Adventure|Drama|Thriller', Title: 'Poseidon' },
  { genres: 'Action|Drama|History|Romance|War', Title: 'Pearl Harbor' },
  {
    genres: 'Action|Adventure|Biography|Drama|History|Romance|War',
    Title: 'Alexander'
  }
]
Type "it" for more
Enterprise db1> db.movies.find({genres:/^H/}, {_id:0, Title:'$movie_title', genres:true});
[
  {
    genres: 'Horror|Mystery|Thriller',
    Title: 'Exorcist: The Beginning'
  },
  { genres: 'Horror|Mystery|Sci-Fi|Thriller', Title: 'The Relic' },
  { genres: 'Horror|Sci-Fi|Thriller', Title: 'Event Horizon' },
  { genres: 'Horror|Sci-Fi|Thriller', Title: 'Supernova' },
  { genres: 'Horror|Mystery', Title: 'The Ring Two' },
  { genres: 'Horror|Thriller', Title: 'The Tooth Fairy' },
  { genres: 'Horror|Mystery|Thriller', Title: 'From Hell' },
  { genres: 'Horror|Mystery|Thriller', Title: 'The Conjuring 2' },
  { genres: 'Horror|Mystery', Title: 'Scream 3' },
  { genres: 'Horror', Title: 'The Final Destination' },
  { genres: 'Horror|Mystery|Thriller', Title: 'The Skeleton Key' },
  { genres: 'Horror|Mystery|Thriller', Title: 'Gothika' },
  { genres: 'Horror|Mystery', Title: 'Scream 4' },
  { genres: 'Horror', Title: 'Final Destination 5' },
  {
    genres: 'Horror|Sci-Fi|Thriller',
    Title: 'The Island of Dr. Moreau'
  },
  { genres: 'Horror|Thriller', Title: 'The Reaping' },
  { genres: 'Horror|Mystery|Sci-Fi', Title: 'The Thing' },
  { genres: 'Horror|Sci-Fi|Thriller', Title: 'The Cell' },
  { genres: 'Horror', Title: 'A Nightmare on Elm Street' },
  { genres: 'Horror|Mystery|Thriller', Title: 'From Hell' }
]
Type "it" for more
Enterprise db1> db.movies.find({genres:/Horror/}, {_id:0, Title:'$movie_title', genres:true});

[
  {
    genres: 'Action|Adventure|Horror|Sci-Fi|Thriller',
    Title: 'World War'
  },
  {
    genres: 'Action|Adventure|Fantasy|Horror|Thriller',
    Title: 'The Mummy: Tomb of the Dragon Emperor'
  },
  {
    genres: 'Action|Adventure|Drama|Horror|Sci-Fi',
    Title: 'Godzilla Resurgence'
  },
  { genres: 'Drama|Horror|Sci-Fi', Title: 'I Am Legend' },
  { genres: 'Comedy|Fantasy|Horror', Title: 'Dark Shadows' },
  { genres: 'Drama|Fantasy|Horror|Thriller', Title: 'The Wolfman' },
  {
    genres: 'Action|Adventure|Drama|Horror|Sci-Fi',
    Title: 'Godzilla Resurgence'
  },
  { genres: 'Action|Fantasy|Horror|Mystery', Title: 'End of Days' },
  {
    genres: 'Drama|Fantasy|Horror|Mystery|Thriller',
    Title: 'What Lies Beneath'
  },
  {
    genres: 'Comedy|Family|Fantasy|Horror|Mystery',
    Title: 'The Haunted Mansion'
  },
  { genres: 'Action|Horror|Sci-Fi|Thriller', Title: 'Hollow Man' },
  { genres: 'Crime|Drama|Horror|Mystery|Thriller', Title: 'Hannibal' },
  { genres: 'Comedy|Fantasy|Horror', Title: 'Creepshow' },
  {
    genres: 'Action|Adventure|Fantasy|Horror|Sci-Fi',
    Title: 'Hellboy II: The Golden Army'
  },
  { genres: 'Fantasy|Horror|Mystery|Thriller', Title: 'The Haunting' },
  { genres: 'Drama|Horror|Mystery|Sci-Fi', Title: 'Evolution' },
  {
    genres: 'Action|Adventure|Horror|Sci-Fi|Thriller',
    Title: 'A Sound of Thunder'
  },
  {
    genres: 'Horror|Mystery|Thriller',
    Title: 'Exorcist: The Beginning'
  },
  { genres: 'Drama|Fantasy|Horror|Thriller', Title: 'Constantine' },
  { genres: 'Drama|Horror|Sci-Fi|Thriller', Title: 'Carriers' }
]
Type "it" for more
Enterprise db1> db.movies.find({genres:/^Horror$/}, {_id:0, Title:'$movie_title', genres:true});
[
  { genres: 'Horror', Title: 'The Final Destination' },
  { genres: 'Horror', Title: 'Final Destination 5' },
  { genres: 'Horror', Title: 'A Nightmare on Elm Street' },
  { genres: 'Horror', Title: 'House of Wax' },
  { genres: 'Horror', Title: 'Stigmata' },
  { genres: 'Horror', Title: '30 Days of Night' },
  { genres: 'Horror', Title: 'Final Destination 3' },
  { genres: 'Horror', Title: 'Jeepers Creepers II' },
  { genres: 'Horror', Title: 'The Ruins' },
  { genres: 'Horror', Title: 'Ghost Ship' },
  { genres: 'Horror', Title: 'Thir13en Ghosts' },
  { genres: 'Horror', Title: 'Land of the Dead' },
  { genres: 'Horror', Title: 'Restoration' },
  { genres: 'Horror', Title: 'Day of the Dead' },
  { genres: 'Horror', Title: 'The Hills Have Eyes' },
  { genres: 'Horror', Title: 'Evil Dead' },
  {
    genres: 'Horror',
    Title: 'The Texas Chainsaw Massacre: The Beginning'
  },
  { genres: 'Horror', Title: 'Halloween II' },
  { genres: 'Horror', Title: 'The Hills Have Eyes II' },
  { genres: 'Horror', Title: 'Exorcist II: The Heretic' }
]
Type "it" for more
Enterprise db1> db.movies.find({movie_title:/^D/}, {_id:0, Title:'$movie_title', genres:true});
[
  {
    genres: 'Action|Adventure|Drama|Sci-Fi',
    Title: 'Dawn of the Planet of the Apes'
  },
  { genres: 'Comedy|Fantasy|Horror', Title: 'Dark Shadows' },
  { genres: 'Action|Adventure|Thriller', Title: 'Die Another Day' },
  { genres: 'Adventure|Animation|Family|Thriller', Title: 'Dinosaur' },
  { genres: 'Action|Adventure|Thriller', Title: "Dante's Peak" },
  { genres: 'Drama|Western', Title: 'Django Unchained' },
  {
    genres: 'Action|Adventure|Thriller',
    Title: 'Die Hard with a Vengeance'
  },
  { genres: 'Adventure|Mystery|Sci-Fi', Title: 'Divergent' },
  { genres: 'Action|Sci-Fi', Title: 'Dredd' },
  {
    genres: 'Action|Drama|Romance|Sci-Fi|Thriller',
    Title: 'Deep Impact'
  },
  {
    genres: 'Action|Adventure|Crime|Drama|Sci-Fi|Thriller',
    Title: 'Daredevil'
  },
  { genres: 'Drama|Romance', Title: 'Déjà Vu' },
  { genres: 'Action|Adventure|Drama|Thriller', Title: 'Daylight' },
  {
    genres: 'Animation|Comedy|Family|Sci-Fi',
    Title: 'Despicable Me 2'
  },
  { genres: 'Drama|Music|Musical', Title: 'Dreamgirls' },
  { genres: 'Comedy|Family|Fantasy', Title: 'Dr. Dolittle 2' },
  { genres: 'Action|Drama|Sport', Title: 'Driven' },
  { genres: 'Comedy|Family|Fantasy', Title: 'Doctor Dolittle' },
  { genres: 'Action|Thriller', Title: 'Die Hard 2' },
  {
    genres: 'Action|Drama|Fantasy|Horror|War',
    Title: 'Dracula Untold'
  }
]
Type "it" for more
Enterprise db1> db.movies.find({movie_title:/^Don/}, {_id:0, Title:'$movie_title', genres:true});
[
  { genres: 'Crime|Drama|Mystery|Thriller', Title: "Don't Say a Word" },
  { genres: 'Biography|Crime|Drama', Title: 'Donnie Brasco' },
  { genres: 'Comedy|Drama|Romance', Title: 'Don Juan DeMarco' },
  {
    genres: 'Fantasy|Horror|Thriller',
    Title: "Don't Be Afraid of the Dark"
  },
  { genres: 'Drama|Mystery|Thriller', Title: 'Don McKay' },
  { genres: 'Comedy|Drama|Romance', Title: 'Don Jon' },
  { genres: 'Drama|Sci-Fi|Thriller', Title: 'Donnie Darko' },
  { genres: 'Adventure|Comedy|Romance', Title: "Donovan's Reef" },
  { genres: 'Crime|Drama|Horror|Thriller', Title: 'Donkey Punch' },
  { genres: 'Action | Crime | Thriller', Title: 'Don' },
  { genres: 'Action | Crime | Drama', Title: 'Don 2' },
  { genres: 'Comedy | Drama', Title: 'Don Muthu Swami' },
  { genres: 'Action | Crime | Thriller', Title: 'Don' },
  { genres: 'Action | Crime | Drama', Title: 'Don 2' },
  { genres: 'Comedy | Drama', Title: 'Don Muthu Swami' },
  { genres: 'Comedy | Crime | Romance', Title: 'Don 2' }
]
Enterprise db1> db.movies.find({movie_title:/^Don$/}, {_id:0, Title:'$movie_title', genres:true});
[
  { genres: 'Action | Crime | Thriller', Title: 'Don' },
  { genres: 'Action | Crime | Thriller', Title: 'Don' }
]
Enterprise db1> db.movies.countDocuments({});
8481
Enterprise db1> db.movies.find().count({})
8481
Enterprise db1> db.emp.find({job:'manager'}).count({})
3
Enterprise db1> db.emp.find({job:'salesman'}).count({})
9
Enterprise db1> db.emp.find().count({})
60
Enterprise db1> db.movies.countDocuments({job:'manager'});
0
Enterprise db1> db.emp.countDocuments({job:'manager'});
3
Enterprise db1> db.emp.countDocuments({job:'manager'},{skip:1});
2
Enterprise db1> db.emp.find({}, {_id:0, job:true})
[
  { job: 'clerk' },         { job: 'clerk' },
  { job: 'programmer' },    { job: 'salesman' },
  { job: 'manager' },       { job: 'analyst' },
  { job: 'accountant' },    { job: 'salesman' },
  { job: 'analyst' },       { job: 'administrator' },
  { job: 'administrator' }, { job: 'administrator' },
  { job: 'clerk' },         { job: 'programmer' },
  { job: 'manager' },       { job: 'clerk' },
  { job: 'programmer' },    { job: 'administrator' },
  { job: 'auditor' },       { job: 'programmer' }
]
Type "it" for more
Enterprise db1> db.emp.distinct('job');
[
  'Computer Programmer',
  'WEB Programmer',
  'accountant',
  'administrator',
  'analyst',
  'auditor',
  'clerk',
  'manager',
  'president',
  'programmer',
  'salesman',
  'writer'
]
Enterprise db1> db.getCollectionNames();
[ 'y', 'movies', 'emp', 'abc xyz' ]
Enterprise db1> db.y.isCapped();
true
Enterprise db1> db.y.insertOne({_id:1, ename:'saleel'})
{ acknowledged: true, insertedId: 1 }
Enterprise db1> db.y.insertOne({_id:1, ename:'saleel'})
MongoServerError: E11000 duplicate key error collection: db1.y index: _id_ dup key: { _id: 1 }
Enterprise db1> db.y.insertOne({_id:2, ename:'saleel'})
{ acknowledged: true, insertedId: 2 }
Enterprise db1> db.y.find();
[ { _id: 1, ename: 'saleel' }, { _id: 2, ename: 'saleel' } ]
Enterprise db1> db.y.insertOne({_id:3, ename:'saleel'})
{ acknowledged: true, insertedId: 3 }
Enterprise db1> db.y.find();
[ { _id: 2, ename: 'saleel' }, { _id: 3, ename: 'saleel' } ]
Enterprise db1> db.y.insertOne({ ename:'saleel', _id:4})
{ acknowledged: true, insertedId: 4 }
Enterprise db1> db.y.find();
[ { _id: 3, ename: 'saleel' }, { _id: 4, ename: 'saleel' } ]
Enterprise db1> db.y.insertOne({ ename:'saleel'})
{
  acknowledged: true,
  insertedId: ObjectId("67d3abcdf3377dce3cd98dc2")
}
Enterprise db1> db.y.find();
[
  { _id: 4, ename: 'saleel' },
  { _id: ObjectId("67d3abcdf3377dce3cd98dc2"), ename: 'saleel' }
]
Enterprise db1> x = objectId();
ReferenceError: objectId is not defined
Enterprise db1> x = ObjectId();
ObjectId("67d3abeef3377dce3cd98dc3")
Enterprise db1> x
ObjectId("67d3abeef3377dce3cd98dc3")
Enterprise db1> x = ObjectId();
ObjectId("67d3abf8f3377dce3cd98dc4")
Enterprise db1> x
ObjectId("67d3abf8f3377dce3cd98dc4")
Enterprise db1>

Enterprise db1>

Enterprise db1>

Enterprise db1>

Enterprise db1> db.getColectionNames();
TypeError: db.getColectionNames is not a function
Enterprise db1> db.getCollectionNames();
[ 'y', 'movies', 'emp', 'abc xyz' ]
Enterprise db1> edit
Opening an editor...

Enterprise db1> db.x.insertMany([{ _id: 1, ename: 'saleel', colors: ['blue', 'green'], address: { city: 'baroda', state: 'GJ' } }, { _id: 2, ename: 'sharmin', colors: ['blue', 'green', 'pink'], address: { city: 'pune', state: 'MH' }, phone: [1111, 222] }]);
{ acknowledged: true, insertedIds: { '0': 1, '1': 2 } }
Enterprise db1> db.x.find();
[
  {
    _id: 1,
    ename: 'saleel',
    colors: [ 'blue', 'green' ],
    address: { city: 'baroda', state: 'GJ' }
  },
  {
    _id: 2,
    ename: 'sharmin',
    colors: [ 'blue', 'green', 'pink' ],
    address: { city: 'pune', state: 'MH' },
    phone: [ 1111, 222 ]
  }
]
Enterprise db1> db.emp.find({},{_id:1,ename:false});
[
  {
    _id: ObjectId("67d27818893a488152e4d672"),
    empid: 1026,
    address: {
      building: '7114',
      coord: [ -73.9068506, 40.6199034 ],
      street: 'Avenue U',
      zipcode: '11234'
    },
    isDocActive: false,
    gender: 'male',
    canVote: true,
    canDrive: true,
    color: [ 'Brass', 'Bright Green' ],
    fruit: [],
    cards: [
      { aadhar: { 'aadhar-No': '12321', isActive: true } },
      { PAN: { 'PAN-No': 'Kinj093', isActive: false } },
      { voter: { voterID: 'Ind03o3', isActive: true } },
      {
        licence: {
          'licence-No': 'LMV9478',
          issueDate: '2020-01-01',
          expireDate: '2040-01-01',
          isActive: true
        }
      }
    ],
    job: 'clerk',
    mgr: 1024,
    hiredate: ISODate("1981-12-03T00:00:00.000Z"),
    sal: 3000,
    comm: null,
    deptno: 30
  },
  {
    _id: ObjectId("67d27818893a488152e4d673"),
    empid: 1027,
    address: {
      building: '6409',
      coord: [ -74.00528899999999, 40.628886 ],
      street: '11 Avenue',
      zipcode: '11219'
    },
    isDocActive: false,
    gender: 'male',
    canVote: true,
    canDrive: true,
    color: [ 'Charcoal', 'Cherry' ],
    fruit: [],
    cards: [
      { aadhar: { 'aadhar-No': '83972', isActive: true } },
      { PAN: { 'PAN-No': 'Kinj093', isActive: false } },
      { voter: { voterID: 'Ind03o3', isActive: true } },
      {
        licence: {
          'licence-No': 'LMV9478',
          issueDate: '2020-01-01',
          expireDate: '2040-01-01',
          isActive: true
        }
      }
    ],
    job: 'clerk',
    mgr: 1024,
    hiredate: ISODate("1981-02-22T00:00:00.000Z"),
    sal: 1500,
    comm: null,
    deptno: 10
  },
  {
    _id: ObjectId("67d27818893a488152e4d674"),
    empid: 1030,
    address: {
      building: '7715',
      coord: [ -73.9973325, 40.61174889999999 ],
      street: '18 Avenue',
      zipcode: '11214'
    },
    isDocActive: false,
    gender: 'male',
    canVote: true,
    canDrive: true,
    color: [ 'Coral' ],
    fruit: [ 'Dates', 'Orange' ],
    cards: [
      { aadhar: { 'aadhar-No': '73822', isActive: true } },
      { PAN: { 'PAN-No': 'Kinj093', isActive: false } },
      {
        licence: {
          'licence-No': 'LMV9478',
          issueDate: '2020-01-01',
          expireDate: '2040-01-01',
          isActive: true
        }
      },
      { voter: { voterID: 'Ind03o3', isActive: true } }
    ],
    job: 'programmer',
    mgr: 1020,
    hiredate: ISODate("1982-12-09T00:00:00.000Z"),
    sal: 2900,
    comm: null,
    deptno: 10
  },
  {
    _id: ObjectId("67d27818893a488152e4d675"),
    empid: 1034,
    address: {
      building: '203',
      coord: [ -73.97822040000001, 40.6435254 ],
      street: 'Church Avenue',
      zipcode: '11218'
    },
    isDocActive: false,
    gender: 'male',
    canVote: true,
    canDrive: true,
    color: [ 'India Green' ],
    fruit: [ 'Dates' ],
    cards: [
      { PAN: { 'PAN-No': 'Kinj093', isActive: false } },
      { aadhar: { 'aadhar-No': '19826', isActive: true } },
      {
        licence: {
          'licence-No': 'LMV9478',
          issueDate: '2020-01-01',
          expireDate: '2040-01-01',
          isActive: true
        }
      },
      { voter: { voterID: 'Ind03o3', isActive: true } },
      { debit: { bank: 'BOI', isActive: true } }
    ],
    job: 'salesman',
    mgr: 1029,
    hiredate: ISODate("1980-02-14T00:00:00.000Z"),
    sal: 2200,
    comm: 6250,
    deptno: 40
  },
  {
    _id: ObjectId("67d27818893a488152e4d676"),
    empid: 1029,
    address: {
      building: '2300',
      coord: [ -73.8786113, 40.8502883 ],
      street: 'Southern Boulevard',
      zipcode: '10460'
    },
    isDocActive: false,
    gender: 'male',
    canVote: true,
    canDrive: true,
    color: [ 'Copper' ],
    fruit: [],
    cards: [
      { aadhar: { 'aadhar-No': '73122', isActive: true } },
      { PAN: { 'PAN-No': 'Kinj093', isActive: false } },
      { voter: { voterID: 'Ind03o3', isActive: true } },
      {
        licence: {
          'licence-No': 'LMV9478',
          issueDate: '2020-01-01',
          expireDate: '2040-01-01',
          isActive: true
        }
      }
    ],
    job: 'manager',
    mgr: 1020,
    hiredate: ISODate("1980-12-17T00:00:00.000Z"),
    sal: 4900,
    comm: null,
    deptno: 30
  },
  {
    _id: ObjectId("67d27818893a488152e4d677"),
    empid: 1028,
    address: {
      building: '1839',
      coord: [ -73.9482609, 40.6408271 ],
      street: 'Nostrand Avenue',
      zipcode: '11226'
    },
    isDocActive: true,
    gender: 'male',
    canVote: true,
    canDrive: true,
    color: [ 'Brown' ],
    fruit: [ 'banana', 'Jackfruit' ],
    cards: [
      { aadhar: { 'aadhar-No': '92783', isActive: true } },
      { PAN: { 'PAN-No': 'Kinj093', isActive: false } },
      { voter: { voterID: 'Ind03o3', isActive: true } },
      {
        licence: {
          'licence-No': 'LMV9478',
          issueDate: '2020-01-01',
          expireDate: '2040-01-01',
          isActive: true
        }
      }
    ],
    job: 'analyst',
    mgr: 1025,
    hiredate: ISODate("1981-12-03T00:00:00.000Z"),
    sal: 3500,
    comm: null,
    deptno: 30
  },
  {
    _id: ObjectId("67d27818893a488152e4d678"),
    empid: 1023,
    address: {
      building: '2780',
      coord: [ -73.98241999999999, 40.579505 ],
      street: 'Stillwell Avenue',
      zipcode: '11224'
    },
    isDocActive: false,
    gender: 'male',
    canVote: true,
    canDrive: true,
    color: [ 'Air Force Blue', 'Apple Green' ],
    fruit: [ 'Orange' ],
    cards: [
      { voter: { voterID: 'Ind03o3', isActive: true } },
      { aadhar: { 'aadhar-No': '12321', isActive: true } },
      { PAN: { 'PAN-No': 'Kinj093', isActive: false } },
      {
        licence: {
          'licence-No': 'LMV9478',
          issueDate: '2020-01-01',
          expireDate: '2040-01-01',
          isActive: true
        }
      }
    ],
    job: 'accountant',
    mgr: 1022,
    hiredate: ISODate("1981-04-02T00:00:00.000Z"),
    sal: 2700,
    comm: null,
    deptno: 30
  },
  {
    _id: ObjectId("67d27818893a488152e4d679"),
    empid: 1033,
    address: {
      building: '705',
      coord: [ -73.9653967, 40.6064339 ],
      street: 'Kings Highway',
      zipcode: '11223'
    },
    isDocActive: false,
    gender: 'male',
    canVote: true,
    canDrive: true,
    color: [ 'Bright Green' ],
    fruit: [],
    cards: [
      { voter: { voterID: 'Ind03o3', isActive: true } },
      { aadhar: { 'aadhar-No': '93824', isActive: true } },
      {
        licence: {
          'licence-No': 'LMV9478',
          issueDate: '2020-01-01',
          expireDate: '2040-01-01',
          isActive: true
        }
      },
      { PAN: { 'PAN-No': 'Kinj093', isActive: false } }
    ],
    job: 'salesman',
    mgr: 1029,
    hiredate: ISODate("1982-02-24T00:00:00.000Z"),
    sal: 2200,
    comm: 0,
    deptno: 40
  },
  {
    _id: ObjectId("67d27818893a488152e4d67a"),
    empid: 1039,
    address: {
      building: '129-08',
      coord: [ -73.839297, 40.78147 ],
      street: '20 Avenue',
      zipcode: '11356'
    },
    isDocActive: false,
    gender: 'male',
    canVote: true,
    canDrive: true,
    color: [ 'Cherry', 'Charcoal' ],
    fruit: [],
    cards: [
      {
        ATM: {
          bank: 'BOI',
          from: '2021-10-04',
          to: '2027:12:21',
          isActive: true
        }
      },
      { OCI: { country: 'usa', state: 'NY', isActive: true } },
      {
        debit: {
          bank: 'BOI',
          from: '2021-10-04',
          to: '2027:12:21',
          isActive: true
        }
      },
      { aadhar: { 'aadhar-No': '66675', isActive: true } },
      { PAN: { 'PAN-No': 'Kinj093', isActive: false } },
      { voter: { voterID: 'Ind03o3', isActive: true } },
      {
        licence: {
          'licence-No': 'LMV9478',
          issueDate: '2020-01-01',
          expireDate: '2040-01-01',
          isActive: true
        }
      }
    ],
    job: 'analyst',
    mgr: 1022,
    hiredate: ISODate("1982-12-09T00:00:00.000Z"),
    sal: 3700,
    comm: null,
    deptno: 50
  },
  {
    _id: ObjectId("67d27818893a488152e4d67b"),
    empid: 1036,
    address: {
      building: '6909',
      coord: [ -74.0259567, 40.6353674 ],
      street: '3 Avenue',
      zipcode: '11209'
    },
    isDocActive: true,
    gender: 'male',
    canVote: true,
    canDrive: true,
    color: [ 'Indian Yellow' ],
    fruit: [ 'Crab apples' ],
    cards: [
      { aadhar: { 'aadhar-No': '55622', isActive: true } },
      { PAN: { 'PAN-No': 'Kinj093', isActive: false } },
      { OCI: { country: 'usa', state: 'NJ', isActive: true } },
      { voter: { voterID: 'Ind03o3', isActive: true } },
      {
        licence: {
          'licence-No': 'LMV9478',
          issueDate: '2020-01-01',
          expireDate: '2040-01-01',
          isActive: true
        }
      }
    ],
    job: 'administrator',
    mgr: 1031,
    hiredate: ISODate("1983-06-15T00:00:00.000Z"),
    sal: 3400,
    comm: null,
    deptno: 50
  },
  {
    _id: ObjectId("67d27818893a488152e4d67c"),
    empid: 1040,
    address: {
      building: '759',
      coord: [ -73.9925306, 40.7309346 ],
      street: 'Broadway',
      zipcode: '10003'
    },
    isDocActive: false,
    gender: 'male',
    canVote: true,
    canDrive: true,
    color: [ 'Indian Red' ],
    fruit: [ 'Crab apples' ],
    cards: [
      { aadhar: { 'aadhar-No': '66623', isActive: true } },
      { PAN: { 'PAN-No': 'Kinj093', isActive: false } },
      { voter: { voterID: 'Ind03o3', isActive: true } },
      {
        licence: {
          'licence-No': 'LMV9478',
          issueDate: '2020-01-01',
          expireDate: '2040-01-01',
          isActive: true
        }
      }
    ],
    job: 'administrator',
    mgr: 1029,
    hiredate: ISODate("1982-12-08T00:00:00.000Z"),
    sal: 3500,
    comm: null,
    deptno: 50,
    phone: [ 85088422, Long("9822884228") ]
  },
  {
    _id: ObjectId("67d27818893a488152e4d67d"),
    empid: 1038,
    address: {
      building: '284',
      coord: [ -73.9829239, 40.6580753 ],
      street: 'Prospect Park West',
      zipcode: '11215'
    },
    isDocActive: true,
    gender: 'male',
    canVote: true,
    canDrive: true,
    color: [ 'Apple Green' ],
    fruit: [],
    cards: [
      { OCI: { country: 'usa', state: 'IN', isActive: true } },
      { aadhar: { 'aadhar-No': '00098', isActive: true } },
      { PAN: { 'PAN-No': 'Kinj093', isActive: false } },
      { voter: { voterID: 'Ind03o3', isActive: true } },
      {
        licence: {
          'licence-No': 'LMV9478',
          issueDate: '2020-01-01',
          expireDate: '2040-01-01',
          isActive: true
        }
      }
    ],
    job: 'administrator',
    mgr: 1030,
    hiredate: ISODate("1983-03-14T00:00:00.000Z"),
    sal: 4200,
    comm: null,
    deptno: 10
  },
  {
    _id: ObjectId("67d27818893a488152e4d67e"),
    empid: 1035,
    address: {
      building: '265-15',
      coord: [ -73.7032601, 40.7386417 ],
      street: 'Hillside Avenue',
      zipcode: '11004'
    },
    isDocActive: false,
    gender: 'male',
    canVote: true,
    canDrive: true,
    color: [ 'Indian Red' ],
    fruit: [ 'Lychee', 'Indian Fig' ],
    cards: [
      { credit: { bank: 'SBI', isActive: true } },
      { aadhar: { 'aadhar-No': '00998', isActive: true } },
      { OCI: { country: 'usa', state: 'NJ', isActive: true } },
      { PAN: { 'PAN-No': 'Kinj093', isActive: false } },
      { voter: { voterID: 'Ind03o3', isActive: true } },
      {
        licence: {
          'licence-No': 'LMV9478',
          issueDate: '2020-01-01',
          expireDate: '2040-01-01',
          isActive: true
        }
      }
    ],
    job: 'clerk',
    mgr: 1029,
    hiredate: ISODate("1981-12-31T00:00:00.000Z"),
    sal: 1200,
    comm: null,
    deptno: 40
  },
  {
    _id: ObjectId("67d27818893a488152e4d67f"),
    empid: 1041,
    address: {
      building: '3406',
      coord: [ -73.94024739999999, 40.7623288 ],
      street: '10 Street',
      zipcode: '11106'
    },
    isDocActive: true,
    gender: 'male',
    canVote: true,
    canDrive: true,
    color: [ 'Air Force Blue' ],
    fruit: [],
    cards: [
      { aadhar: { 'aadhar-No': '77767', isActive: true } },
      { PAN: { 'PAN-No': 'Kinj093', isActive: false } },
      { voter: { voterID: 'Ind03o3', isActive: true } },
      {
        licence: {
          'licence-No': 'LMV9478',
          issueDate: '2020-01-01',
          expireDate: '2040-01-01',
          isActive: true
        }
      }
    ],
    job: 'programmer',
    mgr: 1021,
    hiredate: ISODate("1982-12-09T00:00:00.000Z"),
    sal: 3500,
    comm: null,
    deptno: 50,
    phone: [ 85088422, Long("9822884228") ],
    skills: { languages: [ 'C++', 'JAVA' ], web: [ 'php', 'java', 'jquery' ] }
  },
  {
    _id: ObjectId("67d27818893a488152e4d680"),
    empid: 1022,
    address: {
      building: '351',
      coord: [ -73.98513559999999, 40.7676919 ],
      street: 'West   57 Street',
      zipcode: '10019'
    },
    isDocActive: true,
    gender: 'male',
    canVote: true,
    canDrive: true,
    color: [ 'Red', 'Blue', 'Green', 'Yellow' ],
    fruit: [ 'Indian Fig' ],
    cards: [
      { PAN: { 'PAN-No': 'Kinj093', isActive: false } },
      { aadhar: { 'aadhar-No': '73826', isActive: true } },
      { voter: { voterID: 'Ind03o3', isActive: true } },
      {
        licence: {
          'licence-No': 'LMV9478',
          issueDate: '2020-01-01',
          expireDate: '2040-01-01',
          isActive: true
        }
      }
    ],
    job: 'manager',
    mgr: 1020,
    hiredate: ISODate("1981-07-09T00:00:00.000Z"),
    sal: 4700,
    comm: null,
    deptno: 20
  },
  {
    _id: ObjectId("67d27818893a488152e4d681"),
    empid: 1037,
    address: {
      building: '522',
      coord: [ -73.95171, 40.767461 ],
      street: 'East   74 Street',
      zipcode: '10021'
    },
    isDocActive: false,
    gender: 'male',
    canVote: true,
    canDrive: true,
    color: [ 'Lemon' ],
    fruit: [ 'Jackfruit', 'banana', 'Apple' ],
    cards: [
      {
        ATM: {
          bank: 'canara',
          from: '2021-10-20',
          to: '2025:12:21',
          isActive: true
        }
      },
      { aadhar: { 'aadhar-No': '00983', isActive: true } },
      {
        ATM: {
          bank: 'BOI',
          from: '2021-10-04',
          to: '2027:12:21',
          isActive: true
        }
      },
      { OCI: { country: 'usa', state: 'CA', isActive: true } },
      { PAN: { 'PAN-No': 'Kinj093', isActive: false } },
      { voter: { voterID: 'Ind03o3', isActive: true } },
      {
        licence: {
          'licence-No': 'LMV9478',
          issueDate: '2020-01-01',
          expireDate: '2040-01-01',
          isActive: true
        }
      }
    ],
    job: 'clerk',
    mgr: 1031,
    hiredate: ISODate("1983-07-12T00:00:00.000Z"),
    sal: 1400,
    comm: null,
    deptno: 50
  },
  {
    _id: ObjectId("67d27818893a488152e4d682"),
    empid: 1044,
    address: {
      building: '18',
      coord: [ -73.996984, 40.72589 ],
      street: 'West Houston Street',
      zipcode: '10012'
    },
    isDocActive: false,
    gender: 'male',
    canVote: true,
    canDrive: true,
    color: [ 'Lime' ],
    fruit: [ 'Indian Fig' ],
    cards: [
      { aadhar: { 'aadhar-No': '55543', isActive: true } },
      { PAN: { 'PAN-No': 'Kinj093', isActive: false } },
      { voter: { voterID: 'Ind03o3', isActive: true } },
      {
        licence: {
          'licence-No': 'LMV9478',
          issueDate: '2020-01-01',
          expireDate: '2040-01-01',
          isActive: true
        }
      }
    ],
    job: 'programmer',
    mgr: 1021,
    hiredate: ISODate("1981-11-04T00:00:00.000Z"),
    sal: 2400,
    comm: null,
    deptno: 50,
    phone: '020-25420212',
    skills: {
      web: [ 'php', 'java', 'jquery' ],
      database: [ 'oracle', 'ms-sql server', 'mongodb' ]
    }
  },
  {
    _id: ObjectId("67d27818893a488152e4d683"),
    empid: 1042,
    address: {
      building: '502',
      coord: [ -73.976112, 40.786714 ],
      street: 'Amsterdam Avenue',
      zipcode: '10024'
    },
    isDocActive: false,
    gender: 'male',
    canVote: true,
    canDrive: true,
    color: [ 'Orange' ],
    fruit: [],
    cards: [
      { aadhar: { 'aadhar-No': '77787', isActive: true } },
      { PAN: { 'PAN-No': 'Kinj093', isActive: false } },
      { voter: { voterID: 'Ind03o3', isActive: true } },
      {
        licence: {
          'licence-No': 'LMV9478',
          issueDate: '2020-01-01',
          expireDate: '2040-01-01',
          isActive: true
        }
      }
    ],
    job: 'administrator',
    mgr: 1029,
    hiredate: ISODate("1981-11-03T00:00:00.000Z"),
    sal: 3500,
    comm: null,
    deptno: 50,
    phone: [ '9850884228', '9822884228' ]
  },
  {
    _id: ObjectId("67d27818893a488152e4d684"),
    empid: 1050,
    address: {
      building: '1006',
      coord: [ -73.84856870000002, 40.8903781 ],
      street: 'East 233 Street',
      zipcode: '10466'
    },
    isDocActive: false,
    gender: 'male',
    canVote: true,
    canDrive: true,
    color: [ 'Snow White' ],
    fruit: [ 'Orange' ],
    cards: [
      { aadhar: { 'aadhar-No': '44445', isActive: true } },
      { PAN: { 'PAN-No': 'Kinj093', isActive: false } },
      { voter: { voterID: 'Ind03o3', isActive: true } },
      {
        licence: {
          'licence-No': 'LMV9478',
          issueDate: '2020-01-01',
          expireDate: '2040-01-01',
          isActive: true
        }
      }
    ],
    job: 'auditor',
    mgr: 1047,
    hiredate: ISODate("1984-05-06T00:00:00.000Z"),
    sal: 3800,
    comm: null,
    hra: 1000,
    da: 900,
    deptno: 20
  },
  {
    _id: ObjectId("67d27818893a488152e4d685"),
    empid: 1047,
    address: {
      building: '60',
      coord: [ -74.0085357, 40.70620539999999 ],
      street: 'Wall Street',
      zipcode: '10005'
    },
    isDocActive: true,
    gender: 'male',
    canVote: true,
    canDrive: true,
    color: [ 'Coral', 'Cream' ],
    fruit: [],
    cards: [
      { aadhar: { 'aadhar-No': '99890', isActive: true } },
      { PAN: { 'PAN-No': 'Kinj093', isActive: false } },
      { voter: { voterID: 'Ind03o3', isActive: true } },
      {
        licence: {
          'licence-No': 'LMV9478',
          issueDate: '2020-01-01',
          expireDate: '2040-01-01',
          isActive: true
        }
      }
    ],
    job: 'programmer',
    mgr: 1039,
    hiredate: ISODate("1980-03-14T00:00:00.000Z"),
    sal: 1300,
    comm: 1200,
    deptno: 50,
    phone: '022-2548345',
    skills: {
      language: [ '.NET', 'java' ],
      database: { rdbms: [ 'oracle', 'db2' ], nosql: [ 'mongodb', 'hive' ] },
      web: [ 'json', 'jquery', 'javascript', 'php' ]
    }
  }
]
Type "it" for more
Enterprise db1> db.emp.find({},{_id:1,ename:fales});
ReferenceError: fales is not defined
Enterprise db1> db.emp.find({},{_id:1,ename:false});
[
  {
    _id: ObjectId("67d27818893a488152e4d672"),
    empid: 1026,
    address: {
      building: '7114',
      coord: [ -73.9068506, 40.6199034 ],
      street: 'Avenue U',
      zipcode: '11234'
    },
    isDocActive: false,
    gender: 'male',
    canVote: true,
    canDrive: true,
    color: [ 'Brass', 'Bright Green' ],
    fruit: [],
    cards: [
      { aadhar: { 'aadhar-No': '12321', isActive: true } },
      { PAN: { 'PAN-No': 'Kinj093', isActive: false } },
      { voter: { voterID: 'Ind03o3', isActive: true } },
      {
        licence: {
          'licence-No': 'LMV9478',
          issueDate: '2020-01-01',
          expireDate: '2040-01-01',
          isActive: true
        }
      }
    ],
    job: 'clerk',
    mgr: 1024,
    hiredate: ISODate("1981-12-03T00:00:00.000Z"),
    sal: 3000,
    comm: null,
    deptno: 30
  },
  {
    _id: ObjectId("67d27818893a488152e4d673"),
    empid: 1027,
    address: {
      building: '6409',
      coord: [ -74.00528899999999, 40.628886 ],
      street: '11 Avenue',
      zipcode: '11219'
    },
    isDocActive: false,
    gender: 'male',
    canVote: true,
    canDrive: true,
    color: [ 'Charcoal', 'Cherry' ],
    fruit: [],
    cards: [
      { aadhar: { 'aadhar-No': '83972', isActive: true } },
      { PAN: { 'PAN-No': 'Kinj093', isActive: false } },
      { voter: { voterID: 'Ind03o3', isActive: true } },
      {
        licence: {
          'licence-No': 'LMV9478',
          issueDate: '2020-01-01',
          expireDate: '2040-01-01',
          isActive: true
        }
      }
    ],
    job: 'clerk',
    mgr: 1024,
    hiredate: ISODate("1981-02-22T00:00:00.000Z"),
    sal: 1500,
    comm: null,
    deptno: 10
  },
  {
    _id: ObjectId("67d27818893a488152e4d674"),
    empid: 1030,
    address: {
      building: '7715',
      coord: [ -73.9973325, 40.61174889999999 ],
      street: '18 Avenue',
      zipcode: '11214'
    },
    isDocActive: false,
    gender: 'male',
    canVote: true,
    canDrive: true,
    color: [ 'Coral' ],
    fruit: [ 'Dates', 'Orange' ],
    cards: [
      { aadhar: { 'aadhar-No': '73822', isActive: true } },
      { PAN: { 'PAN-No': 'Kinj093', isActive: false } },
      {
        licence: {
          'licence-No': 'LMV9478',
          issueDate: '2020-01-01',
          expireDate: '2040-01-01',
          isActive: true
        }
      },
      { voter: { voterID: 'Ind03o3', isActive: true } }
    ],
    job: 'programmer',
    mgr: 1020,
    hiredate: ISODate("1982-12-09T00:00:00.000Z"),
    sal: 2900,
    comm: null,
    deptno: 10
  },
  {
    _id: ObjectId("67d27818893a488152e4d675"),
    empid: 1034,
    address: {
      building: '203',
      coord: [ -73.97822040000001, 40.6435254 ],
      street: 'Church Avenue',
      zipcode: '11218'
    },
    isDocActive: false,
    gender: 'male',
    canVote: true,
    canDrive: true,
    color: [ 'India Green' ],
    fruit: [ 'Dates' ],
    cards: [
      { PAN: { 'PAN-No': 'Kinj093', isActive: false } },
      { aadhar: { 'aadhar-No': '19826', isActive: true } },
      {
        licence: {
          'licence-No': 'LMV9478',
          issueDate: '2020-01-01',
          expireDate: '2040-01-01',
          isActive: true
        }
      },
      { voter: { voterID: 'Ind03o3', isActive: true } },
      { debit: { bank: 'BOI', isActive: true } }
    ],
    job: 'salesman',
    mgr: 1029,
    hiredate: ISODate("1980-02-14T00:00:00.000Z"),
    sal: 2200,
    comm: 6250,
    deptno: 40
  },
  {
    _id: ObjectId("67d27818893a488152e4d676"),
    empid: 1029,
    address: {
      building: '2300',
      coord: [ -73.8786113, 40.8502883 ],
      street: 'Southern Boulevard',
      zipcode: '10460'
    },
    isDocActive: false,
    gender: 'male',
    canVote: true,
    canDrive: true,
    color: [ 'Copper' ],
    fruit: [],
    cards: [
      { aadhar: { 'aadhar-No': '73122', isActive: true } },
      { PAN: { 'PAN-No': 'Kinj093', isActive: false } },
      { voter: { voterID: 'Ind03o3', isActive: true } },
      {
        licence: {
          'licence-No': 'LMV9478',
          issueDate: '2020-01-01',
          expireDate: '2040-01-01',
          isActive: true
        }
      }
    ],
    job: 'manager',
    mgr: 1020,
    hiredate: ISODate("1980-12-17T00:00:00.000Z"),
    sal: 4900,
    comm: null,
    deptno: 30
  },
  {
    _id: ObjectId("67d27818893a488152e4d677"),
    empid: 1028,
    address: {
      building: '1839',
      coord: [ -73.9482609, 40.6408271 ],
      street: 'Nostrand Avenue',
      zipcode: '11226'
    },
    isDocActive: true,
    gender: 'male',
    canVote: true,
    canDrive: true,
    color: [ 'Brown' ],
    fruit: [ 'banana', 'Jackfruit' ],
    cards: [
      { aadhar: { 'aadhar-No': '92783', isActive: true } },
      { PAN: { 'PAN-No': 'Kinj093', isActive: false } },
      { voter: { voterID: 'Ind03o3', isActive: true } },
      {
        licence: {
          'licence-No': 'LMV9478',
          issueDate: '2020-01-01',
          expireDate: '2040-01-01',
          isActive: true
        }
      }
    ],
    job: 'analyst',
    mgr: 1025,
    hiredate: ISODate("1981-12-03T00:00:00.000Z"),
    sal: 3500,
    comm: null,
    deptno: 30
  },
  {
    _id: ObjectId("67d27818893a488152e4d678"),
    empid: 1023,
    address: {
      building: '2780',
      coord: [ -73.98241999999999, 40.579505 ],
      street: 'Stillwell Avenue',
      zipcode: '11224'
    },
    isDocActive: false,
    gender: 'male',
    canVote: true,
    canDrive: true,
    color: [ 'Air Force Blue', 'Apple Green' ],
    fruit: [ 'Orange' ],
    cards: [
      { voter: { voterID: 'Ind03o3', isActive: true } },
      { aadhar: { 'aadhar-No': '12321', isActive: true } },
      { PAN: { 'PAN-No': 'Kinj093', isActive: false } },
      {
        licence: {
          'licence-No': 'LMV9478',
          issueDate: '2020-01-01',
          expireDate: '2040-01-01',
          isActive: true
        }
      }
    ],
    job: 'accountant',
    mgr: 1022,
    hiredate: ISODate("1981-04-02T00:00:00.000Z"),
    sal: 2700,
    comm: null,
    deptno: 30
  },
  {
    _id: ObjectId("67d27818893a488152e4d679"),
    empid: 1033,
    address: {
      building: '705',
      coord: [ -73.9653967, 40.6064339 ],
      street: 'Kings Highway',
      zipcode: '11223'
    },
    isDocActive: false,
    gender: 'male',
    canVote: true,
    canDrive: true,
    color: [ 'Bright Green' ],
    fruit: [],
    cards: [
      { voter: { voterID: 'Ind03o3', isActive: true } },
      { aadhar: { 'aadhar-No': '93824', isActive: true } },
      {
        licence: {
          'licence-No': 'LMV9478',
          issueDate: '2020-01-01',
          expireDate: '2040-01-01',
          isActive: true
        }
      },
      { PAN: { 'PAN-No': 'Kinj093', isActive: false } }
    ],
    job: 'salesman',
    mgr: 1029,
    hiredate: ISODate("1982-02-24T00:00:00.000Z"),
    sal: 2200,
    comm: 0,
    deptno: 40
  },
  {
    _id: ObjectId("67d27818893a488152e4d67a"),
    empid: 1039,
    address: {
      building: '129-08',
      coord: [ -73.839297, 40.78147 ],
      street: '20 Avenue',
      zipcode: '11356'
    },
    isDocActive: false,
    gender: 'male',
    canVote: true,
    canDrive: true,
    color: [ 'Cherry', 'Charcoal' ],
    fruit: [],
    cards: [
      {
        ATM: {
          bank: 'BOI',
          from: '2021-10-04',
          to: '2027:12:21',
          isActive: true
        }
      },
      { OCI: { country: 'usa', state: 'NY', isActive: true } },
      {
        debit: {
          bank: 'BOI',
          from: '2021-10-04',
          to: '2027:12:21',
          isActive: true
        }
      },
      { aadhar: { 'aadhar-No': '66675', isActive: true } },
      { PAN: { 'PAN-No': 'Kinj093', isActive: false } },
      { voter: { voterID: 'Ind03o3', isActive: true } },
      {
        licence: {
          'licence-No': 'LMV9478',
          issueDate: '2020-01-01',
          expireDate: '2040-01-01',
          isActive: true
        }
      }
    ],
    job: 'analyst',
    mgr: 1022,
    hiredate: ISODate("1982-12-09T00:00:00.000Z"),
    sal: 3700,
    comm: null,
    deptno: 50
  },
  {
    _id: ObjectId("67d27818893a488152e4d67b"),
    empid: 1036,
    address: {
      building: '6909',
      coord: [ -74.0259567, 40.6353674 ],
      street: '3 Avenue',
      zipcode: '11209'
    },
    isDocActive: true,
    gender: 'male',
    canVote: true,
    canDrive: true,
    color: [ 'Indian Yellow' ],
    fruit: [ 'Crab apples' ],
    cards: [
      { aadhar: { 'aadhar-No': '55622', isActive: true } },
      { PAN: { 'PAN-No': 'Kinj093', isActive: false } },
      { OCI: { country: 'usa', state: 'NJ', isActive: true } },
      { voter: { voterID: 'Ind03o3', isActive: true } },
      {
        licence: {
          'licence-No': 'LMV9478',
          issueDate: '2020-01-01',
          expireDate: '2040-01-01',
          isActive: true
        }
      }
    ],
    job: 'administrator',
    mgr: 1031,
    hiredate: ISODate("1983-06-15T00:00:00.000Z"),
    sal: 3400,
    comm: null,
    deptno: 50
  },
  {
    _id: ObjectId("67d27818893a488152e4d67c"),
    empid: 1040,
    address: {
      building: '759',
      coord: [ -73.9925306, 40.7309346 ],
      street: 'Broadway',
      zipcode: '10003'
    },
    isDocActive: false,
    gender: 'male',
    canVote: true,
    canDrive: true,
    color: [ 'Indian Red' ],
    fruit: [ 'Crab apples' ],
    cards: [
      { aadhar: { 'aadhar-No': '66623', isActive: true } },
      { PAN: { 'PAN-No': 'Kinj093', isActive: false } },
      { voter: { voterID: 'Ind03o3', isActive: true } },
      {
        licence: {
          'licence-No': 'LMV9478',
          issueDate: '2020-01-01',
          expireDate: '2040-01-01',
          isActive: true
        }
      }
    ],
    job: 'administrator',
    mgr: 1029,
    hiredate: ISODate("1982-12-08T00:00:00.000Z"),
    sal: 3500,
    comm: null,
    deptno: 50,
    phone: [ 85088422, Long("9822884228") ]
  },
  {
    _id: ObjectId("67d27818893a488152e4d67d"),
    empid: 1038,
    address: {
      building: '284',
      coord: [ -73.9829239, 40.6580753 ],
      street: 'Prospect Park West',
      zipcode: '11215'
    },
    isDocActive: true,
    gender: 'male',
    canVote: true,
    canDrive: true,
    color: [ 'Apple Green' ],
    fruit: [],
    cards: [
      { OCI: { country: 'usa', state: 'IN', isActive: true } },
      { aadhar: { 'aadhar-No': '00098', isActive: true } },
      { PAN: { 'PAN-No': 'Kinj093', isActive: false } },
      { voter: { voterID: 'Ind03o3', isActive: true } },
      {
        licence: {
          'licence-No': 'LMV9478',
          issueDate: '2020-01-01',
          expireDate: '2040-01-01',
          isActive: true
        }
      }
    ],
    job: 'administrator',
    mgr: 1030,
    hiredate: ISODate("1983-03-14T00:00:00.000Z"),
    sal: 4200,
    comm: null,
    deptno: 10
  },
  {
    _id: ObjectId("67d27818893a488152e4d67e"),
    empid: 1035,
    address: {
      building: '265-15',
      coord: [ -73.7032601, 40.7386417 ],
      street: 'Hillside Avenue',
      zipcode: '11004'
    },
    isDocActive: false,
    gender: 'male',
    canVote: true,
    canDrive: true,
    color: [ 'Indian Red' ],
    fruit: [ 'Lychee', 'Indian Fig' ],
    cards: [
      { credit: { bank: 'SBI', isActive: true } },
      { aadhar: { 'aadhar-No': '00998', isActive: true } },
      { OCI: { country: 'usa', state: 'NJ', isActive: true } },
      { PAN: { 'PAN-No': 'Kinj093', isActive: false } },
      { voter: { voterID: 'Ind03o3', isActive: true } },
      {
        licence: {
          'licence-No': 'LMV9478',
          issueDate: '2020-01-01',
          expireDate: '2040-01-01',
          isActive: true
        }
      }
    ],
    job: 'clerk',
    mgr: 1029,
    hiredate: ISODate("1981-12-31T00:00:00.000Z"),
    sal: 1200,
    comm: null,
    deptno: 40
  },
  {
    _id: ObjectId("67d27818893a488152e4d67f"),
    empid: 1041,
    address: {
      building: '3406',
      coord: [ -73.94024739999999, 40.7623288 ],
      street: '10 Street',
      zipcode: '11106'
    },
    isDocActive: true,
    gender: 'male',
    canVote: true,
    canDrive: true,
    color: [ 'Air Force Blue' ],
    fruit: [],
    cards: [
      { aadhar: { 'aadhar-No': '77767', isActive: true } },
      { PAN: { 'PAN-No': 'Kinj093', isActive: false } },
      { voter: { voterID: 'Ind03o3', isActive: true } },
      {
        licence: {
          'licence-No': 'LMV9478',
          issueDate: '2020-01-01',
          expireDate: '2040-01-01',
          isActive: true
        }
      }
    ],
    job: 'programmer',
    mgr: 1021,
    hiredate: ISODate("1982-12-09T00:00:00.000Z"),
    sal: 3500,
    comm: null,
    deptno: 50,
    phone: [ 85088422, Long("9822884228") ],
    skills: { languages: [ 'C++', 'JAVA' ], web: [ 'php', 'java', 'jquery' ] }
  },
  {
    _id: ObjectId("67d27818893a488152e4d680"),
    empid: 1022,
    address: {
      building: '351',
      coord: [ -73.98513559999999, 40.7676919 ],
      street: 'West   57 Street',
      zipcode: '10019'
    },
    isDocActive: true,
    gender: 'male',
    canVote: true,
    canDrive: true,
    color: [ 'Red', 'Blue', 'Green', 'Yellow' ],
    fruit: [ 'Indian Fig' ],
    cards: [
      { PAN: { 'PAN-No': 'Kinj093', isActive: false } },
      { aadhar: { 'aadhar-No': '73826', isActive: true } },
      { voter: { voterID: 'Ind03o3', isActive: true } },
      {
        licence: {
          'licence-No': 'LMV9478',
          issueDate: '2020-01-01',
          expireDate: '2040-01-01',
          isActive: true
        }
      }
    ],
    job: 'manager',
    mgr: 1020,
    hiredate: ISODate("1981-07-09T00:00:00.000Z"),
    sal: 4700,
    comm: null,
    deptno: 20
  },
  {
    _id: ObjectId("67d27818893a488152e4d681"),
    empid: 1037,
    address: {
      building: '522',
      coord: [ -73.95171, 40.767461 ],
      street: 'East   74 Street',
      zipcode: '10021'
    },
    isDocActive: false,
    gender: 'male',
    canVote: true,
    canDrive: true,
    color: [ 'Lemon' ],
    fruit: [ 'Jackfruit', 'banana', 'Apple' ],
    cards: [
      {
        ATM: {
          bank: 'canara',
          from: '2021-10-20',
          to: '2025:12:21',
          isActive: true
        }
      },
      { aadhar: { 'aadhar-No': '00983', isActive: true } },
      {
        ATM: {
          bank: 'BOI',
          from: '2021-10-04',
          to: '2027:12:21',
          isActive: true
        }
      },
      { OCI: { country: 'usa', state: 'CA', isActive: true } },
      { PAN: { 'PAN-No': 'Kinj093', isActive: false } },
      { voter: { voterID: 'Ind03o3', isActive: true } },
      {
        licence: {
          'licence-No': 'LMV9478',
          issueDate: '2020-01-01',
          expireDate: '2040-01-01',
          isActive: true
        }
      }
    ],
    job: 'clerk',
    mgr: 1031,
    hiredate: ISODate("1983-07-12T00:00:00.000Z"),
    sal: 1400,
    comm: null,
    deptno: 50
  },
  {
    _id: ObjectId("67d27818893a488152e4d682"),
    empid: 1044,
    address: {
      building: '18',
      coord: [ -73.996984, 40.72589 ],
      street: 'West Houston Street',
      zipcode: '10012'
    },
    isDocActive: false,
    gender: 'male',
    canVote: true,
    canDrive: true,
    color: [ 'Lime' ],
    fruit: [ 'Indian Fig' ],
    cards: [
      { aadhar: { 'aadhar-No': '55543', isActive: true } },
      { PAN: { 'PAN-No': 'Kinj093', isActive: false } },
      { voter: { voterID: 'Ind03o3', isActive: true } },
      {
        licence: {
          'licence-No': 'LMV9478',
          issueDate: '2020-01-01',
          expireDate: '2040-01-01',
          isActive: true
        }
      }
    ],
    job: 'programmer',
    mgr: 1021,
    hiredate: ISODate("1981-11-04T00:00:00.000Z"),
    sal: 2400,
    comm: null,
    deptno: 50,
    phone: '020-25420212',
    skills: {
      web: [ 'php', 'java', 'jquery' ],
      database: [ 'oracle', 'ms-sql server', 'mongodb' ]
    }
  },
  {
    _id: ObjectId("67d27818893a488152e4d683"),
    empid: 1042,
    address: {
      building: '502',
      coord: [ -73.976112, 40.786714 ],
      street: 'Amsterdam Avenue',
      zipcode: '10024'
    },
    isDocActive: false,
    gender: 'male',
    canVote: true,
    canDrive: true,
    color: [ 'Orange' ],
    fruit: [],
    cards: [
      { aadhar: { 'aadhar-No': '77787', isActive: true } },
      { PAN: { 'PAN-No': 'Kinj093', isActive: false } },
      { voter: { voterID: 'Ind03o3', isActive: true } },
      {
        licence: {
          'licence-No': 'LMV9478',
          issueDate: '2020-01-01',
          expireDate: '2040-01-01',
          isActive: true
        }
      }
    ],
    job: 'administrator',
    mgr: 1029,
    hiredate: ISODate("1981-11-03T00:00:00.000Z"),
    sal: 3500,
    comm: null,
    deptno: 50,
    phone: [ '9850884228', '9822884228' ]
  },
  {
    _id: ObjectId("67d27818893a488152e4d684"),
    empid: 1050,
    address: {
      building: '1006',
      coord: [ -73.84856870000002, 40.8903781 ],
      street: 'East 233 Street',
      zipcode: '10466'
    },
    isDocActive: false,
    gender: 'male',
    canVote: true,
    canDrive: true,
    color: [ 'Snow White' ],
    fruit: [ 'Orange' ],
    cards: [
      { aadhar: { 'aadhar-No': '44445', isActive: true } },
      { PAN: { 'PAN-No': 'Kinj093', isActive: false } },
      { voter: { voterID: 'Ind03o3', isActive: true } },
      {
        licence: {
          'licence-No': 'LMV9478',
          issueDate: '2020-01-01',
          expireDate: '2040-01-01',
          isActive: true
        }
      }
    ],
    job: 'auditor',
    mgr: 1047,
    hiredate: ISODate("1984-05-06T00:00:00.000Z"),
    sal: 3800,
    comm: null,
    hra: 1000,
    da: 900,
    deptno: 20
  },
  {
    _id: ObjectId("67d27818893a488152e4d685"),
    empid: 1047,
    address: {
      building: '60',
      coord: [ -74.0085357, 40.70620539999999 ],
      street: 'Wall Street',
      zipcode: '10005'
    },
    isDocActive: true,
    gender: 'male',
    canVote: true,
    canDrive: true,
    color: [ 'Coral', 'Cream' ],
    fruit: [],
    cards: [
      { aadhar: { 'aadhar-No': '99890', isActive: true } },
      { PAN: { 'PAN-No': 'Kinj093', isActive: false } },
      { voter: { voterID: 'Ind03o3', isActive: true } },
      {
        licence: {
          'licence-No': 'LMV9478',
          issueDate: '2020-01-01',
          expireDate: '2040-01-01',
          isActive: true
        }
      }
    ],
    job: 'programmer',
    mgr: 1039,
    hiredate: ISODate("1980-03-14T00:00:00.000Z"),
    sal: 1300,
    comm: 1200,
    deptno: 50,
    phone: '022-2548345',
    skills: {
      language: [ '.NET', 'java' ],
      database: { rdbms: [ 'oracle', 'db2' ], nosql: [ 'mongodb', 'hive' ] },
      web: [ 'json', 'jquery', 'javascript', 'php' ]
    }
  }
]
Type "it" for more
Enterprise db1> db.emp.find({},{_id:1, ename:false});
[
  {
    _id: ObjectId("67d27818893a488152e4d672"),
    empid: 1026,
    address: {
      building: '7114',
      coord: [ -73.9068506, 40.6199034 ],
      street: 'Avenue U',
      zipcode: '11234'
    },
    isDocActive: false,
    gender: 'male',
    canVote: true,
    canDrive: true,
    color: [ 'Brass', 'Bright Green' ],
    fruit: [],
    cards: [
      { aadhar: { 'aadhar-No': '12321', isActive: true } },
      { PAN: { 'PAN-No': 'Kinj093', isActive: false } },
      { voter: { voterID: 'Ind03o3', isActive: true } },
      {
        licence: {
          'licence-No': 'LMV9478',
          issueDate: '2020-01-01',
          expireDate: '2040-01-01',
          isActive: true
        }
      }
    ],
    job: 'clerk',
    mgr: 1024,
    hiredate: ISODate("1981-12-03T00:00:00.000Z"),
    sal: 3000,
    comm: null,
    deptno: 30
  },
  {
    _id: ObjectId("67d27818893a488152e4d673"),
    empid: 1027,
    address: {
      building: '6409',
      coord: [ -74.00528899999999, 40.628886 ],
      street: '11 Avenue',
      zipcode: '11219'
    },
    isDocActive: false,
    gender: 'male',
    canVote: true,
    canDrive: true,
    color: [ 'Charcoal', 'Cherry' ],
    fruit: [],
    cards: [
      { aadhar: { 'aadhar-No': '83972', isActive: true } },
      { PAN: { 'PAN-No': 'Kinj093', isActive: false } },
      { voter: { voterID: 'Ind03o3', isActive: true } },
      {
        licence: {
          'licence-No': 'LMV9478',
          issueDate: '2020-01-01',
          expireDate: '2040-01-01',
          isActive: true
        }
      }
    ],
    job: 'clerk',
    mgr: 1024,
    hiredate: ISODate("1981-02-22T00:00:00.000Z"),
    sal: 1500,
    comm: null,
    deptno: 10
  },
  {
    _id: ObjectId("67d27818893a488152e4d674"),
    empid: 1030,
    address: {
      building: '7715',
      coord: [ -73.9973325, 40.61174889999999 ],
      street: '18 Avenue',
      zipcode: '11214'
    },
    isDocActive: false,
    gender: 'male',
    canVote: true,
    canDrive: true,
    color: [ 'Coral' ],
    fruit: [ 'Dates', 'Orange' ],
    cards: [
      { aadhar: { 'aadhar-No': '73822', isActive: true } },
      { PAN: { 'PAN-No': 'Kinj093', isActive: false } },
      {
        licence: {
          'licence-No': 'LMV9478',
          issueDate: '2020-01-01',
          expireDate: '2040-01-01',
          isActive: true
        }
      },
      { voter: { voterID: 'Ind03o3', isActive: true } }
    ],
    job: 'programmer',
    mgr: 1020,
    hiredate: ISODate("1982-12-09T00:00:00.000Z"),
    sal: 2900,
    comm: null,
    deptno: 10
  },
  {
    _id: ObjectId("67d27818893a488152e4d675"),
    empid: 1034,
    address: {
      building: '203',
      coord: [ -73.97822040000001, 40.6435254 ],
      street: 'Church Avenue',
      zipcode: '11218'
    },
    isDocActive: false,
    gender: 'male',
    canVote: true,
    canDrive: true,
    color: [ 'India Green' ],
    fruit: [ 'Dates' ],
    cards: [
      { PAN: { 'PAN-No': 'Kinj093', isActive: false } },
      { aadhar: { 'aadhar-No': '19826', isActive: true } },
      {
        licence: {
          'licence-No': 'LMV9478',
          issueDate: '2020-01-01',
          expireDate: '2040-01-01',
          isActive: true
        }
      },
      { voter: { voterID: 'Ind03o3', isActive: true } },
      { debit: { bank: 'BOI', isActive: true } }
    ],
    job: 'salesman',
    mgr: 1029,
    hiredate: ISODate("1980-02-14T00:00:00.000Z"),
    sal: 2200,
    comm: 6250,
    deptno: 40
  },
  {
    _id: ObjectId("67d27818893a488152e4d676"),
    empid: 1029,
    address: {
      building: '2300',
      coord: [ -73.8786113, 40.8502883 ],
      street: 'Southern Boulevard',
      zipcode: '10460'
    },
    isDocActive: false,
    gender: 'male',
    canVote: true,
    canDrive: true,
    color: [ 'Copper' ],
    fruit: [],
    cards: [
      { aadhar: { 'aadhar-No': '73122', isActive: true } },
      { PAN: { 'PAN-No': 'Kinj093', isActive: false } },
      { voter: { voterID: 'Ind03o3', isActive: true } },
      {
        licence: {
          'licence-No': 'LMV9478',
          issueDate: '2020-01-01',
          expireDate: '2040-01-01',
          isActive: true
        }
      }
    ],
    job: 'manager',
    mgr: 1020,
    hiredate: ISODate("1980-12-17T00:00:00.000Z"),
    sal: 4900,
    comm: null,
    deptno: 30
  },
  {
    _id: ObjectId("67d27818893a488152e4d677"),
    empid: 1028,
    address: {
      building: '1839',
      coord: [ -73.9482609, 40.6408271 ],
      street: 'Nostrand Avenue',
      zipcode: '11226'
    },
    isDocActive: true,
    gender: 'male',
    canVote: true,
    canDrive: true,
    color: [ 'Brown' ],
    fruit: [ 'banana', 'Jackfruit' ],
    cards: [
      { aadhar: { 'aadhar-No': '92783', isActive: true } },
      { PAN: { 'PAN-No': 'Kinj093', isActive: false } },
      { voter: { voterID: 'Ind03o3', isActive: true } },
      {
        licence: {
          'licence-No': 'LMV9478',
          issueDate: '2020-01-01',
          expireDate: '2040-01-01',
          isActive: true
        }
      }
    ],
    job: 'analyst',
    mgr: 1025,
    hiredate: ISODate("1981-12-03T00:00:00.000Z"),
    sal: 3500,
    comm: null,
    deptno: 30
  },
  {
    _id: ObjectId("67d27818893a488152e4d678"),
    empid: 1023,
    address: {
      building: '2780',
      coord: [ -73.98241999999999, 40.579505 ],
      street: 'Stillwell Avenue',
      zipcode: '11224'
    },
    isDocActive: false,
    gender: 'male',
    canVote: true,
    canDrive: true,
    color: [ 'Air Force Blue', 'Apple Green' ],
    fruit: [ 'Orange' ],
    cards: [
      { voter: { voterID: 'Ind03o3', isActive: true } },
      { aadhar: { 'aadhar-No': '12321', isActive: true } },
      { PAN: { 'PAN-No': 'Kinj093', isActive: false } },
      {
        licence: {
          'licence-No': 'LMV9478',
          issueDate: '2020-01-01',
          expireDate: '2040-01-01',
          isActive: true
        }
      }
    ],
    job: 'accountant',
    mgr: 1022,
    hiredate: ISODate("1981-04-02T00:00:00.000Z"),
    sal: 2700,
    comm: null,
    deptno: 30
  },
  {
    _id: ObjectId("67d27818893a488152e4d679"),
    empid: 1033,
    address: {
      building: '705',
      coord: [ -73.9653967, 40.6064339 ],
      street: 'Kings Highway',
      zipcode: '11223'
    },
    isDocActive: false,
    gender: 'male',
    canVote: true,
    canDrive: true,
    color: [ 'Bright Green' ],
    fruit: [],
    cards: [
      { voter: { voterID: 'Ind03o3', isActive: true } },
      { aadhar: { 'aadhar-No': '93824', isActive: true } },
      {
        licence: {
          'licence-No': 'LMV9478',
          issueDate: '2020-01-01',
          expireDate: '2040-01-01',
          isActive: true
        }
      },
      { PAN: { 'PAN-No': 'Kinj093', isActive: false } }
    ],
    job: 'salesman',
    mgr: 1029,
    hiredate: ISODate("1982-02-24T00:00:00.000Z"),
    sal: 2200,
    comm: 0,
    deptno: 40
  },
  {
    _id: ObjectId("67d27818893a488152e4d67a"),
    empid: 1039,
    address: {
      building: '129-08',
      coord: [ -73.839297, 40.78147 ],
      street: '20 Avenue',
      zipcode: '11356'
    },
    isDocActive: false,
    gender: 'male',
    canVote: true,
    canDrive: true,
    color: [ 'Cherry', 'Charcoal' ],
    fruit: [],
    cards: [
      {
        ATM: {
          bank: 'BOI',
          from: '2021-10-04',
          to: '2027:12:21',
          isActive: true
        }
      },
      { OCI: { country: 'usa', state: 'NY', isActive: true } },
      {
        debit: {
          bank: 'BOI',
          from: '2021-10-04',
          to: '2027:12:21',
          isActive: true
        }
      },
      { aadhar: { 'aadhar-No': '66675', isActive: true } },
      { PAN: { 'PAN-No': 'Kinj093', isActive: false } },
      { voter: { voterID: 'Ind03o3', isActive: true } },
      {
        licence: {
          'licence-No': 'LMV9478',
          issueDate: '2020-01-01',
          expireDate: '2040-01-01',
          isActive: true
        }
      }
    ],
    job: 'analyst',
    mgr: 1022,
    hiredate: ISODate("1982-12-09T00:00:00.000Z"),
    sal: 3700,
    comm: null,
    deptno: 50
  },
  {
    _id: ObjectId("67d27818893a488152e4d67b"),
    empid: 1036,
    address: {
      building: '6909',
      coord: [ -74.0259567, 40.6353674 ],
      street: '3 Avenue',
      zipcode: '11209'
    },
    isDocActive: true,
    gender: 'male',
    canVote: true,
    canDrive: true,
    color: [ 'Indian Yellow' ],
    fruit: [ 'Crab apples' ],
    cards: [
      { aadhar: { 'aadhar-No': '55622', isActive: true } },
      { PAN: { 'PAN-No': 'Kinj093', isActive: false } },
      { OCI: { country: 'usa', state: 'NJ', isActive: true } },
      { voter: { voterID: 'Ind03o3', isActive: true } },
      {
        licence: {
          'licence-No': 'LMV9478',
          issueDate: '2020-01-01',
          expireDate: '2040-01-01',
          isActive: true
        }
      }
    ],
    job: 'administrator',
    mgr: 1031,
    hiredate: ISODate("1983-06-15T00:00:00.000Z"),
    sal: 3400,
    comm: null,
    deptno: 50
  },
  {
    _id: ObjectId("67d27818893a488152e4d67c"),
    empid: 1040,
    address: {
      building: '759',
      coord: [ -73.9925306, 40.7309346 ],
      street: 'Broadway',
      zipcode: '10003'
    },
    isDocActive: false,
    gender: 'male',
    canVote: true,
    canDrive: true,
    color: [ 'Indian Red' ],
    fruit: [ 'Crab apples' ],
    cards: [
      { aadhar: { 'aadhar-No': '66623', isActive: true } },
      { PAN: { 'PAN-No': 'Kinj093', isActive: false } },
      { voter: { voterID: 'Ind03o3', isActive: true } },
      {
        licence: {
          'licence-No': 'LMV9478',
          issueDate: '2020-01-01',
          expireDate: '2040-01-01',
          isActive: true
        }
      }
    ],
    job: 'administrator',
    mgr: 1029,
    hiredate: ISODate("1982-12-08T00:00:00.000Z"),
    sal: 3500,
    comm: null,
    deptno: 50,
    phone: [ 85088422, Long("9822884228") ]
  },
  {
    _id: ObjectId("67d27818893a488152e4d67d"),
    empid: 1038,
    address: {
      building: '284',
      coord: [ -73.9829239, 40.6580753 ],
      street: 'Prospect Park West',
      zipcode: '11215'
    },
    isDocActive: true,
    gender: 'male',
    canVote: true,
    canDrive: true,
    color: [ 'Apple Green' ],
    fruit: [],
    cards: [
      { OCI: { country: 'usa', state: 'IN', isActive: true } },
      { aadhar: { 'aadhar-No': '00098', isActive: true } },
      { PAN: { 'PAN-No': 'Kinj093', isActive: false } },
      { voter: { voterID: 'Ind03o3', isActive: true } },
      {
        licence: {
          'licence-No': 'LMV9478',
          issueDate: '2020-01-01',
          expireDate: '2040-01-01',
          isActive: true
        }
      }
    ],
    job: 'administrator',
    mgr: 1030,
    hiredate: ISODate("1983-03-14T00:00:00.000Z"),
    sal: 4200,
    comm: null,
    deptno: 10
  },
  {
    _id: ObjectId("67d27818893a488152e4d67e"),
    empid: 1035,
    address: {
      building: '265-15',
      coord: [ -73.7032601, 40.7386417 ],
      street: 'Hillside Avenue',
      zipcode: '11004'
    },
    isDocActive: false,
    gender: 'male',
    canVote: true,
    canDrive: true,
    color: [ 'Indian Red' ],
    fruit: [ 'Lychee', 'Indian Fig' ],
    cards: [
      { credit: { bank: 'SBI', isActive: true } },
      { aadhar: { 'aadhar-No': '00998', isActive: true } },
      { OCI: { country: 'usa', state: 'NJ', isActive: true } },
      { PAN: { 'PAN-No': 'Kinj093', isActive: false } },
      { voter: { voterID: 'Ind03o3', isActive: true } },
      {
        licence: {
          'licence-No': 'LMV9478',
          issueDate: '2020-01-01',
          expireDate: '2040-01-01',
          isActive: true
        }
      }
    ],
    job: 'clerk',
    mgr: 1029,
    hiredate: ISODate("1981-12-31T00:00:00.000Z"),
    sal: 1200,
    comm: null,
    deptno: 40
  },
  {
    _id: ObjectId("67d27818893a488152e4d67f"),
    empid: 1041,
    address: {
      building: '3406',
      coord: [ -73.94024739999999, 40.7623288 ],
      street: '10 Street',
      zipcode: '11106'
    },
    isDocActive: true,
    gender: 'male',
    canVote: true,
    canDrive: true,
    color: [ 'Air Force Blue' ],
    fruit: [],
    cards: [
      { aadhar: { 'aadhar-No': '77767', isActive: true } },
      { PAN: { 'PAN-No': 'Kinj093', isActive: false } },
      { voter: { voterID: 'Ind03o3', isActive: true } },
      {
        licence: {
          'licence-No': 'LMV9478',
          issueDate: '2020-01-01',
          expireDate: '2040-01-01',
          isActive: true
        }
      }
    ],
    job: 'programmer',
    mgr: 1021,
    hiredate: ISODate("1982-12-09T00:00:00.000Z"),
    sal: 3500,
    comm: null,
    deptno: 50,
    phone: [ 85088422, Long("9822884228") ],
    skills: { languages: [ 'C++', 'JAVA' ], web: [ 'php', 'java', 'jquery' ] }
  },
  {
    _id: ObjectId("67d27818893a488152e4d680"),
    empid: 1022,
    address: {
      building: '351',
      coord: [ -73.98513559999999, 40.7676919 ],
      street: 'West   57 Street',
      zipcode: '10019'
    },
    isDocActive: true,
    gender: 'male',
    canVote: true,
    canDrive: true,
    color: [ 'Red', 'Blue', 'Green', 'Yellow' ],
    fruit: [ 'Indian Fig' ],
    cards: [
      { PAN: { 'PAN-No': 'Kinj093', isActive: false } },
      { aadhar: { 'aadhar-No': '73826', isActive: true } },
      { voter: { voterID: 'Ind03o3', isActive: true } },
      {
        licence: {
          'licence-No': 'LMV9478',
          issueDate: '2020-01-01',
          expireDate: '2040-01-01',
          isActive: true
        }
      }
    ],
    job: 'manager',
    mgr: 1020,
    hiredate: ISODate("1981-07-09T00:00:00.000Z"),
    sal: 4700,
    comm: null,
    deptno: 20
  },
  {
    _id: ObjectId("67d27818893a488152e4d681"),
    empid: 1037,
    address: {
      building: '522',
      coord: [ -73.95171, 40.767461 ],
      street: 'East   74 Street',
      zipcode: '10021'
    },
    isDocActive: false,
    gender: 'male',
    canVote: true,
    canDrive: true,
    color: [ 'Lemon' ],
    fruit: [ 'Jackfruit', 'banana', 'Apple' ],
    cards: [
      {
        ATM: {
          bank: 'canara',
          from: '2021-10-20',
          to: '2025:12:21',
          isActive: true
        }
      },
      { aadhar: { 'aadhar-No': '00983', isActive: true } },
      {
        ATM: {
          bank: 'BOI',
          from: '2021-10-04',
          to: '2027:12:21',
          isActive: true
        }
      },
      { OCI: { country: 'usa', state: 'CA', isActive: true } },
      { PAN: { 'PAN-No': 'Kinj093', isActive: false } },
      { voter: { voterID: 'Ind03o3', isActive: true } },
      {
        licence: {
          'licence-No': 'LMV9478',
          issueDate: '2020-01-01',
          expireDate: '2040-01-01',
          isActive: true
        }
      }
    ],
    job: 'clerk',
    mgr: 1031,
    hiredate: ISODate("1983-07-12T00:00:00.000Z"),
    sal: 1400,
    comm: null,
    deptno: 50
  },
  {
    _id: ObjectId("67d27818893a488152e4d682"),
    empid: 1044,
    address: {
      building: '18',
      coord: [ -73.996984, 40.72589 ],
      street: 'West Houston Street',
      zipcode: '10012'
    },
    isDocActive: false,
    gender: 'male',
    canVote: true,
    canDrive: true,
    color: [ 'Lime' ],
    fruit: [ 'Indian Fig' ],
    cards: [
      { aadhar: { 'aadhar-No': '55543', isActive: true } },
      { PAN: { 'PAN-No': 'Kinj093', isActive: false } },
      { voter: { voterID: 'Ind03o3', isActive: true } },
      {
        licence: {
          'licence-No': 'LMV9478',
          issueDate: '2020-01-01',
          expireDate: '2040-01-01',
          isActive: true
        }
      }
    ],
    job: 'programmer',
    mgr: 1021,
    hiredate: ISODate("1981-11-04T00:00:00.000Z"),
    sal: 2400,
    comm: null,
    deptno: 50,
    phone: '020-25420212',
    skills: {
      web: [ 'php', 'java', 'jquery' ],
      database: [ 'oracle', 'ms-sql server', 'mongodb' ]
    }
  },
  {
    _id: ObjectId("67d27818893a488152e4d683"),
    empid: 1042,
    address: {
      building: '502',
      coord: [ -73.976112, 40.786714 ],
      street: 'Amsterdam Avenue',
      zipcode: '10024'
    },
    isDocActive: false,
    gender: 'male',
    canVote: true,
    canDrive: true,
    color: [ 'Orange' ],
    fruit: [],
    cards: [
      { aadhar: { 'aadhar-No': '77787', isActive: true } },
      { PAN: { 'PAN-No': 'Kinj093', isActive: false } },
      { voter: { voterID: 'Ind03o3', isActive: true } },
      {
        licence: {
          'licence-No': 'LMV9478',
          issueDate: '2020-01-01',
          expireDate: '2040-01-01',
          isActive: true
        }
      }
    ],
    job: 'administrator',
    mgr: 1029,
    hiredate: ISODate("1981-11-03T00:00:00.000Z"),
    sal: 3500,
    comm: null,
    deptno: 50,
    phone: [ '9850884228', '9822884228' ]
  },
  {
    _id: ObjectId("67d27818893a488152e4d684"),
    empid: 1050,
    address: {
      building: '1006',
      coord: [ -73.84856870000002, 40.8903781 ],
      street: 'East 233 Street',
      zipcode: '10466'
    },
    isDocActive: false,
    gender: 'male',
    canVote: true,
    canDrive: true,
    color: [ 'Snow White' ],
    fruit: [ 'Orange' ],
    cards: [
      { aadhar: { 'aadhar-No': '44445', isActive: true } },
      { PAN: { 'PAN-No': 'Kinj093', isActive: false } },
      { voter: { voterID: 'Ind03o3', isActive: true } },
      {
        licence: {
          'licence-No': 'LMV9478',
          issueDate: '2020-01-01',
          expireDate: '2040-01-01',
          isActive: true
        }
      }
    ],
    job: 'auditor',
    mgr: 1047,
    hiredate: ISODate("1984-05-06T00:00:00.000Z"),
    sal: 3800,
    comm: null,
    hra: 1000,
    da: 900,
    deptno: 20
  },
  {
    _id: ObjectId("67d27818893a488152e4d685"),
    empid: 1047,
    address: {
      building: '60',
      coord: [ -74.0085357, 40.70620539999999 ],
      street: 'Wall Street',
      zipcode: '10005'
    },
    isDocActive: true,
    gender: 'male',
    canVote: true,
    canDrive: true,
    color: [ 'Coral', 'Cream' ],
    fruit: [],
    cards: [
      { aadhar: { 'aadhar-No': '99890', isActive: true } },
      { PAN: { 'PAN-No': 'Kinj093', isActive: false } },
      { voter: { voterID: 'Ind03o3', isActive: true } },
      {
        licence: {
          'licence-No': 'LMV9478',
          issueDate: '2020-01-01',
          expireDate: '2040-01-01',
          isActive: true
        }
      }
    ],
    job: 'programmer',
    mgr: 1039,
    hiredate: ISODate("1980-03-14T00:00:00.000Z"),
    sal: 1300,
    comm: 1200,
    deptno: 50,
    phone: '022-2548345',
    skills: {
      language: [ '.NET', 'java' ],
      database: { rdbms: [ 'oracle', 'db2' ], nosql: [ 'mongodb', 'hive' ] },
      web: [ 'json', 'jquery', 'javascript', 'php' ]
    }
  }
]
Type "it" for more
Enterprise db1> db.emp.find({},{_id:0, ename:false});
[
  {
    empid: 1026,
    address: {
      building: '7114',
      coord: [ -73.9068506, 40.6199034 ],
      street: 'Avenue U',
      zipcode: '11234'
    },
    isDocActive: false,
    gender: 'male',
    canVote: true,
    canDrive: true,
    color: [ 'Brass', 'Bright Green' ],
    fruit: [],
    cards: [
      { aadhar: { 'aadhar-No': '12321', isActive: true } },
      { PAN: { 'PAN-No': 'Kinj093', isActive: false } },
      { voter: { voterID: 'Ind03o3', isActive: true } },
      {
        licence: {
          'licence-No': 'LMV9478',
          issueDate: '2020-01-01',
          expireDate: '2040-01-01',
          isActive: true
        }
      }
    ],
    job: 'clerk',
    mgr: 1024,
    hiredate: ISODate("1981-12-03T00:00:00.000Z"),
    sal: 3000,
    comm: null,
    deptno: 30
  },
  {
    empid: 1027,
    address: {
      building: '6409',
      coord: [ -74.00528899999999, 40.628886 ],
      street: '11 Avenue',
      zipcode: '11219'
    },
    isDocActive: false,
    gender: 'male',
    canVote: true,
    canDrive: true,
    color: [ 'Charcoal', 'Cherry' ],
    fruit: [],
    cards: [
      { aadhar: { 'aadhar-No': '83972', isActive: true } },
      { PAN: { 'PAN-No': 'Kinj093', isActive: false } },
      { voter: { voterID: 'Ind03o3', isActive: true } },
      {
        licence: {
          'licence-No': 'LMV9478',
          issueDate: '2020-01-01',
          expireDate: '2040-01-01',
          isActive: true
        }
      }
    ],
    job: 'clerk',
    mgr: 1024,
    hiredate: ISODate("1981-02-22T00:00:00.000Z"),
    sal: 1500,
    comm: null,
    deptno: 10
  },
  {
    empid: 1030,
    address: {
      building: '7715',
      coord: [ -73.9973325, 40.61174889999999 ],
      street: '18 Avenue',
      zipcode: '11214'
    },
    isDocActive: false,
    gender: 'male',
    canVote: true,
    canDrive: true,
    color: [ 'Coral' ],
    fruit: [ 'Dates', 'Orange' ],
    cards: [
      { aadhar: { 'aadhar-No': '73822', isActive: true } },
      { PAN: { 'PAN-No': 'Kinj093', isActive: false } },
      {
        licence: {
          'licence-No': 'LMV9478',
          issueDate: '2020-01-01',
          expireDate: '2040-01-01',
          isActive: true
        }
      },
      { voter: { voterID: 'Ind03o3', isActive: true } }
    ],
    job: 'programmer',
    mgr: 1020,
    hiredate: ISODate("1982-12-09T00:00:00.000Z"),
    sal: 2900,
    comm: null,
    deptno: 10
  },
  {
    empid: 1034,
    address: {
      building: '203',
      coord: [ -73.97822040000001, 40.6435254 ],
      street: 'Church Avenue',
      zipcode: '11218'
    },
    isDocActive: false,
    gender: 'male',
    canVote: true,
    canDrive: true,
    color: [ 'India Green' ],
    fruit: [ 'Dates' ],
    cards: [
      { PAN: { 'PAN-No': 'Kinj093', isActive: false } },
      { aadhar: { 'aadhar-No': '19826', isActive: true } },
      {
        licence: {
          'licence-No': 'LMV9478',
          issueDate: '2020-01-01',
          expireDate: '2040-01-01',
          isActive: true
        }
      },
      { voter: { voterID: 'Ind03o3', isActive: true } },
      { debit: { bank: 'BOI', isActive: true } }
    ],
    job: 'salesman',
    mgr: 1029,
    hiredate: ISODate("1980-02-14T00:00:00.000Z"),
    sal: 2200,
    comm: 6250,
    deptno: 40
  },
  {
    empid: 1029,
    address: {
      building: '2300',
      coord: [ -73.8786113, 40.8502883 ],
      street: 'Southern Boulevard',
      zipcode: '10460'
    },
    isDocActive: false,
    gender: 'male',
    canVote: true,
    canDrive: true,
    color: [ 'Copper' ],
    fruit: [],
    cards: [
      { aadhar: { 'aadhar-No': '73122', isActive: true } },
      { PAN: { 'PAN-No': 'Kinj093', isActive: false } },
      { voter: { voterID: 'Ind03o3', isActive: true } },
      {
        licence: {
          'licence-No': 'LMV9478',
          issueDate: '2020-01-01',
          expireDate: '2040-01-01',
          isActive: true
        }
      }
    ],
    job: 'manager',
    mgr: 1020,
    hiredate: ISODate("1980-12-17T00:00:00.000Z"),
    sal: 4900,
    comm: null,
    deptno: 30
  },
  {
    empid: 1028,
    address: {
      building: '1839',
      coord: [ -73.9482609, 40.6408271 ],
      street: 'Nostrand Avenue',
      zipcode: '11226'
    },
    isDocActive: true,
    gender: 'male',
    canVote: true,
    canDrive: true,
    color: [ 'Brown' ],
    fruit: [ 'banana', 'Jackfruit' ],
    cards: [
      { aadhar: { 'aadhar-No': '92783', isActive: true } },
      { PAN: { 'PAN-No': 'Kinj093', isActive: false } },
      { voter: { voterID: 'Ind03o3', isActive: true } },
      {
        licence: {
          'licence-No': 'LMV9478',
          issueDate: '2020-01-01',
          expireDate: '2040-01-01',
          isActive: true
        }
      }
    ],
    job: 'analyst',
    mgr: 1025,
    hiredate: ISODate("1981-12-03T00:00:00.000Z"),
    sal: 3500,
    comm: null,
    deptno: 30
  },
  {
    empid: 1023,
    address: {
      building: '2780',
      coord: [ -73.98241999999999, 40.579505 ],
      street: 'Stillwell Avenue',
      zipcode: '11224'
    },
    isDocActive: false,
    gender: 'male',
    canVote: true,
    canDrive: true,
    color: [ 'Air Force Blue', 'Apple Green' ],
    fruit: [ 'Orange' ],
    cards: [
      { voter: { voterID: 'Ind03o3', isActive: true } },
      { aadhar: { 'aadhar-No': '12321', isActive: true } },
      { PAN: { 'PAN-No': 'Kinj093', isActive: false } },
      {
        licence: {
          'licence-No': 'LMV9478',
          issueDate: '2020-01-01',
          expireDate: '2040-01-01',
          isActive: true
        }
      }
    ],
    job: 'accountant',
    mgr: 1022,
    hiredate: ISODate("1981-04-02T00:00:00.000Z"),
    sal: 2700,
    comm: null,
    deptno: 30
  },
  {
    empid: 1033,
    address: {
      building: '705',
      coord: [ -73.9653967, 40.6064339 ],
      street: 'Kings Highway',
      zipcode: '11223'
    },
    isDocActive: false,
    gender: 'male',
    canVote: true,
    canDrive: true,
    color: [ 'Bright Green' ],
    fruit: [],
    cards: [
      { voter: { voterID: 'Ind03o3', isActive: true } },
      { aadhar: { 'aadhar-No': '93824', isActive: true } },
      {
        licence: {
          'licence-No': 'LMV9478',
          issueDate: '2020-01-01',
          expireDate: '2040-01-01',
          isActive: true
        }
      },
      { PAN: { 'PAN-No': 'Kinj093', isActive: false } }
    ],
    job: 'salesman',
    mgr: 1029,
    hiredate: ISODate("1982-02-24T00:00:00.000Z"),
    sal: 2200,
    comm: 0,
    deptno: 40
  },
  {
    empid: 1039,
    address: {
      building: '129-08',
      coord: [ -73.839297, 40.78147 ],
      street: '20 Avenue',
      zipcode: '11356'
    },
    isDocActive: false,
    gender: 'male',
    canVote: true,
    canDrive: true,
    color: [ 'Cherry', 'Charcoal' ],
    fruit: [],
    cards: [
      {
        ATM: {
          bank: 'BOI',
          from: '2021-10-04',
          to: '2027:12:21',
          isActive: true
        }
      },
      { OCI: { country: 'usa', state: 'NY', isActive: true } },
      {
        debit: {
          bank: 'BOI',
          from: '2021-10-04',
          to: '2027:12:21',
          isActive: true
        }
      },
      { aadhar: { 'aadhar-No': '66675', isActive: true } },
      { PAN: { 'PAN-No': 'Kinj093', isActive: false } },
      { voter: { voterID: 'Ind03o3', isActive: true } },
      {
        licence: {
          'licence-No': 'LMV9478',
          issueDate: '2020-01-01',
          expireDate: '2040-01-01',
          isActive: true
        }
      }
    ],
    job: 'analyst',
    mgr: 1022,
    hiredate: ISODate("1982-12-09T00:00:00.000Z"),
    sal: 3700,
    comm: null,
    deptno: 50
  },
  {
    empid: 1036,
    address: {
      building: '6909',
      coord: [ -74.0259567, 40.6353674 ],
      street: '3 Avenue',
      zipcode: '11209'
    },
    isDocActive: true,
    gender: 'male',
    canVote: true,
    canDrive: true,
    color: [ 'Indian Yellow' ],
    fruit: [ 'Crab apples' ],
    cards: [
      { aadhar: { 'aadhar-No': '55622', isActive: true } },
      { PAN: { 'PAN-No': 'Kinj093', isActive: false } },
      { OCI: { country: 'usa', state: 'NJ', isActive: true } },
      { voter: { voterID: 'Ind03o3', isActive: true } },
      {
        licence: {
          'licence-No': 'LMV9478',
          issueDate: '2020-01-01',
          expireDate: '2040-01-01',
          isActive: true
        }
      }
    ],
    job: 'administrator',
    mgr: 1031,
    hiredate: ISODate("1983-06-15T00:00:00.000Z"),
    sal: 3400,
    comm: null,
    deptno: 50
  },
  {
    empid: 1040,
    address: {
      building: '759',
      coord: [ -73.9925306, 40.7309346 ],
      street: 'Broadway',
      zipcode: '10003'
    },
    isDocActive: false,
    gender: 'male',
    canVote: true,
    canDrive: true,
    color: [ 'Indian Red' ],
    fruit: [ 'Crab apples' ],
    cards: [
      { aadhar: { 'aadhar-No': '66623', isActive: true } },
      { PAN: { 'PAN-No': 'Kinj093', isActive: false } },
      { voter: { voterID: 'Ind03o3', isActive: true } },
      {
        licence: {
          'licence-No': 'LMV9478',
          issueDate: '2020-01-01',
          expireDate: '2040-01-01',
          isActive: true
        }
      }
    ],
    job: 'administrator',
    mgr: 1029,
    hiredate: ISODate("1982-12-08T00:00:00.000Z"),
    sal: 3500,
    comm: null,
    deptno: 50,
    phone: [ 85088422, Long("9822884228") ]
  },
  {
    empid: 1038,
    address: {
      building: '284',
      coord: [ -73.9829239, 40.6580753 ],
      street: 'Prospect Park West',
      zipcode: '11215'
    },
    isDocActive: true,
    gender: 'male',
    canVote: true,
    canDrive: true,
    color: [ 'Apple Green' ],
    fruit: [],
    cards: [
      { OCI: { country: 'usa', state: 'IN', isActive: true } },
      { aadhar: { 'aadhar-No': '00098', isActive: true } },
      { PAN: { 'PAN-No': 'Kinj093', isActive: false } },
      { voter: { voterID: 'Ind03o3', isActive: true } },
      {
        licence: {
          'licence-No': 'LMV9478',
          issueDate: '2020-01-01',
          expireDate: '2040-01-01',
          isActive: true
        }
      }
    ],
    job: 'administrator',
    mgr: 1030,
    hiredate: ISODate("1983-03-14T00:00:00.000Z"),
    sal: 4200,
    comm: null,
    deptno: 10
  },
  {
    empid: 1035,
    address: {
      building: '265-15',
      coord: [ -73.7032601, 40.7386417 ],
      street: 'Hillside Avenue',
      zipcode: '11004'
    },
    isDocActive: false,
    gender: 'male',
    canVote: true,
    canDrive: true,
    color: [ 'Indian Red' ],
    fruit: [ 'Lychee', 'Indian Fig' ],
    cards: [
      { credit: { bank: 'SBI', isActive: true } },
      { aadhar: { 'aadhar-No': '00998', isActive: true } },
      { OCI: { country: 'usa', state: 'NJ', isActive: true } },
      { PAN: { 'PAN-No': 'Kinj093', isActive: false } },
      { voter: { voterID: 'Ind03o3', isActive: true } },
      {
        licence: {
          'licence-No': 'LMV9478',
          issueDate: '2020-01-01',
          expireDate: '2040-01-01',
          isActive: true
        }
      }
    ],
    job: 'clerk',
    mgr: 1029,
    hiredate: ISODate("1981-12-31T00:00:00.000Z"),
    sal: 1200,
    comm: null,
    deptno: 40
  },
  {
    empid: 1041,
    address: {
      building: '3406',
      coord: [ -73.94024739999999, 40.7623288 ],
      street: '10 Street',
      zipcode: '11106'
    },
    isDocActive: true,
    gender: 'male',
    canVote: true,
    canDrive: true,
    color: [ 'Air Force Blue' ],
    fruit: [],
    cards: [
      { aadhar: { 'aadhar-No': '77767', isActive: true } },
      { PAN: { 'PAN-No': 'Kinj093', isActive: false } },
      { voter: { voterID: 'Ind03o3', isActive: true } },
      {
        licence: {
          'licence-No': 'LMV9478',
          issueDate: '2020-01-01',
          expireDate: '2040-01-01',
          isActive: true
        }
      }
    ],
    job: 'programmer',
    mgr: 1021,
    hiredate: ISODate("1982-12-09T00:00:00.000Z"),
    sal: 3500,
    comm: null,
    deptno: 50,
    phone: [ 85088422, Long("9822884228") ],
    skills: { languages: [ 'C++', 'JAVA' ], web: [ 'php', 'java', 'jquery' ] }
  },
  {
    empid: 1022,
    address: {
      building: '351',
      coord: [ -73.98513559999999, 40.7676919 ],
      street: 'West   57 Street',
      zipcode: '10019'
    },
    isDocActive: true,
    gender: 'male',
    canVote: true,
    canDrive: true,
    color: [ 'Red', 'Blue', 'Green', 'Yellow' ],
    fruit: [ 'Indian Fig' ],
    cards: [
      { PAN: { 'PAN-No': 'Kinj093', isActive: false } },
      { aadhar: { 'aadhar-No': '73826', isActive: true } },
      { voter: { voterID: 'Ind03o3', isActive: true } },
      {
        licence: {
          'licence-No': 'LMV9478',
          issueDate: '2020-01-01',
          expireDate: '2040-01-01',
          isActive: true
        }
      }
    ],
    job: 'manager',
    mgr: 1020,
    hiredate: ISODate("1981-07-09T00:00:00.000Z"),
    sal: 4700,
    comm: null,
    deptno: 20
  },
  {
    empid: 1037,
    address: {
      building: '522',
      coord: [ -73.95171, 40.767461 ],
      street: 'East   74 Street',
      zipcode: '10021'
    },
    isDocActive: false,
    gender: 'male',
    canVote: true,
    canDrive: true,
    color: [ 'Lemon' ],
    fruit: [ 'Jackfruit', 'banana', 'Apple' ],
    cards: [
      {
        ATM: {
          bank: 'canara',
          from: '2021-10-20',
          to: '2025:12:21',
          isActive: true
        }
      },
      { aadhar: { 'aadhar-No': '00983', isActive: true } },
      {
        ATM: {
          bank: 'BOI',
          from: '2021-10-04',
          to: '2027:12:21',
          isActive: true
        }
      },
      { OCI: { country: 'usa', state: 'CA', isActive: true } },
      { PAN: { 'PAN-No': 'Kinj093', isActive: false } },
      { voter: { voterID: 'Ind03o3', isActive: true } },
      {
        licence: {
          'licence-No': 'LMV9478',
          issueDate: '2020-01-01',
          expireDate: '2040-01-01',
          isActive: true
        }
      }
    ],
    job: 'clerk',
    mgr: 1031,
    hiredate: ISODate("1983-07-12T00:00:00.000Z"),
    sal: 1400,
    comm: null,
    deptno: 50
  },
  {
    empid: 1044,
    address: {
      building: '18',
      coord: [ -73.996984, 40.72589 ],
      street: 'West Houston Street',
      zipcode: '10012'
    },
    isDocActive: false,
    gender: 'male',
    canVote: true,
    canDrive: true,
    color: [ 'Lime' ],
    fruit: [ 'Indian Fig' ],
    cards: [
      { aadhar: { 'aadhar-No': '55543', isActive: true } },
      { PAN: { 'PAN-No': 'Kinj093', isActive: false } },
      { voter: { voterID: 'Ind03o3', isActive: true } },
      {
        licence: {
          'licence-No': 'LMV9478',
          issueDate: '2020-01-01',
          expireDate: '2040-01-01',
          isActive: true
        }
      }
    ],
    job: 'programmer',
    mgr: 1021,
    hiredate: ISODate("1981-11-04T00:00:00.000Z"),
    sal: 2400,
    comm: null,
    deptno: 50,
    phone: '020-25420212',
    skills: {
      web: [ 'php', 'java', 'jquery' ],
      database: [ 'oracle', 'ms-sql server', 'mongodb' ]
    }
  },
  {
    empid: 1042,
    address: {
      building: '502',
      coord: [ -73.976112, 40.786714 ],
      street: 'Amsterdam Avenue',
      zipcode: '10024'
    },
    isDocActive: false,
    gender: 'male',
    canVote: true,
    canDrive: true,
    color: [ 'Orange' ],
    fruit: [],
    cards: [
      { aadhar: { 'aadhar-No': '77787', isActive: true } },
      { PAN: { 'PAN-No': 'Kinj093', isActive: false } },
      { voter: { voterID: 'Ind03o3', isActive: true } },
      {
        licence: {
          'licence-No': 'LMV9478',
          issueDate: '2020-01-01',
          expireDate: '2040-01-01',
          isActive: true
        }
      }
    ],
    job: 'administrator',
    mgr: 1029,
    hiredate: ISODate("1981-11-03T00:00:00.000Z"),
    sal: 3500,
    comm: null,
    deptno: 50,
    phone: [ '9850884228', '9822884228' ]
  },
  {
    empid: 1050,
    address: {
      building: '1006',
      coord: [ -73.84856870000002, 40.8903781 ],
      street: 'East 233 Street',
      zipcode: '10466'
    },
    isDocActive: false,
    gender: 'male',
    canVote: true,
    canDrive: true,
    color: [ 'Snow White' ],
    fruit: [ 'Orange' ],
    cards: [
      { aadhar: { 'aadhar-No': '44445', isActive: true } },
      { PAN: { 'PAN-No': 'Kinj093', isActive: false } },
      { voter: { voterID: 'Ind03o3', isActive: true } },
      {
        licence: {
          'licence-No': 'LMV9478',
          issueDate: '2020-01-01',
          expireDate: '2040-01-01',
          isActive: true
        }
      }
    ],
    job: 'auditor',
    mgr: 1047,
    hiredate: ISODate("1984-05-06T00:00:00.000Z"),
    sal: 3800,
    comm: null,
    hra: 1000,
    da: 900,
    deptno: 20
  },
  {
    empid: 1047,
    address: {
      building: '60',
      coord: [ -74.0085357, 40.70620539999999 ],
      street: 'Wall Street',
      zipcode: '10005'
    },
    isDocActive: true,
    gender: 'male',
    canVote: true,
    canDrive: true,
    color: [ 'Coral', 'Cream' ],
    fruit: [],
    cards: [
      { aadhar: { 'aadhar-No': '99890', isActive: true } },
      { PAN: { 'PAN-No': 'Kinj093', isActive: false } },
      { voter: { voterID: 'Ind03o3', isActive: true } },
      {
        licence: {
          'licence-No': 'LMV9478',
          issueDate: '2020-01-01',
          expireDate: '2040-01-01',
          isActive: true
        }
      }
    ],
    job: 'programmer',
    mgr: 1039,
    hiredate: ISODate("1980-03-14T00:00:00.000Z"),
    sal: 1300,
    comm: 1200,
    deptno: 50,
    phone: '022-2548345',
    skills: {
      language: [ '.NET', 'java' ],
      database: { rdbms: [ 'oracle', 'db2' ], nosql: [ 'mongodb', 'hive' ] },
      web: [ 'json', 'jquery', 'javascript', 'php' ]
    }
  }
]
Type "it" for more
Enterprise db1> db.emp.find({},{_id:1, ename:false,sal:0});
[
  {
    _id: ObjectId("67d27818893a488152e4d672"),
    empid: 1026,
    address: {
      building: '7114',
      coord: [ -73.9068506, 40.6199034 ],
      street: 'Avenue U',
      zipcode: '11234'
    },
    isDocActive: false,
    gender: 'male',
    canVote: true,
    canDrive: true,
    color: [ 'Brass', 'Bright Green' ],
    fruit: [],
    cards: [
      { aadhar: { 'aadhar-No': '12321', isActive: true } },
      { PAN: { 'PAN-No': 'Kinj093', isActive: false } },
      { voter: { voterID: 'Ind03o3', isActive: true } },
      {
        licence: {
          'licence-No': 'LMV9478',
          issueDate: '2020-01-01',
          expireDate: '2040-01-01',
          isActive: true
        }
      }
    ],
    job: 'clerk',
    mgr: 1024,
    hiredate: ISODate("1981-12-03T00:00:00.000Z"),
    comm: null,
    deptno: 30
  },
  {
    _id: ObjectId("67d27818893a488152e4d673"),
    empid: 1027,
    address: {
      building: '6409',
      coord: [ -74.00528899999999, 40.628886 ],
      street: '11 Avenue',
      zipcode: '11219'
    },
    isDocActive: false,
    gender: 'male',
    canVote: true,
    canDrive: true,
    color: [ 'Charcoal', 'Cherry' ],
    fruit: [],
    cards: [
      { aadhar: { 'aadhar-No': '83972', isActive: true } },
      { PAN: { 'PAN-No': 'Kinj093', isActive: false } },
      { voter: { voterID: 'Ind03o3', isActive: true } },
      {
        licence: {
          'licence-No': 'LMV9478',
          issueDate: '2020-01-01',
          expireDate: '2040-01-01',
          isActive: true
        }
      }
    ],
    job: 'clerk',
    mgr: 1024,
    hiredate: ISODate("1981-02-22T00:00:00.000Z"),
    comm: null,
    deptno: 10
  },
  {
    _id: ObjectId("67d27818893a488152e4d674"),
    empid: 1030,
    address: {
      building: '7715',
      coord: [ -73.9973325, 40.61174889999999 ],
      street: '18 Avenue',
      zipcode: '11214'
    },
    isDocActive: false,
    gender: 'male',
    canVote: true,
    canDrive: true,
    color: [ 'Coral' ],
    fruit: [ 'Dates', 'Orange' ],
    cards: [
      { aadhar: { 'aadhar-No': '73822', isActive: true } },
      { PAN: { 'PAN-No': 'Kinj093', isActive: false } },
      {
        licence: {
          'licence-No': 'LMV9478',
          issueDate: '2020-01-01',
          expireDate: '2040-01-01',
          isActive: true
        }
      },
      { voter: { voterID: 'Ind03o3', isActive: true } }
    ],
    job: 'programmer',
    mgr: 1020,
    hiredate: ISODate("1982-12-09T00:00:00.000Z"),
    comm: null,
    deptno: 10
  },
  {
    _id: ObjectId("67d27818893a488152e4d675"),
    empid: 1034,
    address: {
      building: '203',
      coord: [ -73.97822040000001, 40.6435254 ],
      street: 'Church Avenue',
      zipcode: '11218'
    },
    isDocActive: false,
    gender: 'male',
    canVote: true,
    canDrive: true,
    color: [ 'India Green' ],
    fruit: [ 'Dates' ],
    cards: [
      { PAN: { 'PAN-No': 'Kinj093', isActive: false } },
      { aadhar: { 'aadhar-No': '19826', isActive: true } },
      {
        licence: {
          'licence-No': 'LMV9478',
          issueDate: '2020-01-01',
          expireDate: '2040-01-01',
          isActive: true
        }
      },
      { voter: { voterID: 'Ind03o3', isActive: true } },
      { debit: { bank: 'BOI', isActive: true } }
    ],
    job: 'salesman',
    mgr: 1029,
    hiredate: ISODate("1980-02-14T00:00:00.000Z"),
    comm: 6250,
    deptno: 40
  },
  {
    _id: ObjectId("67d27818893a488152e4d676"),
    empid: 1029,
    address: {
      building: '2300',
      coord: [ -73.8786113, 40.8502883 ],
      street: 'Southern Boulevard',
      zipcode: '10460'
    },
    isDocActive: false,
    gender: 'male',
    canVote: true,
    canDrive: true,
    color: [ 'Copper' ],
    fruit: [],
    cards: [
      { aadhar: { 'aadhar-No': '73122', isActive: true } },
      { PAN: { 'PAN-No': 'Kinj093', isActive: false } },
      { voter: { voterID: 'Ind03o3', isActive: true } },
      {
        licence: {
          'licence-No': 'LMV9478',
          issueDate: '2020-01-01',
          expireDate: '2040-01-01',
          isActive: true
        }
      }
    ],
    job: 'manager',
    mgr: 1020,
    hiredate: ISODate("1980-12-17T00:00:00.000Z"),
    comm: null,
    deptno: 30
  },
  {
    _id: ObjectId("67d27818893a488152e4d677"),
    empid: 1028,
    address: {
      building: '1839',
      coord: [ -73.9482609, 40.6408271 ],
      street: 'Nostrand Avenue',
      zipcode: '11226'
    },
    isDocActive: true,
    gender: 'male',
    canVote: true,
    canDrive: true,
    color: [ 'Brown' ],
    fruit: [ 'banana', 'Jackfruit' ],
    cards: [
      { aadhar: { 'aadhar-No': '92783', isActive: true } },
      { PAN: { 'PAN-No': 'Kinj093', isActive: false } },
      { voter: { voterID: 'Ind03o3', isActive: true } },
      {
        licence: {
          'licence-No': 'LMV9478',
          issueDate: '2020-01-01',
          expireDate: '2040-01-01',
          isActive: true
        }
      }
    ],
    job: 'analyst',
    mgr: 1025,
    hiredate: ISODate("1981-12-03T00:00:00.000Z"),
    comm: null,
    deptno: 30
  },
  {
    _id: ObjectId("67d27818893a488152e4d678"),
    empid: 1023,
    address: {
      building: '2780',
      coord: [ -73.98241999999999, 40.579505 ],
      street: 'Stillwell Avenue',
      zipcode: '11224'
    },
    isDocActive: false,
    gender: 'male',
    canVote: true,
    canDrive: true,
    color: [ 'Air Force Blue', 'Apple Green' ],
    fruit: [ 'Orange' ],
    cards: [
      { voter: { voterID: 'Ind03o3', isActive: true } },
      { aadhar: { 'aadhar-No': '12321', isActive: true } },
      { PAN: { 'PAN-No': 'Kinj093', isActive: false } },
      {
        licence: {
          'licence-No': 'LMV9478',
          issueDate: '2020-01-01',
          expireDate: '2040-01-01',
          isActive: true
        }
      }
    ],
    job: 'accountant',
    mgr: 1022,
    hiredate: ISODate("1981-04-02T00:00:00.000Z"),
    comm: null,
    deptno: 30
  },
  {
    _id: ObjectId("67d27818893a488152e4d679"),
    empid: 1033,
    address: {
      building: '705',
      coord: [ -73.9653967, 40.6064339 ],
      street: 'Kings Highway',
      zipcode: '11223'
    },
    isDocActive: false,
    gender: 'male',
    canVote: true,
    canDrive: true,
    color: [ 'Bright Green' ],
    fruit: [],
    cards: [
      { voter: { voterID: 'Ind03o3', isActive: true } },
      { aadhar: { 'aadhar-No': '93824', isActive: true } },
      {
        licence: {
          'licence-No': 'LMV9478',
          issueDate: '2020-01-01',
          expireDate: '2040-01-01',
          isActive: true
        }
      },
      { PAN: { 'PAN-No': 'Kinj093', isActive: false } }
    ],
    job: 'salesman',
    mgr: 1029,
    hiredate: ISODate("1982-02-24T00:00:00.000Z"),
    comm: 0,
    deptno: 40
  },
  {
    _id: ObjectId("67d27818893a488152e4d67a"),
    empid: 1039,
    address: {
      building: '129-08',
      coord: [ -73.839297, 40.78147 ],
      street: '20 Avenue',
      zipcode: '11356'
    },
    isDocActive: false,
    gender: 'male',
    canVote: true,
    canDrive: true,
    color: [ 'Cherry', 'Charcoal' ],
    fruit: [],
    cards: [
      {
        ATM: {
          bank: 'BOI',
          from: '2021-10-04',
          to: '2027:12:21',
          isActive: true
        }
      },
      { OCI: { country: 'usa', state: 'NY', isActive: true } },
      {
        debit: {
          bank: 'BOI',
          from: '2021-10-04',
          to: '2027:12:21',
          isActive: true
        }
      },
      { aadhar: { 'aadhar-No': '66675', isActive: true } },
      { PAN: { 'PAN-No': 'Kinj093', isActive: false } },
      { voter: { voterID: 'Ind03o3', isActive: true } },
      {
        licence: {
          'licence-No': 'LMV9478',
          issueDate: '2020-01-01',
          expireDate: '2040-01-01',
          isActive: true
        }
      }
    ],
    job: 'analyst',
    mgr: 1022,
    hiredate: ISODate("1982-12-09T00:00:00.000Z"),
    comm: null,
    deptno: 50
  },
  {
    _id: ObjectId("67d27818893a488152e4d67b"),
    empid: 1036,
    address: {
      building: '6909',
      coord: [ -74.0259567, 40.6353674 ],
      street: '3 Avenue',
      zipcode: '11209'
    },
    isDocActive: true,
    gender: 'male',
    canVote: true,
    canDrive: true,
    color: [ 'Indian Yellow' ],
    fruit: [ 'Crab apples' ],
    cards: [
      { aadhar: { 'aadhar-No': '55622', isActive: true } },
      { PAN: { 'PAN-No': 'Kinj093', isActive: false } },
      { OCI: { country: 'usa', state: 'NJ', isActive: true } },
      { voter: { voterID: 'Ind03o3', isActive: true } },
      {
        licence: {
          'licence-No': 'LMV9478',
          issueDate: '2020-01-01',
          expireDate: '2040-01-01',
          isActive: true
        }
      }
    ],
    job: 'administrator',
    mgr: 1031,
    hiredate: ISODate("1983-06-15T00:00:00.000Z"),
    comm: null,
    deptno: 50
  },
  {
    _id: ObjectId("67d27818893a488152e4d67c"),
    empid: 1040,
    address: {
      building: '759',
      coord: [ -73.9925306, 40.7309346 ],
      street: 'Broadway',
      zipcode: '10003'
    },
    isDocActive: false,
    gender: 'male',
    canVote: true,
    canDrive: true,
    color: [ 'Indian Red' ],
    fruit: [ 'Crab apples' ],
    cards: [
      { aadhar: { 'aadhar-No': '66623', isActive: true } },
      { PAN: { 'PAN-No': 'Kinj093', isActive: false } },
      { voter: { voterID: 'Ind03o3', isActive: true } },
      {
        licence: {
          'licence-No': 'LMV9478',
          issueDate: '2020-01-01',
          expireDate: '2040-01-01',
          isActive: true
        }
      }
    ],
    job: 'administrator',
    mgr: 1029,
    hiredate: ISODate("1982-12-08T00:00:00.000Z"),
    comm: null,
    deptno: 50,
    phone: [ 85088422, Long("9822884228") ]
  },
  {
    _id: ObjectId("67d27818893a488152e4d67d"),
    empid: 1038,
    address: {
      building: '284',
      coord: [ -73.9829239, 40.6580753 ],
      street: 'Prospect Park West',
      zipcode: '11215'
    },
    isDocActive: true,
    gender: 'male',
    canVote: true,
    canDrive: true,
    color: [ 'Apple Green' ],
    fruit: [],
    cards: [
      { OCI: { country: 'usa', state: 'IN', isActive: true } },
      { aadhar: { 'aadhar-No': '00098', isActive: true } },
      { PAN: { 'PAN-No': 'Kinj093', isActive: false } },
      { voter: { voterID: 'Ind03o3', isActive: true } },
      {
        licence: {
          'licence-No': 'LMV9478',
          issueDate: '2020-01-01',
          expireDate: '2040-01-01',
          isActive: true
        }
      }
    ],
    job: 'administrator',
    mgr: 1030,
    hiredate: ISODate("1983-03-14T00:00:00.000Z"),
    comm: null,
    deptno: 10
  },
  {
    _id: ObjectId("67d27818893a488152e4d67e"),
    empid: 1035,
    address: {
      building: '265-15',
      coord: [ -73.7032601, 40.7386417 ],
      street: 'Hillside Avenue',
      zipcode: '11004'
    },
    isDocActive: false,
    gender: 'male',
    canVote: true,
    canDrive: true,
    color: [ 'Indian Red' ],
    fruit: [ 'Lychee', 'Indian Fig' ],
    cards: [
      { credit: { bank: 'SBI', isActive: true } },
      { aadhar: { 'aadhar-No': '00998', isActive: true } },
      { OCI: { country: 'usa', state: 'NJ', isActive: true } },
      { PAN: { 'PAN-No': 'Kinj093', isActive: false } },
      { voter: { voterID: 'Ind03o3', isActive: true } },
      {
        licence: {
          'licence-No': 'LMV9478',
          issueDate: '2020-01-01',
          expireDate: '2040-01-01',
          isActive: true
        }
      }
    ],
    job: 'clerk',
    mgr: 1029,
    hiredate: ISODate("1981-12-31T00:00:00.000Z"),
    comm: null,
    deptno: 40
  },
  {
    _id: ObjectId("67d27818893a488152e4d67f"),
    empid: 1041,
    address: {
      building: '3406',
      coord: [ -73.94024739999999, 40.7623288 ],
      street: '10 Street',
      zipcode: '11106'
    },
    isDocActive: true,
    gender: 'male',
    canVote: true,
    canDrive: true,
    color: [ 'Air Force Blue' ],
    fruit: [],
    cards: [
      { aadhar: { 'aadhar-No': '77767', isActive: true } },
      { PAN: { 'PAN-No': 'Kinj093', isActive: false } },
      { voter: { voterID: 'Ind03o3', isActive: true } },
      {
        licence: {
          'licence-No': 'LMV9478',
          issueDate: '2020-01-01',
          expireDate: '2040-01-01',
          isActive: true
        }
      }
    ],
    job: 'programmer',
    mgr: 1021,
    hiredate: ISODate("1982-12-09T00:00:00.000Z"),
    comm: null,
    deptno: 50,
    phone: [ 85088422, Long("9822884228") ],
    skills: { languages: [ 'C++', 'JAVA' ], web: [ 'php', 'java', 'jquery' ] }
  },
  {
    _id: ObjectId("67d27818893a488152e4d680"),
    empid: 1022,
    address: {
      building: '351',
      coord: [ -73.98513559999999, 40.7676919 ],
      street: 'West   57 Street',
      zipcode: '10019'
    },
    isDocActive: true,
    gender: 'male',
    canVote: true,
    canDrive: true,
    color: [ 'Red', 'Blue', 'Green', 'Yellow' ],
    fruit: [ 'Indian Fig' ],
    cards: [
      { PAN: { 'PAN-No': 'Kinj093', isActive: false } },
      { aadhar: { 'aadhar-No': '73826', isActive: true } },
      { voter: { voterID: 'Ind03o3', isActive: true } },
      {
        licence: {
          'licence-No': 'LMV9478',
          issueDate: '2020-01-01',
          expireDate: '2040-01-01',
          isActive: true
        }
      }
    ],
    job: 'manager',
    mgr: 1020,
    hiredate: ISODate("1981-07-09T00:00:00.000Z"),
    comm: null,
    deptno: 20
  },
  {
    _id: ObjectId("67d27818893a488152e4d681"),
    empid: 1037,
    address: {
      building: '522',
      coord: [ -73.95171, 40.767461 ],
      street: 'East   74 Street',
      zipcode: '10021'
    },
    isDocActive: false,
    gender: 'male',
    canVote: true,
    canDrive: true,
    color: [ 'Lemon' ],
    fruit: [ 'Jackfruit', 'banana', 'Apple' ],
    cards: [
      {
        ATM: {
          bank: 'canara',
          from: '2021-10-20',
          to: '2025:12:21',
          isActive: true
        }
      },
      { aadhar: { 'aadhar-No': '00983', isActive: true } },
      {
        ATM: {
          bank: 'BOI',
          from: '2021-10-04',
          to: '2027:12:21',
          isActive: true
        }
      },
      { OCI: { country: 'usa', state: 'CA', isActive: true } },
      { PAN: { 'PAN-No': 'Kinj093', isActive: false } },
      { voter: { voterID: 'Ind03o3', isActive: true } },
      {
        licence: {
          'licence-No': 'LMV9478',
          issueDate: '2020-01-01',
          expireDate: '2040-01-01',
          isActive: true
        }
      }
    ],
    job: 'clerk',
    mgr: 1031,
    hiredate: ISODate("1983-07-12T00:00:00.000Z"),
    comm: null,
    deptno: 50
  },
  {
    _id: ObjectId("67d27818893a488152e4d682"),
    empid: 1044,
    address: {
      building: '18',
      coord: [ -73.996984, 40.72589 ],
      street: 'West Houston Street',
      zipcode: '10012'
    },
    isDocActive: false,
    gender: 'male',
    canVote: true,
    canDrive: true,
    color: [ 'Lime' ],
    fruit: [ 'Indian Fig' ],
    cards: [
      { aadhar: { 'aadhar-No': '55543', isActive: true } },
      { PAN: { 'PAN-No': 'Kinj093', isActive: false } },
      { voter: { voterID: 'Ind03o3', isActive: true } },
      {
        licence: {
          'licence-No': 'LMV9478',
          issueDate: '2020-01-01',
          expireDate: '2040-01-01',
          isActive: true
        }
      }
    ],
    job: 'programmer',
    mgr: 1021,
    hiredate: ISODate("1981-11-04T00:00:00.000Z"),
    comm: null,
    deptno: 50,
    phone: '020-25420212',
    skills: {
      web: [ 'php', 'java', 'jquery' ],
      database: [ 'oracle', 'ms-sql server', 'mongodb' ]
    }
  },
  {
    _id: ObjectId("67d27818893a488152e4d683"),
    empid: 1042,
    address: {
      building: '502',
      coord: [ -73.976112, 40.786714 ],
      street: 'Amsterdam Avenue',
      zipcode: '10024'
    },
    isDocActive: false,
    gender: 'male',
    canVote: true,
    canDrive: true,
    color: [ 'Orange' ],
    fruit: [],
    cards: [
      { aadhar: { 'aadhar-No': '77787', isActive: true } },
      { PAN: { 'PAN-No': 'Kinj093', isActive: false } },
      { voter: { voterID: 'Ind03o3', isActive: true } },
      {
        licence: {
          'licence-No': 'LMV9478',
          issueDate: '2020-01-01',
          expireDate: '2040-01-01',
          isActive: true
        }
      }
    ],
    job: 'administrator',
    mgr: 1029,
    hiredate: ISODate("1981-11-03T00:00:00.000Z"),
    comm: null,
    deptno: 50,
    phone: [ '9850884228', '9822884228' ]
  },
  {
    _id: ObjectId("67d27818893a488152e4d684"),
    empid: 1050,
    address: {
      building: '1006',
      coord: [ -73.84856870000002, 40.8903781 ],
      street: 'East 233 Street',
      zipcode: '10466'
    },
    isDocActive: false,
    gender: 'male',
    canVote: true,
    canDrive: true,
    color: [ 'Snow White' ],
    fruit: [ 'Orange' ],
    cards: [
      { aadhar: { 'aadhar-No': '44445', isActive: true } },
      { PAN: { 'PAN-No': 'Kinj093', isActive: false } },
      { voter: { voterID: 'Ind03o3', isActive: true } },
      {
        licence: {
          'licence-No': 'LMV9478',
          issueDate: '2020-01-01',
          expireDate: '2040-01-01',
          isActive: true
        }
      }
    ],
    job: 'auditor',
    mgr: 1047,
    hiredate: ISODate("1984-05-06T00:00:00.000Z"),
    comm: null,
    hra: 1000,
    da: 900,
    deptno: 20
  },
  {
    _id: ObjectId("67d27818893a488152e4d685"),
    empid: 1047,
    address: {
      building: '60',
      coord: [ -74.0085357, 40.70620539999999 ],
      street: 'Wall Street',
      zipcode: '10005'
    },
    isDocActive: true,
    gender: 'male',
    canVote: true,
    canDrive: true,
    color: [ 'Coral', 'Cream' ],
    fruit: [],
    cards: [
      { aadhar: { 'aadhar-No': '99890', isActive: true } },
      { PAN: { 'PAN-No': 'Kinj093', isActive: false } },
      { voter: { voterID: 'Ind03o3', isActive: true } },
      {
        licence: {
          'licence-No': 'LMV9478',
          issueDate: '2020-01-01',
          expireDate: '2040-01-01',
          isActive: true
        }
      }
    ],
    job: 'programmer',
    mgr: 1039,
    hiredate: ISODate("1980-03-14T00:00:00.000Z"),
    comm: 1200,
    deptno: 50,
    phone: '022-2548345',
    skills: {
      language: [ '.NET', 'java' ],
      database: { rdbms: [ 'oracle', 'db2' ], nosql: [ 'mongodb', 'hive' ] },
      web: [ 'json', 'jquery', 'javascript', 'php' ]
    }
  }
]
Type "it" for more
Enterprise db1> db.emp.find({},{_id:1, ename:false,sal:1});
MongoServerError: Cannot do inclusion on field sal in exclusion projection
Enterprise db1> db.emp.find({},{_id:1, ename:1,sal:1});
[
  {
    _id: ObjectId("67d27818893a488152e4d672"),
    ename: 'blake',
    sal: 3000
  },
  {
    _id: ObjectId("67d27818893a488152e4d673"),
    ename: 'richards',
    sal: 1500
  },
  {
    _id: ObjectId("67d27818893a488152e4d674"),
    ename: 'saleel',
    sal: 2900
  },
  {
    _id: ObjectId("67d27818893a488152e4d675"),
    ename: 'vasu',
    sal: 2200
  },
  {
    _id: ObjectId("67d27818893a488152e4d676"),
    ename: 'bob',
    sal: 4900
  },
  {
    _id: ObjectId("67d27818893a488152e4d677"),
    ename: 'peter',
    sal: 3500
  },
  {
    _id: ObjectId("67d27818893a488152e4d678"),
    ename: 'jack',
    sal: 2700
  },
  {
    _id: ObjectId("67d27818893a488152e4d679"),
    ename: 'vasant',
    sal: 2200
  },
  {
    _id: ObjectId("67d27818893a488152e4d67a"),
    ename: 'saleel',
    sal: 3700
  },
  {
    _id: ObjectId("67d27818893a488152e4d67b"),
    ename: 'raju',
    sal: 3400
  },
  {
    _id: ObjectId("67d27818893a488152e4d67c"),
    ename: 'amit',
    sal: 3500
  },
  {
    _id: ObjectId("67d27818893a488152e4d67d"),
    ename: 'neel',
    sal: 4200
  },
  {
    _id: ObjectId("67d27818893a488152e4d67e"),
    ename: 'rahul',
    sal: 1200
  },
  {
    _id: ObjectId("67d27818893a488152e4d67f"),
    ename: 'dinesh',
    sal: 3500
  },
  {
    _id: ObjectId("67d27818893a488152e4d680"),
    ename: 'james',
    sal: 4700
  },
  {
    _id: ObjectId("67d27818893a488152e4d681"),
    ename: 'ramu',
    sal: 1400
  },
  {
    _id: ObjectId("67d27818893a488152e4d682"),
    ename: 'rudra',
    sal: 2400
  },
  {
    _id: ObjectId("67d27818893a488152e4d683"),
    ename: 'amit',
    sal: 3500
  },
  {
    _id: ObjectId("67d27818893a488152e4d684"),
    ename: 'amol',
    sal: 3800
  },
  {
    _id: ObjectId("67d27818893a488152e4d685"),
    ename: 'nitish',
    sal: 1300
  }
]
Type "it" for more
Enterprise db1> db.emp.find({},{ename:false,sal:1});
MongoServerError: Cannot do inclusion on field sal in exclusion projection
Enterprise db1>

Enterprise db1>

Enterprise db1> edit
Opening an editor...

Enterprise db1> const a = {
...     _id: 1,
...     ename: 'saleel',
...     colors: ['blue', 'green'],
...     address: {
...         city: 'baroda',
...         state: 'GJ'
...     }
...
...
...
Enterprise db1> const a = {    _id: 3,    ename: 'ruhan',    colors: ['blue', 'green'],    address: {        city: 'pune',        state: 'MH'    }
... ;
Uncaught:
SyntaxError: Unexpected token, expected "," (2:0)

  1 | const a = {    _id: 3,    ename: 'ruhan',    colors: ['blue', 'green'],    address: {        city: 'pune',        state: 'MH'    }
> 2 | ;
    | ^
  3 |

Enterprise db1> const a = {_id: 3,ename: 'ruhan', colors: ['blue', 'green'], address: {        city: 'pune', state: 'MH'};
Uncaught:
SyntaxError: Unexpected token, expected "," (1:105)

> 1 | const a = {_id: 3,ename: 'ruhan', colors: ['blue', 'green'], address: {        city: 'pune', state: 'MH'};
    |
                 ^
  2 |

Enterprise db1> const a = {_id: 3,ename: 'ruhan', colors: ['blue', 'green'], address: {        city: 'pune', state: 'MH'}}

Enterprise db1> a
{
  _id: 3,
  ename: 'ruhan',
  colors: [ 'blue', 'green' ],
  address: { city: 'pune', state: 'MH' }
}
Enterprise db1> db.x.find();
[
  {
    _id: 1,
    ename: 'saleel',
    colors: [ 'blue', 'green' ],
    address: { city: 'baroda', state: 'GJ' }
  },
  {
    _id: 2,
    ename: 'sharmin',
    colors: [ 'blue', 'green', 'pink' ],
    address: { city: 'pune', state: 'MH' },
    phone: [ 1111, 222 ]
  }
]
Enterprise db1> db.x.insertOne(a);
{ acknowledged: true, insertedId: 3 }
Enterprise db1> db.x.find();
[
  {
    _id: 1,
    ename: 'saleel',
    colors: [ 'blue', 'green' ],
    address: { city: 'baroda', state: 'GJ' }
  },
  {
    _id: 2,
    ename: 'sharmin',
    colors: [ 'blue', 'green', 'pink' ],
    address: { city: 'pune', state: 'MH' },
    phone: [ 1111, 222 ]
  },
  {
    _id: 3,
    ename: 'ruhan',
    colors: [ 'blue', 'green' ],
    address: { city: 'pune', state: 'MH' }
  }
]
Enterprise db1> db.x.find({"address.state":'GJ'});
[
  {
    _id: 1,
    ename: 'saleel',
    colors: [ 'blue', 'green' ],
    address: { city: 'baroda', state: 'GJ' }
  }
]
Enterprise db1> db.x.find({address.state:'GJ'});
Uncaught:
SyntaxError: Unexpected token, expected "," (1:18)

> 1 | db.x.find({address.state:'GJ'});
    |                   ^
  2 |

Enterprise db1> db.x.find({'address.state':'GJ'});
[
  {
    _id: 1,
    ename: 'saleel',
    colors: [ 'blue', 'green' ],
    address: { city: 'baroda', state: 'GJ' }
  }
]
Enterprise db1> db.x.find({address:{state':'GJ'}});
Uncaught:
SyntaxError: Unexpected token, expected "," (1:25)

> 1 | db.x.find({address:{state':'GJ'}});
    |                          ^
  2 |

Enterprise db1> db.x.find({address:{state:'GJ'}});

Enterprise db1> db.x.find({address:{state:'GJ'}});

Enterprise db1> db.x.find({'address.state':'GJ'});
[
  {
    _id: 1,
    ename: 'saleel',
    colors: [ 'blue', 'green' ],
    address: { city: 'baroda', state: 'GJ' }
  }
]
Enterprise db1> function fn1() {print("Hellow World")}
[Function: fn1]
Enterprise db1> fn1();
Hellow World

Enterprise db1> function fn1(x, y) { const z =0})}
Uncaught:
SyntaxError: Unexpected token (1:32)

> 1 | function fn1(x, y) { const z =0})}
    |                                 ^
  2 |

Enterprise db1> function fn1(x, y) { const z =0}}
Uncaught:
SyntaxError: Unexpected token (1:32)

> 1 | function fn1(x, y) { const z =0}}
    |                                 ^
  2 |

Enterprise db1> function fn1(x, y) { const z =0}
[Function: fn1]
Enterprise db1> function fn1(x, y) { return x+y}
[Function: fn1]
Enterprise db1> fn1(4,5);
9
Enterprise db1> db.emp.find();
[
  {
    _id: ObjectId("67d27818893a488152e4d672"),
    empid: 1026,
    ename: 'blake',
    address: {
      building: '7114',
      coord: [ -73.9068506, 40.6199034 ],
      street: 'Avenue U',
      zipcode: '11234'
    },
    isDocActive: false,
    gender: 'male',
    canVote: true,
    canDrive: true,
    color: [ 'Brass', 'Bright Green' ],
    fruit: [],
    cards: [
      { aadhar: { 'aadhar-No': '12321', isActive: true } },
      { PAN: { 'PAN-No': 'Kinj093', isActive: false } },
      { voter: { voterID: 'Ind03o3', isActive: true } },
      {
        licence: {
          'licence-No': 'LMV9478',
          issueDate: '2020-01-01',
          expireDate: '2040-01-01',
          isActive: true
        }
      }
    ],
    job: 'clerk',
    mgr: 1024,
    hiredate: ISODate("1981-12-03T00:00:00.000Z"),
    sal: 3000,
    comm: null,
    deptno: 30
  },
  {
    _id: ObjectId("67d27818893a488152e4d673"),
    empid: 1027,
    ename: 'richards',
    address: {
      building: '6409',
      coord: [ -74.00528899999999, 40.628886 ],
      street: '11 Avenue',
      zipcode: '11219'
    },
    isDocActive: false,
    gender: 'male',
    canVote: true,
    canDrive: true,
    color: [ 'Charcoal', 'Cherry' ],
    fruit: [],
    cards: [
      { aadhar: { 'aadhar-No': '83972', isActive: true } },
      { PAN: { 'PAN-No': 'Kinj093', isActive: false } },
      { voter: { voterID: 'Ind03o3', isActive: true } },
      {
        licence: {
          'licence-No': 'LMV9478',
          issueDate: '2020-01-01',
          expireDate: '2040-01-01',
          isActive: true
        }
      }
    ],
    job: 'clerk',
    mgr: 1024,
    hiredate: ISODate("1981-02-22T00:00:00.000Z"),
    sal: 1500,
    comm: null,
    deptno: 10
  },
  {
    _id: ObjectId("67d27818893a488152e4d674"),
    empid: 1030,
    ename: 'saleel',
    address: {
      building: '7715',
      coord: [ -73.9973325, 40.61174889999999 ],
      street: '18 Avenue',
      zipcode: '11214'
    },
    isDocActive: false,
    gender: 'male',
    canVote: true,
    canDrive: true,
    color: [ 'Coral' ],
    fruit: [ 'Dates', 'Orange' ],
    cards: [
      { aadhar: { 'aadhar-No': '73822', isActive: true } },
      { PAN: { 'PAN-No': 'Kinj093', isActive: false } },
      {
        licence: {
          'licence-No': 'LMV9478',
          issueDate: '2020-01-01',
          expireDate: '2040-01-01',
          isActive: true
        }
      },
      { voter: { voterID: 'Ind03o3', isActive: true } }
    ],
    job: 'programmer',
    mgr: 1020,
    hiredate: ISODate("1982-12-09T00:00:00.000Z"),
    sal: 2900,
    comm: null,
    deptno: 10
  },
  {
    _id: ObjectId("67d27818893a488152e4d675"),
    empid: 1034,
    ename: 'vasu',
    address: {
      building: '203',
      coord: [ -73.97822040000001, 40.6435254 ],
      street: 'Church Avenue',
      zipcode: '11218'
    },
    isDocActive: false,
    gender: 'male',
    canVote: true,
    canDrive: true,
    color: [ 'India Green' ],
    fruit: [ 'Dates' ],
    cards: [
      { PAN: { 'PAN-No': 'Kinj093', isActive: false } },
      { aadhar: { 'aadhar-No': '19826', isActive: true } },
      {
        licence: {
          'licence-No': 'LMV9478',
          issueDate: '2020-01-01',
          expireDate: '2040-01-01',
          isActive: true
        }
      },
      { voter: { voterID: 'Ind03o3', isActive: true } },
      { debit: { bank: 'BOI', isActive: true } }
    ],
    job: 'salesman',
    mgr: 1029,
    hiredate: ISODate("1980-02-14T00:00:00.000Z"),
    sal: 2200,
    comm: 6250,
    deptno: 40
  },
  {
    _id: ObjectId("67d27818893a488152e4d676"),
    empid: 1029,
    ename: 'bob',
    address: {
      building: '2300',
      coord: [ -73.8786113, 40.8502883 ],
      street: 'Southern Boulevard',
      zipcode: '10460'
    },
    isDocActive: false,
    gender: 'male',
    canVote: true,
    canDrive: true,
    color: [ 'Copper' ],
    fruit: [],
    cards: [
      { aadhar: { 'aadhar-No': '73122', isActive: true } },
      { PAN: { 'PAN-No': 'Kinj093', isActive: false } },
      { voter: { voterID: 'Ind03o3', isActive: true } },
      {
        licence: {
          'licence-No': 'LMV9478',
          issueDate: '2020-01-01',
          expireDate: '2040-01-01',
          isActive: true
        }
      }
    ],
    job: 'manager',
    mgr: 1020,
    hiredate: ISODate("1980-12-17T00:00:00.000Z"),
    sal: 4900,
    comm: null,
    deptno: 30
  },
  {
    _id: ObjectId("67d27818893a488152e4d677"),
    empid: 1028,
    ename: 'peter',
    address: {
      building: '1839',
      coord: [ -73.9482609, 40.6408271 ],
      street: 'Nostrand Avenue',
      zipcode: '11226'
    },
    isDocActive: true,
    gender: 'male',
    canVote: true,
    canDrive: true,
    color: [ 'Brown' ],
    fruit: [ 'banana', 'Jackfruit' ],
    cards: [
      { aadhar: { 'aadhar-No': '92783', isActive: true } },
      { PAN: { 'PAN-No': 'Kinj093', isActive: false } },
      { voter: { voterID: 'Ind03o3', isActive: true } },
      {
        licence: {
          'licence-No': 'LMV9478',
          issueDate: '2020-01-01',
          expireDate: '2040-01-01',
          isActive: true
        }
      }
    ],
    job: 'analyst',
    mgr: 1025,
    hiredate: ISODate("1981-12-03T00:00:00.000Z"),
    sal: 3500,
    comm: null,
    deptno: 30
  },
  {
    _id: ObjectId("67d27818893a488152e4d678"),
    empid: 1023,
    ename: 'jack',
    address: {
      building: '2780',
      coord: [ -73.98241999999999, 40.579505 ],
      street: 'Stillwell Avenue',
      zipcode: '11224'
    },
    isDocActive: false,
    gender: 'male',
    canVote: true,
    canDrive: true,
    color: [ 'Air Force Blue', 'Apple Green' ],
    fruit: [ 'Orange' ],
    cards: [
      { voter: { voterID: 'Ind03o3', isActive: true } },
      { aadhar: { 'aadhar-No': '12321', isActive: true } },
      { PAN: { 'PAN-No': 'Kinj093', isActive: false } },
      {
        licence: {
          'licence-No': 'LMV9478',
          issueDate: '2020-01-01',
          expireDate: '2040-01-01',
          isActive: true
        }
      }
    ],
    job: 'accountant',
    mgr: 1022,
    hiredate: ISODate("1981-04-02T00:00:00.000Z"),
    sal: 2700,
    comm: null,
    deptno: 30
  },
  {
    _id: ObjectId("67d27818893a488152e4d679"),
    empid: 1033,
    ename: 'vasant',
    address: {
      building: '705',
      coord: [ -73.9653967, 40.6064339 ],
      street: 'Kings Highway',
      zipcode: '11223'
    },
    isDocActive: false,
    gender: 'male',
    canVote: true,
    canDrive: true,
    color: [ 'Bright Green' ],
    fruit: [],
    cards: [
      { voter: { voterID: 'Ind03o3', isActive: true } },
      { aadhar: { 'aadhar-No': '93824', isActive: true } },
      {
        licence: {
          'licence-No': 'LMV9478',
          issueDate: '2020-01-01',
          expireDate: '2040-01-01',
          isActive: true
        }
      },
      { PAN: { 'PAN-No': 'Kinj093', isActive: false } }
    ],
    job: 'salesman',
    mgr: 1029,
    hiredate: ISODate("1982-02-24T00:00:00.000Z"),
    sal: 2200,
    comm: 0,
    deptno: 40
  },
  {
    _id: ObjectId("67d27818893a488152e4d67a"),
    empid: 1039,
    ename: 'saleel',
    address: {
      building: '129-08',
      coord: [ -73.839297, 40.78147 ],
      street: '20 Avenue',
      zipcode: '11356'
    },
    isDocActive: false,
    gender: 'male',
    canVote: true,
    canDrive: true,
    color: [ 'Cherry', 'Charcoal' ],
    fruit: [],
    cards: [
      {
        ATM: {
          bank: 'BOI',
          from: '2021-10-04',
          to: '2027:12:21',
          isActive: true
        }
      },
      { OCI: { country: 'usa', state: 'NY', isActive: true } },
      {
        debit: {
          bank: 'BOI',
          from: '2021-10-04',
          to: '2027:12:21',
          isActive: true
        }
      },
      { aadhar: { 'aadhar-No': '66675', isActive: true } },
      { PAN: { 'PAN-No': 'Kinj093', isActive: false } },
      { voter: { voterID: 'Ind03o3', isActive: true } },
      {
        licence: {
          'licence-No': 'LMV9478',
          issueDate: '2020-01-01',
          expireDate: '2040-01-01',
          isActive: true
        }
      }
    ],
    job: 'analyst',
    mgr: 1022,
    hiredate: ISODate("1982-12-09T00:00:00.000Z"),
    sal: 3700,
    comm: null,
    deptno: 50
  },
  {
    _id: ObjectId("67d27818893a488152e4d67b"),
    empid: 1036,
    ename: 'raju',
    address: {
      building: '6909',
      coord: [ -74.0259567, 40.6353674 ],
      street: '3 Avenue',
      zipcode: '11209'
    },
    isDocActive: true,
    gender: 'male',
    canVote: true,
    canDrive: true,
    color: [ 'Indian Yellow' ],
    fruit: [ 'Crab apples' ],
    cards: [
      { aadhar: { 'aadhar-No': '55622', isActive: true } },
      { PAN: { 'PAN-No': 'Kinj093', isActive: false } },
      { OCI: { country: 'usa', state: 'NJ', isActive: true } },
      { voter: { voterID: 'Ind03o3', isActive: true } },
      {
        licence: {
          'licence-No': 'LMV9478',
          issueDate: '2020-01-01',
          expireDate: '2040-01-01',
          isActive: true
        }
      }
    ],
    job: 'administrator',
    mgr: 1031,
    hiredate: ISODate("1983-06-15T00:00:00.000Z"),
    sal: 3400,
    comm: null,
    deptno: 50
  },
  {
    _id: ObjectId("67d27818893a488152e4d67c"),
    empid: 1040,
    ename: 'amit',
    address: {
      building: '759',
      coord: [ -73.9925306, 40.7309346 ],
      street: 'Broadway',
      zipcode: '10003'
    },
    isDocActive: false,
    gender: 'male',
    canVote: true,
    canDrive: true,
    color: [ 'Indian Red' ],
    fruit: [ 'Crab apples' ],
    cards: [
      { aadhar: { 'aadhar-No': '66623', isActive: true } },
      { PAN: { 'PAN-No': 'Kinj093', isActive: false } },
      { voter: { voterID: 'Ind03o3', isActive: true } },
      {
        licence: {
          'licence-No': 'LMV9478',
          issueDate: '2020-01-01',
          expireDate: '2040-01-01',
          isActive: true
        }
      }
    ],
    job: 'administrator',
    mgr: 1029,
    hiredate: ISODate("1982-12-08T00:00:00.000Z"),
    sal: 3500,
    comm: null,
    deptno: 50,
    phone: [ 85088422, Long("9822884228") ]
  },
  {
    _id: ObjectId("67d27818893a488152e4d67d"),
    empid: 1038,
    ename: 'neel',
    address: {
      building: '284',
      coord: [ -73.9829239, 40.6580753 ],
      street: 'Prospect Park West',
      zipcode: '11215'
    },
    isDocActive: true,
    gender: 'male',
    canVote: true,
    canDrive: true,
    color: [ 'Apple Green' ],
    fruit: [],
    cards: [
      { OCI: { country: 'usa', state: 'IN', isActive: true } },
      { aadhar: { 'aadhar-No': '00098', isActive: true } },
      { PAN: { 'PAN-No': 'Kinj093', isActive: false } },
      { voter: { voterID: 'Ind03o3', isActive: true } },
      {
        licence: {
          'licence-No': 'LMV9478',
          issueDate: '2020-01-01',
          expireDate: '2040-01-01',
          isActive: true
        }
      }
    ],
    job: 'administrator',
    mgr: 1030,
    hiredate: ISODate("1983-03-14T00:00:00.000Z"),
    sal: 4200,
    comm: null,
    deptno: 10
  },
  {
    _id: ObjectId("67d27818893a488152e4d67e"),
    empid: 1035,
    ename: 'rahul',
    address: {
      building: '265-15',
      coord: [ -73.7032601, 40.7386417 ],
      street: 'Hillside Avenue',
      zipcode: '11004'
    },
    isDocActive: false,
    gender: 'male',
    canVote: true,
    canDrive: true,
    color: [ 'Indian Red' ],
    fruit: [ 'Lychee', 'Indian Fig' ],
    cards: [
      { credit: { bank: 'SBI', isActive: true } },
      { aadhar: { 'aadhar-No': '00998', isActive: true } },
      { OCI: { country: 'usa', state: 'NJ', isActive: true } },
      { PAN: { 'PAN-No': 'Kinj093', isActive: false } },
      { voter: { voterID: 'Ind03o3', isActive: true } },
      {
        licence: {
          'licence-No': 'LMV9478',
          issueDate: '2020-01-01',
          expireDate: '2040-01-01',
          isActive: true
        }
      }
    ],
    job: 'clerk',
    mgr: 1029,
    hiredate: ISODate("1981-12-31T00:00:00.000Z"),
    sal: 1200,
    comm: null,
    deptno: 40
  },
  {
    _id: ObjectId("67d27818893a488152e4d67f"),
    empid: 1041,
    ename: 'dinesh',
    address: {
      building: '3406',
      coord: [ -73.94024739999999, 40.7623288 ],
      street: '10 Street',
      zipcode: '11106'
    },
    isDocActive: true,
    gender: 'male',
    canVote: true,
    canDrive: true,
    color: [ 'Air Force Blue' ],
    fruit: [],
    cards: [
      { aadhar: { 'aadhar-No': '77767', isActive: true } },
      { PAN: { 'PAN-No': 'Kinj093', isActive: false } },
      { voter: { voterID: 'Ind03o3', isActive: true } },
      {
        licence: {
          'licence-No': 'LMV9478',
          issueDate: '2020-01-01',
          expireDate: '2040-01-01',
          isActive: true
        }
      }
    ],
    job: 'programmer',
    mgr: 1021,
    hiredate: ISODate("1982-12-09T00:00:00.000Z"),
    sal: 3500,
    comm: null,
    deptno: 50,
    phone: [ 85088422, Long("9822884228") ],
    skills: { languages: [ 'C++', 'JAVA' ], web: [ 'php', 'java', 'jquery' ] }
  },
  {
    _id: ObjectId("67d27818893a488152e4d680"),
    empid: 1022,
    ename: 'james',
    address: {
      building: '351',
      coord: [ -73.98513559999999, 40.7676919 ],
      street: 'West   57 Street',
      zipcode: '10019'
    },
    isDocActive: true,
    gender: 'male',
    canVote: true,
    canDrive: true,
    color: [ 'Red', 'Blue', 'Green', 'Yellow' ],
    fruit: [ 'Indian Fig' ],
    cards: [
      { PAN: { 'PAN-No': 'Kinj093', isActive: false } },
      { aadhar: { 'aadhar-No': '73826', isActive: true } },
      { voter: { voterID: 'Ind03o3', isActive: true } },
      {
        licence: {
          'licence-No': 'LMV9478',
          issueDate: '2020-01-01',
          expireDate: '2040-01-01',
          isActive: true
        }
      }
    ],
    job: 'manager',
    mgr: 1020,
    hiredate: ISODate("1981-07-09T00:00:00.000Z"),
    sal: 4700,
    comm: null,
    deptno: 20
  },
  {
    _id: ObjectId("67d27818893a488152e4d681"),
    empid: 1037,
    ename: 'ramu',
    address: {
      building: '522',
      coord: [ -73.95171, 40.767461 ],
      street: 'East   74 Street',
      zipcode: '10021'
    },
    isDocActive: false,
    gender: 'male',
    canVote: true,
    canDrive: true,
    color: [ 'Lemon' ],
    fruit: [ 'Jackfruit', 'banana', 'Apple' ],
    cards: [
      {
        ATM: {
          bank: 'canara',
          from: '2021-10-20',
          to: '2025:12:21',
          isActive: true
        }
      },
      { aadhar: { 'aadhar-No': '00983', isActive: true } },
      {
        ATM: {
          bank: 'BOI',
          from: '2021-10-04',
          to: '2027:12:21',
          isActive: true
        }
      },
      { OCI: { country: 'usa', state: 'CA', isActive: true } },
      { PAN: { 'PAN-No': 'Kinj093', isActive: false } },
      { voter: { voterID: 'Ind03o3', isActive: true } },
      {
        licence: {
          'licence-No': 'LMV9478',
          issueDate: '2020-01-01',
          expireDate: '2040-01-01',
          isActive: true
        }
      }
    ],
    job: 'clerk',
    mgr: 1031,
    hiredate: ISODate("1983-07-12T00:00:00.000Z"),
    sal: 1400,
    comm: null,
    deptno: 50
  },
  {
    _id: ObjectId("67d27818893a488152e4d682"),
    empid: 1044,
    ename: 'rudra',
    address: {
      building: '18',
      coord: [ -73.996984, 40.72589 ],
      street: 'West Houston Street',
      zipcode: '10012'
    },
    isDocActive: false,
    gender: 'male',
    canVote: true,
    canDrive: true,
    color: [ 'Lime' ],
    fruit: [ 'Indian Fig' ],
    cards: [
      { aadhar: { 'aadhar-No': '55543', isActive: true } },
      { PAN: { 'PAN-No': 'Kinj093', isActive: false } },
      { voter: { voterID: 'Ind03o3', isActive: true } },
      {
        licence: {
          'licence-No': 'LMV9478',
          issueDate: '2020-01-01',
          expireDate: '2040-01-01',
          isActive: true
        }
      }
    ],
    job: 'programmer',
    mgr: 1021,
    hiredate: ISODate("1981-11-04T00:00:00.000Z"),
    sal: 2400,
    comm: null,
    deptno: 50,
    phone: '020-25420212',
    skills: {
      web: [ 'php', 'java', 'jquery' ],
      database: [ 'oracle', 'ms-sql server', 'mongodb' ]
    }
  },
  {
    _id: ObjectId("67d27818893a488152e4d683"),
    empid: 1042,
    ename: 'amit',
    address: {
      building: '502',
      coord: [ -73.976112, 40.786714 ],
      street: 'Amsterdam Avenue',
      zipcode: '10024'
    },
    isDocActive: false,
    gender: 'male',
    canVote: true,
    canDrive: true,
    color: [ 'Orange' ],
    fruit: [],
    cards: [
      { aadhar: { 'aadhar-No': '77787', isActive: true } },
      { PAN: { 'PAN-No': 'Kinj093', isActive: false } },
      { voter: { voterID: 'Ind03o3', isActive: true } },
      {
        licence: {
          'licence-No': 'LMV9478',
          issueDate: '2020-01-01',
          expireDate: '2040-01-01',
          isActive: true
        }
      }
    ],
    job: 'administrator',
    mgr: 1029,
    hiredate: ISODate("1981-11-03T00:00:00.000Z"),
    sal: 3500,
    comm: null,
    deptno: 50,
    phone: [ '9850884228', '9822884228' ]
  },
  {
    _id: ObjectId("67d27818893a488152e4d684"),
    empid: 1050,
    ename: 'amol',
    address: {
      building: '1006',
      coord: [ -73.84856870000002, 40.8903781 ],
      street: 'East 233 Street',
      zipcode: '10466'
    },
    isDocActive: false,
    gender: 'male',
    canVote: true,
    canDrive: true,
    color: [ 'Snow White' ],
    fruit: [ 'Orange' ],
    cards: [
      { aadhar: { 'aadhar-No': '44445', isActive: true } },
      { PAN: { 'PAN-No': 'Kinj093', isActive: false } },
      { voter: { voterID: 'Ind03o3', isActive: true } },
      {
        licence: {
          'licence-No': 'LMV9478',
          issueDate: '2020-01-01',
          expireDate: '2040-01-01',
          isActive: true
        }
      }
    ],
    job: 'auditor',
    mgr: 1047,
    hiredate: ISODate("1984-05-06T00:00:00.000Z"),
    sal: 3800,
    comm: null,
    hra: 1000,
    da: 900,
    deptno: 20
  },
  {
    _id: ObjectId("67d27818893a488152e4d685"),
    empid: 1047,
    ename: 'nitish',
    address: {
      building: '60',
      coord: [ -74.0085357, 40.70620539999999 ],
      street: 'Wall Street',
      zipcode: '10005'
    },
    isDocActive: true,
    gender: 'male',
    canVote: true,
    canDrive: true,
    color: [ 'Coral', 'Cream' ],
    fruit: [],
    cards: [
      { aadhar: { 'aadhar-No': '99890', isActive: true } },
      { PAN: { 'PAN-No': 'Kinj093', isActive: false } },
      { voter: { voterID: 'Ind03o3', isActive: true } },
      {
        licence: {
          'licence-No': 'LMV9478',
          issueDate: '2020-01-01',
          expireDate: '2040-01-01',
          isActive: true
        }
      }
    ],
    job: 'programmer',
    mgr: 1039,
    hiredate: ISODate("1980-03-14T00:00:00.000Z"),
    sal: 1300,
    comm: 1200,
    deptno: 50,
    phone: '022-2548345',
    skills: {
      language: [ '.NET', 'java' ],
      database: { rdbms: [ 'oracle', 'db2' ], nosql: [ 'mongodb', 'hive' ] },
      web: [ 'json', 'jquery', 'javascript', 'php' ]
    }
  }
]
Type "it" for more
Enterprise db1> db.emp.find().forEach(function(x) {print(x.ename)});
blake
richards
saleel
vasu
bob
peter
jack
vasant
saleel
raju
amit
neel
rahul
dinesh
james
ramu
rudra
amit
amol
nitish
dinesh
smith
vrushali
neel
scott
sangita
pankaj
anoop
arjun
gita
priti
supriya
king
pinky
sangu
laxman
sita
janhavi
crow
raj
rupal
roselin
martin
snehal
rahsmi
ram
jasu
sharmin
meera
aditi
bandish
Emma
madhavi
Olivia
Emma
neeraj
zara
Mia
Emily
tanvi

Enterprise db1> edit
Opening an editor...

Enterprise db1> edit db.emp.find().forEach(function(x) {print(x.ename)});
Opening an editor...

Enterprise db1> db.emp.find().forEach(function (x) { if (x.ename.length() > 7) { print(x.ename); } });
TypeError: x.ename.length is not a function
Enterprise db1> db.emp.find().forEach(function (x) { if (length(x.ename) > 7) { print(x.ename); } });
ReferenceError: length is not defined
Enterprise db1> db.emp.find().forEach(function (x) { if (x.ename.length > 7) { print(x.ename); } });
richards
vrushali

Enterprise db1> db.emp.find().forEach(function (x) { if (x.ename.length > 7) { print(x.ename); } });
richards
vrushali

Enterprise db1> db.x.find();
[
  {
    _id: 1,
    ename: 'saleel',
    colors: [ 'blue', 'green' ],
    address: { city: 'baroda', state: 'GJ' }
  },
  {
    _id: 2,
    ename: 'sharmin',
    colors: [ 'blue', 'green', 'pink' ],
    address: { city: 'pune', state: 'MH' },
    phone: [ 1111, 222 ]
  },
  {
    _id: 3,
    ename: 'ruhan',
    colors: [ 'blue', 'green' ],
    address: { city: 'pune', state: 'MH' }
  }
]
Enterprise db1> edit
Opening an editor...
Enterprise db1> db.emp.find().forEach(function (x) { if (x.ename.length() > 7) { print(x.ename
); } });
TypeError: x.ename.length is not a function
Enterprise db1>

Enterprise db1>

Enterprise db1> loadfdfdsdfsdf
ReferenceError: loadfdfdsdfsdf is not defined
Enterprise db1>

Enterprise db1>

Enterprise db1>

Enterprise db1>

Enterprise db1> load('c:\abc\app.js')
Error: ENOENT: no such file or directory, open 'c:\Users\SALEEL\abcapp.js'
Enterprise db1> load('c:/abc/app.js')
true
Enterprise db1> fn1();
hello world

Enterprise db1> load('c:/abc/app.js')
true
Enterprise db1> fn1();
hello world from app.js

Enterprise db1> load('c:/abc/app.js')
true
Enterprise db1> fn1();

Enterprise db1> load('c:/abc/app.js')
true
Enterprise db1> fn1();
[
  {
    _id: ObjectId("67d27818893a488152e4d672"),
    empid: 1026,
    ename: 'blake',
    address: {
      building: '7114',
      coord: [ -73.9068506, 40.6199034 ],
      street: 'Avenue U',
      zipcode: '11234'
    },
    isDocActive: false,
    gender: 'male',
    canVote: true,
    canDrive: true,
    color: [ 'Brass', 'Bright Green' ],
    fruit: [],
    cards: [
      { aadhar: { 'aadhar-No': '12321', isActive: true } },
      { PAN: { 'PAN-No': 'Kinj093', isActive: false } },
      { voter: { voterID: 'Ind03o3', isActive: true } },
      {
        licence: {
          'licence-No': 'LMV9478',
          issueDate: '2020-01-01',
          expireDate: '2040-01-01',
          isActive: true
        }
      }
    ],
    job: 'clerk',
    mgr: 1024,
    hiredate: ISODate("1981-12-03T00:00:00.000Z"),
    sal: 3000,
    comm: null,
    deptno: 30
  },
  {
    _id: ObjectId("67d27818893a488152e4d673"),
    empid: 1027,
    ename: 'richards',
    address: {
      building: '6409',
      coord: [ -74.00528899999999, 40.628886 ],
      street: '11 Avenue',
      zipcode: '11219'
    },
    isDocActive: false,
    gender: 'male',
    canVote: true,
    canDrive: true,
    color: [ 'Charcoal', 'Cherry' ],
    fruit: [],
    cards: [
      { aadhar: { 'aadhar-No': '83972', isActive: true } },
      { PAN: { 'PAN-No': 'Kinj093', isActive: false } },
      { voter: { voterID: 'Ind03o3', isActive: true } },
      {
        licence: {
          'licence-No': 'LMV9478',
          issueDate: '2020-01-01',
          expireDate: '2040-01-01',
          isActive: true
        }
      }
    ],
    job: 'clerk',
    mgr: 1024,
    hiredate: ISODate("1981-02-22T00:00:00.000Z"),
    sal: 1500,
    comm: null,
    deptno: 10
  },
  {
    _id: ObjectId("67d27818893a488152e4d674"),
    empid: 1030,
    ename: 'saleel',
    address: {
      building: '7715',
      coord: [ -73.9973325, 40.61174889999999 ],
      street: '18 Avenue',
      zipcode: '11214'
    },
    isDocActive: false,
    gender: 'male',
    canVote: true,
    canDrive: true,
    color: [ 'Coral' ],
    fruit: [ 'Dates', 'Orange' ],
    cards: [
      { aadhar: { 'aadhar-No': '73822', isActive: true } },
      { PAN: { 'PAN-No': 'Kinj093', isActive: false } },
      {
        licence: {
          'licence-No': 'LMV9478',
          issueDate: '2020-01-01',
          expireDate: '2040-01-01',
          isActive: true
        }
      },
      { voter: { voterID: 'Ind03o3', isActive: true } }
    ],
    job: 'programmer',
    mgr: 1020,
    hiredate: ISODate("1982-12-09T00:00:00.000Z"),
    sal: 2900,
    comm: null,
    deptno: 10
  },
  {
    _id: ObjectId("67d27818893a488152e4d675"),
    empid: 1034,
    ename: 'vasu',
    address: {
      building: '203',
      coord: [ -73.97822040000001, 40.6435254 ],
      street: 'Church Avenue',
      zipcode: '11218'
    },
    isDocActive: false,
    gender: 'male',
    canVote: true,
    canDrive: true,
    color: [ 'India Green' ],
    fruit: [ 'Dates' ],
    cards: [
      { PAN: { 'PAN-No': 'Kinj093', isActive: false } },
      { aadhar: { 'aadhar-No': '19826', isActive: true } },
      {
        licence: {
          'licence-No': 'LMV9478',
          issueDate: '2020-01-01',
          expireDate: '2040-01-01',
          isActive: true
        }
      },
      { voter: { voterID: 'Ind03o3', isActive: true } },
      { debit: { bank: 'BOI', isActive: true } }
    ],
    job: 'salesman',
    mgr: 1029,
    hiredate: ISODate("1980-02-14T00:00:00.000Z"),
    sal: 2200,
    comm: 6250,
    deptno: 40
  },
  {
    _id: ObjectId("67d27818893a488152e4d676"),
    empid: 1029,
    ename: 'bob',
    address: {
      building: '2300',
      coord: [ -73.8786113, 40.8502883 ],
      street: 'Southern Boulevard',
      zipcode: '10460'
    },
    isDocActive: false,
    gender: 'male',
    canVote: true,
    canDrive: true,
    color: [ 'Copper' ],
    fruit: [],
    cards: [
      { aadhar: { 'aadhar-No': '73122', isActive: true } },
      { PAN: { 'PAN-No': 'Kinj093', isActive: false } },
      { voter: { voterID: 'Ind03o3', isActive: true } },
      {
        licence: {
          'licence-No': 'LMV9478',
          issueDate: '2020-01-01',
          expireDate: '2040-01-01',
          isActive: true
        }
      }
    ],
    job: 'manager',
    mgr: 1020,
    hiredate: ISODate("1980-12-17T00:00:00.000Z"),
    sal: 4900,
    comm: null,
    deptno: 30
  },
  {
    _id: ObjectId("67d27818893a488152e4d677"),
    empid: 1028,
    ename: 'peter',
    address: {
      building: '1839',
      coord: [ -73.9482609, 40.6408271 ],
      street: 'Nostrand Avenue',
      zipcode: '11226'
    },
    isDocActive: true,
    gender: 'male',
    canVote: true,
    canDrive: true,
    color: [ 'Brown' ],
    fruit: [ 'banana', 'Jackfruit' ],
    cards: [
      { aadhar: { 'aadhar-No': '92783', isActive: true } },
      { PAN: { 'PAN-No': 'Kinj093', isActive: false } },
      { voter: { voterID: 'Ind03o3', isActive: true } },
      {
        licence: {
          'licence-No': 'LMV9478',
          issueDate: '2020-01-01',
          expireDate: '2040-01-01',
          isActive: true
        }
      }
    ],
    job: 'analyst',
    mgr: 1025,
    hiredate: ISODate("1981-12-03T00:00:00.000Z"),
    sal: 3500,
    comm: null,
    deptno: 30
  },
  {
    _id: ObjectId("67d27818893a488152e4d678"),
    empid: 1023,
    ename: 'jack',
    address: {
      building: '2780',
      coord: [ -73.98241999999999, 40.579505 ],
      street: 'Stillwell Avenue',
      zipcode: '11224'
    },
    isDocActive: false,
    gender: 'male',
    canVote: true,
    canDrive: true,
    color: [ 'Air Force Blue', 'Apple Green' ],
    fruit: [ 'Orange' ],
    cards: [
      { voter: { voterID: 'Ind03o3', isActive: true } },
      { aadhar: { 'aadhar-No': '12321', isActive: true } },
      { PAN: { 'PAN-No': 'Kinj093', isActive: false } },
      {
        licence: {
          'licence-No': 'LMV9478',
          issueDate: '2020-01-01',
          expireDate: '2040-01-01',
          isActive: true
        }
      }
    ],
    job: 'accountant',
    mgr: 1022,
    hiredate: ISODate("1981-04-02T00:00:00.000Z"),
    sal: 2700,
    comm: null,
    deptno: 30
  },
  {
    _id: ObjectId("67d27818893a488152e4d679"),
    empid: 1033,
    ename: 'vasant',
    address: {
      building: '705',
      coord: [ -73.9653967, 40.6064339 ],
      street: 'Kings Highway',
      zipcode: '11223'
    },
    isDocActive: false,
    gender: 'male',
    canVote: true,
    canDrive: true,
    color: [ 'Bright Green' ],
    fruit: [],
    cards: [
      { voter: { voterID: 'Ind03o3', isActive: true } },
      { aadhar: { 'aadhar-No': '93824', isActive: true } },
      {
        licence: {
          'licence-No': 'LMV9478',
          issueDate: '2020-01-01',
          expireDate: '2040-01-01',
          isActive: true
        }
      },
      { PAN: { 'PAN-No': 'Kinj093', isActive: false } }
    ],
    job: 'salesman',
    mgr: 1029,
    hiredate: ISODate("1982-02-24T00:00:00.000Z"),
    sal: 2200,
    comm: 0,
    deptno: 40
  },
  {
    _id: ObjectId("67d27818893a488152e4d67a"),
    empid: 1039,
    ename: 'saleel',
    address: {
      building: '129-08',
      coord: [ -73.839297, 40.78147 ],
      street: '20 Avenue',
      zipcode: '11356'
    },
    isDocActive: false,
    gender: 'male',
    canVote: true,
    canDrive: true,
    color: [ 'Cherry', 'Charcoal' ],
    fruit: [],
    cards: [
      {
        ATM: {
          bank: 'BOI',
          from: '2021-10-04',
          to: '2027:12:21',
          isActive: true
        }
      },
      { OCI: { country: 'usa', state: 'NY', isActive: true } },
      {
        debit: {
          bank: 'BOI',
          from: '2021-10-04',
          to: '2027:12:21',
          isActive: true
        }
      },
      { aadhar: { 'aadhar-No': '66675', isActive: true } },
      { PAN: { 'PAN-No': 'Kinj093', isActive: false } },
      { voter: { voterID: 'Ind03o3', isActive: true } },
      {
        licence: {
          'licence-No': 'LMV9478',
          issueDate: '2020-01-01',
          expireDate: '2040-01-01',
          isActive: true
        }
      }
    ],
    job: 'analyst',
    mgr: 1022,
    hiredate: ISODate("1982-12-09T00:00:00.000Z"),
    sal: 3700,
    comm: null,
    deptno: 50
  },
  {
    _id: ObjectId("67d27818893a488152e4d67b"),
    empid: 1036,
    ename: 'raju',
    address: {
      building: '6909',
      coord: [ -74.0259567, 40.6353674 ],
      street: '3 Avenue',
      zipcode: '11209'
    },
    isDocActive: true,
    gender: 'male',
    canVote: true,
    canDrive: true,
    color: [ 'Indian Yellow' ],
    fruit: [ 'Crab apples' ],
    cards: [
      { aadhar: { 'aadhar-No': '55622', isActive: true } },
      { PAN: { 'PAN-No': 'Kinj093', isActive: false } },
      { OCI: { country: 'usa', state: 'NJ', isActive: true } },
      { voter: { voterID: 'Ind03o3', isActive: true } },
      {
        licence: {
          'licence-No': 'LMV9478',
          issueDate: '2020-01-01',
          expireDate: '2040-01-01',
          isActive: true
        }
      }
    ],
    job: 'administrator',
    mgr: 1031,
    hiredate: ISODate("1983-06-15T00:00:00.000Z"),
    sal: 3400,
    comm: null,
    deptno: 50
  },
  {
    _id: ObjectId("67d27818893a488152e4d67c"),
    empid: 1040,
    ename: 'amit',
    address: {
      building: '759',
      coord: [ -73.9925306, 40.7309346 ],
      street: 'Broadway',
      zipcode: '10003'
    },
    isDocActive: false,
    gender: 'male',
    canVote: true,
    canDrive: true,
    color: [ 'Indian Red' ],
    fruit: [ 'Crab apples' ],
    cards: [
      { aadhar: { 'aadhar-No': '66623', isActive: true } },
      { PAN: { 'PAN-No': 'Kinj093', isActive: false } },
      { voter: { voterID: 'Ind03o3', isActive: true } },
      {
        licence: {
          'licence-No': 'LMV9478',
          issueDate: '2020-01-01',
          expireDate: '2040-01-01',
          isActive: true
        }
      }
    ],
    job: 'administrator',
    mgr: 1029,
    hiredate: ISODate("1982-12-08T00:00:00.000Z"),
    sal: 3500,
    comm: null,
    deptno: 50,
    phone: [ 85088422, Long("9822884228") ]
  },
  {
    _id: ObjectId("67d27818893a488152e4d67d"),
    empid: 1038,
    ename: 'neel',
    address: {
      building: '284',
      coord: [ -73.9829239, 40.6580753 ],
      street: 'Prospect Park West',
      zipcode: '11215'
    },
    isDocActive: true,
    gender: 'male',
    canVote: true,
    canDrive: true,
    color: [ 'Apple Green' ],
    fruit: [],
    cards: [
      { OCI: { country: 'usa', state: 'IN', isActive: true } },
      { aadhar: { 'aadhar-No': '00098', isActive: true } },
      { PAN: { 'PAN-No': 'Kinj093', isActive: false } },
      { voter: { voterID: 'Ind03o3', isActive: true } },
      {
        licence: {
          'licence-No': 'LMV9478',
          issueDate: '2020-01-01',
          expireDate: '2040-01-01',
          isActive: true
        }
      }
    ],
    job: 'administrator',
    mgr: 1030,
    hiredate: ISODate("1983-03-14T00:00:00.000Z"),
    sal: 4200,
    comm: null,
    deptno: 10
  },
  {
    _id: ObjectId("67d27818893a488152e4d67e"),
    empid: 1035,
    ename: 'rahul',
    address: {
      building: '265-15',
      coord: [ -73.7032601, 40.7386417 ],
      street: 'Hillside Avenue',
      zipcode: '11004'
    },
    isDocActive: false,
    gender: 'male',
    canVote: true,
    canDrive: true,
    color: [ 'Indian Red' ],
    fruit: [ 'Lychee', 'Indian Fig' ],
    cards: [
      { credit: { bank: 'SBI', isActive: true } },
      { aadhar: { 'aadhar-No': '00998', isActive: true } },
      { OCI: { country: 'usa', state: 'NJ', isActive: true } },
      { PAN: { 'PAN-No': 'Kinj093', isActive: false } },
      { voter: { voterID: 'Ind03o3', isActive: true } },
      {
        licence: {
          'licence-No': 'LMV9478',
          issueDate: '2020-01-01',
          expireDate: '2040-01-01',
          isActive: true
        }
      }
    ],
    job: 'clerk',
    mgr: 1029,
    hiredate: ISODate("1981-12-31T00:00:00.000Z"),
    sal: 1200,
    comm: null,
    deptno: 40
  },
  {
    _id: ObjectId("67d27818893a488152e4d67f"),
    empid: 1041,
    ename: 'dinesh',
    address: {
      building: '3406',
      coord: [ -73.94024739999999, 40.7623288 ],
      street: '10 Street',
      zipcode: '11106'
    },
    isDocActive: true,
    gender: 'male',
    canVote: true,
    canDrive: true,
    color: [ 'Air Force Blue' ],
    fruit: [],
    cards: [
      { aadhar: { 'aadhar-No': '77767', isActive: true } },
      { PAN: { 'PAN-No': 'Kinj093', isActive: false } },
      { voter: { voterID: 'Ind03o3', isActive: true } },
      {
        licence: {
          'licence-No': 'LMV9478',
          issueDate: '2020-01-01',
          expireDate: '2040-01-01',
          isActive: true
        }
      }
    ],
    job: 'programmer',
    mgr: 1021,
    hiredate: ISODate("1982-12-09T00:00:00.000Z"),
    sal: 3500,
    comm: null,
    deptno: 50,
    phone: [ 85088422, Long("9822884228") ],
    skills: { languages: [ 'C++', 'JAVA' ], web: [ 'php', 'java', 'jquery' ] }
  },
  {
    _id: ObjectId("67d27818893a488152e4d680"),
    empid: 1022,
    ename: 'james',
    address: {
      building: '351',
      coord: [ -73.98513559999999, 40.7676919 ],
      street: 'West   57 Street',
      zipcode: '10019'
    },
    isDocActive: true,
    gender: 'male',
    canVote: true,
    canDrive: true,
    color: [ 'Red', 'Blue', 'Green', 'Yellow' ],
    fruit: [ 'Indian Fig' ],
    cards: [
      { PAN: { 'PAN-No': 'Kinj093', isActive: false } },
      { aadhar: { 'aadhar-No': '73826', isActive: true } },
      { voter: { voterID: 'Ind03o3', isActive: true } },
      {
        licence: {
          'licence-No': 'LMV9478',
          issueDate: '2020-01-01',
          expireDate: '2040-01-01',
          isActive: true
        }
      }
    ],
    job: 'manager',
    mgr: 1020,
    hiredate: ISODate("1981-07-09T00:00:00.000Z"),
    sal: 4700,
    comm: null,
    deptno: 20
  },
  {
    _id: ObjectId("67d27818893a488152e4d681"),
    empid: 1037,
    ename: 'ramu',
    address: {
      building: '522',
      coord: [ -73.95171, 40.767461 ],
      street: 'East   74 Street',
      zipcode: '10021'
    },
    isDocActive: false,
    gender: 'male',
    canVote: true,
    canDrive: true,
    color: [ 'Lemon' ],
    fruit: [ 'Jackfruit', 'banana', 'Apple' ],
    cards: [
      {
        ATM: {
          bank: 'canara',
          from: '2021-10-20',
          to: '2025:12:21',
          isActive: true
        }
      },
      { aadhar: { 'aadhar-No': '00983', isActive: true } },
      {
        ATM: {
          bank: 'BOI',
          from: '2021-10-04',
          to: '2027:12:21',
          isActive: true
        }
      },
      { OCI: { country: 'usa', state: 'CA', isActive: true } },
      { PAN: { 'PAN-No': 'Kinj093', isActive: false } },
      { voter: { voterID: 'Ind03o3', isActive: true } },
      {
        licence: {
          'licence-No': 'LMV9478',
          issueDate: '2020-01-01',
          expireDate: '2040-01-01',
          isActive: true
        }
      }
    ],
    job: 'clerk',
    mgr: 1031,
    hiredate: ISODate("1983-07-12T00:00:00.000Z"),
    sal: 1400,
    comm: null,
    deptno: 50
  },
  {
    _id: ObjectId("67d27818893a488152e4d682"),
    empid: 1044,
    ename: 'rudra',
    address: {
      building: '18',
      coord: [ -73.996984, 40.72589 ],
      street: 'West Houston Street',
      zipcode: '10012'
    },
    isDocActive: false,
    gender: 'male',
    canVote: true,
    canDrive: true,
    color: [ 'Lime' ],
    fruit: [ 'Indian Fig' ],
    cards: [
      { aadhar: { 'aadhar-No': '55543', isActive: true } },
      { PAN: { 'PAN-No': 'Kinj093', isActive: false } },
      { voter: { voterID: 'Ind03o3', isActive: true } },
      {
        licence: {
          'licence-No': 'LMV9478',
          issueDate: '2020-01-01',
          expireDate: '2040-01-01',
          isActive: true
        }
      }
    ],
    job: 'programmer',
    mgr: 1021,
    hiredate: ISODate("1981-11-04T00:00:00.000Z"),
    sal: 2400,
    comm: null,
    deptno: 50,
    phone: '020-25420212',
    skills: {
      web: [ 'php', 'java', 'jquery' ],
      database: [ 'oracle', 'ms-sql server', 'mongodb' ]
    }
  },
  {
    _id: ObjectId("67d27818893a488152e4d683"),
    empid: 1042,
    ename: 'amit',
    address: {
      building: '502',
      coord: [ -73.976112, 40.786714 ],
      street: 'Amsterdam Avenue',
      zipcode: '10024'
    },
    isDocActive: false,
    gender: 'male',
    canVote: true,
    canDrive: true,
    color: [ 'Orange' ],
    fruit: [],
    cards: [
      { aadhar: { 'aadhar-No': '77787', isActive: true } },
      { PAN: { 'PAN-No': 'Kinj093', isActive: false } },
      { voter: { voterID: 'Ind03o3', isActive: true } },
      {
        licence: {
          'licence-No': 'LMV9478',
          issueDate: '2020-01-01',
          expireDate: '2040-01-01',
          isActive: true
        }
      }
    ],
    job: 'administrator',
    mgr: 1029,
    hiredate: ISODate("1981-11-03T00:00:00.000Z"),
    sal: 3500,
    comm: null,
    deptno: 50,
    phone: [ '9850884228', '9822884228' ]
  },
  {
    _id: ObjectId("67d27818893a488152e4d684"),
    empid: 1050,
    ename: 'amol',
    address: {
      building: '1006',
      coord: [ -73.84856870000002, 40.8903781 ],
      street: 'East 233 Street',
      zipcode: '10466'
    },
    isDocActive: false,
    gender: 'male',
    canVote: true,
    canDrive: true,
    color: [ 'Snow White' ],
    fruit: [ 'Orange' ],
    cards: [
      { aadhar: { 'aadhar-No': '44445', isActive: true } },
      { PAN: { 'PAN-No': 'Kinj093', isActive: false } },
      { voter: { voterID: 'Ind03o3', isActive: true } },
      {
        licence: {
          'licence-No': 'LMV9478',
          issueDate: '2020-01-01',
          expireDate: '2040-01-01',
          isActive: true
        }
      }
    ],
    job: 'auditor',
    mgr: 1047,
    hiredate: ISODate("1984-05-06T00:00:00.000Z"),
    sal: 3800,
    comm: null,
    hra: 1000,
    da: 900,
    deptno: 20
  },
  {
    _id: ObjectId("67d27818893a488152e4d685"),
    empid: 1047,
    ename: 'nitish',
    address: {
      building: '60',
      coord: [ -74.0085357, 40.70620539999999 ],
      street: 'Wall Street',
      zipcode: '10005'
    },
    isDocActive: true,
    gender: 'male',
    canVote: true,
    canDrive: true,
    color: [ 'Coral', 'Cream' ],
    fruit: [],
    cards: [
      { aadhar: { 'aadhar-No': '99890', isActive: true } },
      { PAN: { 'PAN-No': 'Kinj093', isActive: false } },
      { voter: { voterID: 'Ind03o3', isActive: true } },
      {
        licence: {
          'licence-No': 'LMV9478',
          issueDate: '2020-01-01',
          expireDate: '2040-01-01',
          isActive: true
        }
      }
    ],
    job: 'programmer',
    mgr: 1039,
    hiredate: ISODate("1980-03-14T00:00:00.000Z"),
    sal: 1300,
    comm: 1200,
    deptno: 50,
    phone: '022-2548345',
    skills: {
      language: [ '.NET', 'java' ],
      database: { rdbms: [ 'oracle', 'db2' ], nosql: [ 'mongodb', 'hive' ] },
      web: [ 'json', 'jquery', 'javascript', 'php' ]
    }
  }
]
Type "it" for more
Enterprise db1> db.x.find();
[
  {
    _id: 1,
    ename: 'saleel',
    colors: [ 'blue', 'green' ],
    address: { city: 'baroda', state: 'GJ' }
  },
  {
    _id: 2,
    ename: 'sharmin',
    colors: [ 'blue', 'green', 'pink' ],
    address: { city: 'pune', state: 'MH' },
    phone: [ 1111, 222 ]
  },
  {
    _id: 3,
    ename: 'ruhan',
    colors: [ 'blue', 'green' ],
    address: { city: 'pune', state: 'MH' }
  }
]
Enterprise db1> load('c:/abc/app.js')
true
Enterprise db1> fn1(1,1,1);
MongoServerError: E11000 duplicate key error collection: db1.x index: _id_ dup key: { _id: 1 }
Enterprise db1> fn1(4,1,1);

Enterprise db1> db.x.find();
[
  {
    _id: 1,
    ename: 'saleel',
    colors: [ 'blue', 'green' ],
    address: { city: 'baroda', state: 'GJ' }
  },
  {
    _id: 2,
    ename: 'sharmin',
    colors: [ 'blue', 'green', 'pink' ],
    address: { city: 'pune', state: 'MH' },
    phone: [ 1111, 222 ]
  },
  {
    _id: 3,
    ename: 'ruhan',
    colors: [ 'blue', 'green' ],
    address: { city: 'pune', state: 'MH' }
  },
  { _id: 4, ename: 1, city: 1 }
]
Enterprise db1> load('c:/abc/app.js')
true
Enterprise db1> fn1(5,1,1);
Invalid City

Enterprise db1> fn1(5,1,'pune');
Invalid City

Enterprise db1> fn1(5,1,'baroda');

Enterprise db1> db.x.find();
[
  {
    _id: 1,
    ename: 'saleel',
    colors: [ 'blue', 'green' ],
    address: { city: 'baroda', state: 'GJ' }
  },
  {
    _id: 2,
    ename: 'sharmin',
    colors: [ 'blue', 'green', 'pink' ],
    address: { city: 'pune', state: 'MH' },
    phone: [ 1111, 222 ]
  },
  {
    _id: 3,
    ename: 'ruhan',
    colors: [ 'blue', 'green' ],
    address: { city: 'pune', state: 'MH' }
  },
  { _id: 4, ename: 1, city: 1 },
  { _id: 5, ename: 1, city: 'baroda' }
]
Enterprise db1> db.x.updateOne({_id:1}, {$set:{sal:4000}})
{
  acknowledged: true,
  insertedId: null,
  matchedCount: 1,
  modifiedCount: 1,
  upsertedCount: 0
}
Enterprise db1> db.x.find();
[
  {
    _id: 1,
    ename: 'saleel',
    colors: [ 'blue', 'green' ],
    address: { city: 'baroda', state: 'GJ' },
    sal: 4000
  },
  {
    _id: 2,
    ename: 'sharmin',
    colors: [ 'blue', 'green', 'pink' ],
    address: { city: 'pune', state: 'MH' },
    phone: [ 1111, 222 ]
  },
  {
    _id: 3,
    ename: 'ruhan',
    colors: [ 'blue', 'green' ],
    address: { city: 'pune', state: 'MH' }
  },
  { _id: 4, ename: 1, city: 1 },
  { _id: 5, ename: 1, city: 'baroda' }
]
Enterprise db1> db.x.updateOne({_id:1}, {$inc:{sal:1000}})
{
  acknowledged: true,
  insertedId: null,
  matchedCount: 1,
  modifiedCount: 1,
  upsertedCount: 0
}
Enterprise db1> db.x.find();
[
  {
    _id: 1,
    ename: 'saleel',
    colors: [ 'blue', 'green' ],
    address: { city: 'baroda', state: 'GJ' },
    sal: 5000
  },
  {
    _id: 2,
    ename: 'sharmin',
    colors: [ 'blue', 'green', 'pink' ],
    address: { city: 'pune', state: 'MH' },
    phone: [ 1111, 222 ]
  },
  {
    _id: 3,
    ename: 'ruhan',
    colors: [ 'blue', 'green' ],
    address: { city: 'pune', state: 'MH' }
  },
  { _id: 4, ename: 1, city: 1 },
  { _id: 5, ename: 1, city: 'baroda' }
]
Enterprise db1> db.x.updateOne({_id:1}, {$inc:{sal:-1000}})
{
  acknowledged: true,
  insertedId: null,
  matchedCount: 1,
  modifiedCount: 1,
  upsertedCount: 0
}
Enterprise db1> db.x.find();
[
  {
    _id: 1,
    ename: 'saleel',
    colors: [ 'blue', 'green' ],
    address: { city: 'baroda', state: 'GJ' },
    sal: 4000
  },
  {
    _id: 2,
    ename: 'sharmin',
    colors: [ 'blue', 'green', 'pink' ],
    address: { city: 'pune', state: 'MH' },
    phone: [ 1111, 222 ]
  },
  {
    _id: 3,
    ename: 'ruhan',
    colors: [ 'blue', 'green' ],
    address: { city: 'pune', state: 'MH' }
  },
  { _id: 4, ename: 1, city: 1 },
  { _id: 5, ename: 1, city: 'baroda' }
]
Enterprise db1> db.x.updateOne({_id:1}, {$rename:{sal:'Salary'}})
{
  acknowledged: true,
  insertedId: null,
  matchedCount: 1,
  modifiedCount: 1,
  upsertedCount: 0
}
Enterprise db1> db.x.find();
[
  {
    _id: 1,
    ename: 'saleel',
    colors: [ 'blue', 'green' ],
    address: { city: 'baroda', state: 'GJ' },
    Salary: 4000
  },
  {
    _id: 2,
    ename: 'sharmin',
    colors: [ 'blue', 'green', 'pink' ],
    address: { city: 'pune', state: 'MH' },
    phone: [ 1111, 222 ]
  },
  {
    _id: 3,
    ename: 'ruhan',
    colors: [ 'blue', 'green' ],
    address: { city: 'pune', state: 'MH' }
  },
  { _id: 4, ename: 1, city: 1 },
  { _id: 5, ename: 1, city: 'baroda' }
]
Enterprise db1> db.x.updateOne({_id:1}, {$unset:{Salary:false}})
{
  acknowledged: true,
  insertedId: null,
  matchedCount: 1,
  modifiedCount: 1,
  upsertedCount: 0
}
Enterprise db1> db.x.find();
[
  {
    _id: 1,
    ename: 'saleel',
    colors: [ 'blue', 'green' ],
    address: { city: 'baroda', state: 'GJ' }
  },
  {
    _id: 2,
    ename: 'sharmin',
    colors: [ 'blue', 'green', 'pink' ],
    address: { city: 'pune', state: 'MH' },
    phone: [ 1111, 222 ]
  },
  {
    _id: 3,
    ename: 'ruhan',
    colors: [ 'blue', 'green' ],
    address: { city: 'pune', state: 'MH' }
  },
  { _id: 4, ename: 1, city: 1 },
  { _id: 5, ename: 1, city: 'baroda' }
]
Enterprise db1> db.x.r
db.x.renameCollection  db.x.replaceOne        db.x.runCommand

Enterprise db1> db.x.deleteOne({_id:5})
{ acknowledged: true, deletedCount: 1 }
Enterprise db1> db.x.deleteOne({_id:4})
{ acknowledged: true, deletedCount: 1 }
Enterprise db1> db.x.find();
[
  {
    _id: 1,
    ename: 'saleel',
    colors: [ 'blue', 'green' ],
    address: { city: 'baroda', state: 'GJ' }
  },
  {
    _id: 2,
    ename: 'sharmin',
    colors: [ 'blue', 'green', 'pink' ],
    address: { city: 'pune', state: 'MH' },
    phone: [ 1111, 222 ]
  },
  {
    _id: 3,
    ename: 'ruhan',
    colors: [ 'blue', 'green' ],
    address: { city: 'pune', state: 'MH' }
  }
]
Enterprise db1> db.x.updateOne({_id:3}, {$set:{sal:5000}})
{
  acknowledged: true,
  insertedId: null,
  matchedCount: 1,
  modifiedCount: 1,
  upsertedCount: 0
}
Enterprise db1> db.x.find();
[
  {
    _id: 1,
    ename: 'saleel',
    colors: [ 'blue', 'green' ],
    address: { city: 'baroda', state: 'GJ' }
  },
  {
    _id: 2,
    ename: 'sharmin',
    colors: [ 'blue', 'green', 'pink' ],
    address: { city: 'pune', state: 'MH' },
    phone: [ 1111, 222 ]
  },
  {
    _id: 3,
    ename: 'ruhan',
    colors: [ 'blue', 'green' ],
    address: { city: 'pune', state: 'MH' },
    sal: 5000
  }
]
Enterprise db1> db.x.updateOne({_id:3}, {$max:{sal:6000}})
{
  acknowledged: true,
  insertedId: null,
  matchedCount: 1,
  modifiedCount: 1,
  upsertedCount: 0
}
Enterprise db1> db.x.find();
[
  {
    _id: 1,
    ename: 'saleel',
    colors: [ 'blue', 'green' ],
    address: { city: 'baroda', state: 'GJ' }
  },
  {
    _id: 2,
    ename: 'sharmin',
    colors: [ 'blue', 'green', 'pink' ],
    address: { city: 'pune', state: 'MH' },
    phone: [ 1111, 222 ]
  },
  {
    _id: 3,
    ename: 'ruhan',
    colors: [ 'blue', 'green' ],
    address: { city: 'pune', state: 'MH' },
    sal: 6000
  }
]
Enterprise db1> db.x.updateOne({_id:3}, {$max:{sal:5000}})
{
  acknowledged: true,
  insertedId: null,
  matchedCount: 1,
  modifiedCount: 0,
  upsertedCount: 0
}
Enterprise db1> db.x.updateOne({_id:3}, {$max:{sal:7000}})
{
  acknowledged: true,
  insertedId: null,
  matchedCount: 1,
  modifiedCount: 1,
  upsertedCount: 0
}
Enterprise db1> db.x.find();
[
  {
    _id: 1,
    ename: 'saleel',
    colors: [ 'blue', 'green' ],
    address: { city: 'baroda', state: 'GJ' }
  },
  {
    _id: 2,
    ename: 'sharmin',
    colors: [ 'blue', 'green', 'pink' ],
    address: { city: 'pune', state: 'MH' },
    phone: [ 1111, 222 ]
  },
  {
    _id: 3,
    ename: 'ruhan',
    colors: [ 'blue', 'green' ],
    address: { city: 'pune', state: 'MH' },
    sal: 7000
  }
]
Enterprise db1> db.x.updateOne({_id:3}, {$min:{sal:5000}})
{
  acknowledged: true,
  insertedId: null,
  matchedCount: 1,
  modifiedCount: 1,
  upsertedCount: 0
}
Enterprise db1> db.x.find();
[
  {
    _id: 1,
    ename: 'saleel',
    colors: [ 'blue', 'green' ],
    address: { city: 'baroda', state: 'GJ' }
  },
  {
    _id: 2,
    ename: 'sharmin',
    colors: [ 'blue', 'green', 'pink' ],
    address: { city: 'pune', state: 'MH' },
    phone: [ 1111, 222 ]
  },
  {
    _id: 3,
    ename: 'ruhan',
    colors: [ 'blue', 'green' ],
    address: { city: 'pune', state: 'MH' },
    sal: 5000
  }
]
Enterprise db1> db.emp.findOne();
{
  _id: ObjectId("67d27818893a488152e4d672"),
  empid: 1026,
  ename: 'blake',
  address: {
    building: '7114',
    coord: [ -73.9068506, 40.6199034 ],
    street: 'Avenue U',
    zipcode: '11234'
  },
  isDocActive: false,
  gender: 'male',
  canVote: true,
  canDrive: true,
  color: [ 'Brass', 'Bright Green' ],
  fruit: [],
  cards: [
    { aadhar: { 'aadhar-No': '12321', isActive: true } },
    { PAN: { 'PAN-No': 'Kinj093', isActive: false } },
    { voter: { voterID: 'Ind03o3', isActive: true } },
    {
      licence: {
        'licence-No': 'LMV9478',
        issueDate: '2020-01-01',
        expireDate: '2040-01-01',
        isActive: true
      }
    }
  ],
  job: 'clerk',
  mgr: 1024,
  hiredate: ISODate("1981-12-03T00:00:00.000Z"),
  sal: 3000,
  comm: null,
  deptno: 30
}
Enterprise db1> db.x.findOne();
{
  _id: 1,
  ename: 'saleel',
  colors: [ 'blue', 'green' ],
  address: { city: 'baroda', state: 'GJ' }
}
Enterprise db1> db.x.findOne({},{_id:0});
{
  ename: 'saleel',
  colors: [ 'blue', 'green' ],
  address: { city: 'baroda', state: 'GJ' }
}
Enterprise db1> db.x.updateOne({_id:3}, {$push:{colors:'yellow'}});
{
  acknowledged: true,
  insertedId: null,
  matchedCount: 1,
  modifiedCount: 1,
  upsertedCount: 0
}
Enterprise db1> db.x.findOne({},{_id:0});
{
  ename: 'saleel',
  colors: [ 'blue', 'green' ],
  address: { city: 'baroda', state: 'GJ' }
}
Enterprise db1> db.x.find();
[
  {
    _id: 1,
    ename: 'saleel',
    colors: [ 'blue', 'green' ],
    address: { city: 'baroda', state: 'GJ' }
  },
  {
    _id: 2,
    ename: 'sharmin',
    colors: [ 'blue', 'green', 'pink' ],
    address: { city: 'pune', state: 'MH' },
    phone: [ 1111, 222 ]
  },
  {
    _id: 3,
    ename: 'ruhan',
    colors: [ 'blue', 'green', 'yellow' ],
    address: { city: 'pune', state: 'MH' },
    sal: 5000
  }
]
Enterprise db1> db.x.updateOne({_id:3}, {$push:{colors:'red'}});
{
  acknowledged: true,
  insertedId: null,
  matchedCount: 1,
  modifiedCount: 1,
  upsertedCount: 0
}
Enterprise db1> db.x.find();
[
  {
    _id: 1,
    ename: 'saleel',
    colors: [ 'blue', 'green' ],
    address: { city: 'baroda', state: 'GJ' }
  },
  {
    _id: 2,
    ename: 'sharmin',
    colors: [ 'blue', 'green', 'pink' ],
    address: { city: 'pune', state: 'MH' },
    phone: [ 1111, 222 ]
  },
  {
    _id: 3,
    ename: 'ruhan',
    colors: [ 'blue', 'green', 'yellow', 'red' ],
    address: { city: 'pune', state: 'MH' },
    sal: 5000
  }
]
Enterprise db1> db.x.updateOne({_id:3}, {$pop:{colors: 1}});
{
  acknowledged: true,
  insertedId: null,
  matchedCount: 1,
  modifiedCount: 1,
  upsertedCount: 0
}
Enterprise db1> db.x.find();
[
  {
    _id: 1,
    ename: 'saleel',
    colors: [ 'blue', 'green' ],
    address: { city: 'baroda', state: 'GJ' }
  },
  {
    _id: 2,
    ename: 'sharmin',
    colors: [ 'blue', 'green', 'pink' ],
    address: { city: 'pune', state: 'MH' },
    phone: [ 1111, 222 ]
  },
  {
    _id: 3,
    ename: 'ruhan',
    colors: [ 'blue', 'green', 'yellow' ],
    address: { city: 'pune', state: 'MH' },
    sal: 5000
  }
]
Enterprise db1> db.x.updateOne({_id:3}, {$pop:{colors: -1}});
{
  acknowledged: true,
  insertedId: null,
  matchedCount: 1,
  modifiedCount: 1,
  upsertedCount: 0
}
Enterprise db1> db.x.find();
[
  {
    _id: 1,
    ename: 'saleel',
    colors: [ 'blue', 'green' ],
    address: { city: 'baroda', state: 'GJ' }
  },
  {
    _id: 2,
    ename: 'sharmin',
    colors: [ 'blue', 'green', 'pink' ],
    address: { city: 'pune', state: 'MH' },
    phone: [ 1111, 222 ]
  },
  {
    _id: 3,
    ename: 'ruhan',
    colors: [ 'green', 'yellow' ],
    address: { city: 'pune', state: 'MH' },
    sal: 5000
  }
]
Enterprise db1> db.x.updateOne({_id:3}, {$push:{colors:{each:['blue', 'pink']}}});
{
  acknowledged: true,
  insertedId: null,
  matchedCount: 1,
  modifiedCount: 1,
  upsertedCount: 0
}
Enterprise db1> db.x.find();
[
  {
    _id: 1,
    ename: 'saleel',
    colors: [ 'blue', 'green' ],
    address: { city: 'baroda', state: 'GJ' }
  },
  {
    _id: 2,
    ename: 'sharmin',
    colors: [ 'blue', 'green', 'pink' ],
    address: { city: 'pune', state: 'MH' },
    phone: [ 1111, 222 ]
  },
  {
    _id: 3,
    ename: 'ruhan',
    colors: [ 'green', 'yellow', { each: [ 'blue', 'pink' ] } ],
    address: { city: 'pune', state: 'MH' },
    sal: 5000
  }
]
Enterprise db1> db.x.find();
[
  {
    _id: 1,
    ename: 'saleel',
    colors: [ 'blue', 'green' ],
    address: { city: 'baroda', state: 'GJ' }
  },
  {
    _id: 2,
    ename: 'sharmin',
    colors: [ 'blue', 'green', 'pink' ],
    address: { city: 'pune', state: 'MH' },
    phone: [ 1111, 222 ]
  },
  {
    _id: 3,
    ename: 'ruhan',
    colors: [ 'green', 'yellow', { each: [ 'blue', 'pink' ] } ],
    address: { city: 'pune', state: 'MH' },
    sal: 5000
  }
]
Enterprise db1> db.x.find();
[
  {
    _id: 1,
    ename: 'saleel',
    colors: [ 'blue', 'green' ],
    address: { city: 'baroda', state: 'GJ' }
  },
  {
    _id: 2,
    ename: 'sharmin',
    colors: [ 'blue', 'green', 'pink' ],
    address: { city: 'pune', state: 'MH' },
    phone: [ 1111, 222 ]
  },
  {
    _id: 3,
    ename: 'ruhan',
    colors: [ 'green', 'yellow', { each: [ 'blue', 'pink' ] } ],
    address: { city: 'pune', state: 'MH' },
    sal: 5000
  }
]
Enterprise db1> db.x.updateOne({_id:3}, {$pop:{colors: -1}});
{
  acknowledged: true,
  insertedId: null,
  matchedCount: 1,
  modifiedCount: 1,
  upsertedCount: 0
}
Enterprise db1> db.x.find();
[
  {
    _id: 1,
    ename: 'saleel',
    colors: [ 'blue', 'green' ],
    address: { city: 'baroda', state: 'GJ' }
  },
  {
    _id: 2,
    ename: 'sharmin',
    colors: [ 'blue', 'green', 'pink' ],
    address: { city: 'pune', state: 'MH' },
    phone: [ 1111, 222 ]
  },
  {
    _id: 3,
    ename: 'ruhan',
    colors: [ 'yellow', { each: [ 'blue', 'pink' ] } ],
    address: { city: 'pune', state: 'MH' },
    sal: 5000
  }
]
Enterprise db1> db.x.updateOne({_id:3}, {$set: {colors:['red', 'blue']}}, $unset:{colors:true});
Uncaught:
SyntaxError: Unexpected token, expected "," (1:64)

> 1 | db.x.updateOne({_id:3}, {$set: {colors:['red', 'blue']}}, $unset:{colors:true});
    |                                                                 ^
  2 |

Enterprise db1> db.x.updateOne({_id:3}, {$set: {colors:['red', 'blue']}}, {$unset:}{colors:true});
Uncaught:
SyntaxError: Unexpected token (1:66)

> 1 | db.x.updateOne({_id:3}, {$set: {colors:['red', 'blue']}}, {$unset:}{colors:true});
    |                                                                   ^
  2 |

Enterprise db1> db.x.updateOne({_id:3}, {$set: {colors:['red', 'blue']}}, {$unset:{colors:true}});
{
  acknowledged: true,
  insertedId: null,
  matchedCount: 1,
  modifiedCount: 1,
  upsertedCount: 0
}
Enterprise db1> db.x.find();
[
  {
    _id: 1,
    ename: 'saleel',
    colors: [ 'blue', 'green' ],
    address: { city: 'baroda', state: 'GJ' }
  },
  {
    _id: 2,
    ename: 'sharmin',
    colors: [ 'blue', 'green', 'pink' ],
    address: { city: 'pune', state: 'MH' },
    phone: [ 1111, 222 ]
  },
  {
    _id: 3,
    ename: 'ruhan',
    colors: [ 'red', 'blue' ],
    address: { city: 'pune', state: 'MH' },
    sal: 5000
  }
]
Enterprise db1> db.x.updateOne({_id:3}, {$push:{colors:{$each:['blue', 'pink']}}});
{
  acknowledged: true,
  insertedId: null,
  matchedCount: 1,
  modifiedCount: 1,
  upsertedCount: 0
}
Enterprise db1> db.x.find();
[
  {
    _id: 1,
    ename: 'saleel',
    colors: [ 'blue', 'green' ],
    address: { city: 'baroda', state: 'GJ' }
  },
  {
    _id: 2,
    ename: 'sharmin',
    colors: [ 'blue', 'green', 'pink' ],
    address: { city: 'pune', state: 'MH' },
    phone: [ 1111, 222 ]
  },
  {
    _id: 3,
    ename: 'ruhan',
    colors: [ 'red', 'blue', 'blue', 'pink' ],
    address: { city: 'pune', state: 'MH' },
    sal: 5000
  }
]
Enterprise db1> db.x.updateOne({_id:3}, {$push:{colors:{$each:['yellow'], $position:0}}});
{
  acknowledged: true,
  insertedId: null,
  matchedCount: 1,
  modifiedCount: 1,
  upsertedCount: 0
}
Enterprise db1> db.x.find();
[
  {
    _id: 1,
    ename: 'saleel',
    colors: [ 'blue', 'green' ],
    address: { city: 'baroda', state: 'GJ' }
  },
  {
    _id: 2,
    ename: 'sharmin',
    colors: [ 'blue', 'green', 'pink' ],
    address: { city: 'pune', state: 'MH' },
    phone: [ 1111, 222 ]
  },
  {
    _id: 3,
    ename: 'ruhan',
    colors: [ 'yellow', 'red', 'blue', 'blue', 'pink' ],
    address: { city: 'pune', state: 'MH' },
    sal: 5000
  }
]
Enterprise db1> db.x.updateOne({_id:3}, {$push:{colors:{$each:['yellow'], $position:0}}});    